["D:\\a\\Atlantic-Software\\Atlantic-Software\\GymSoft_Comercial_3.6.0\\.venv\\Scripts\\python.exe", "-m", "PyInstaller", "--noconfirm", "--clean", "--windowed", "--onedir", "--name", "GymSoftControl", "--icon", "D:\\a\\Atlantic-Software\\Atlantic-Software\\GymSoft_Comercial_3.6.0\\icono.ico", "--version-file", "D:\\a\\Atlantic-Software\\Atlantic-Software\\GymSoft_Comercial_3.6.0\\salida\\validacion\\paquete-tecnico\\ejecuciones\\20261009T225044Z-2856\\build\\GymSoftControl_version.txt", "--paths", "D:\\a\\Atlantic-Software\\Atlantic-Software\\GymSoft_Comercial_3.6.0", "--workpath", "D:\\a\\Atlantic-Software\\Atlantic-Software\\GymSoft_Comercial_3.6.0\\salida\\validacion\\paquete-tecnico\\ejecuciones\\20261009T225044Z-2856\\build\\work", "--specpath", "D:\\a\\Atlantic-Software\\Atlantic-Software\\GymSoft_Comercial_3.6.0\\salida\\validacion\\paquete-tecnico\\ejecuciones\\20261009T225044Z-2856\\build\\spec", "--distpath", "D:\\a\\Atlantic-Software\\Atlantic-Software\\GymSoft_Comercial_3.6.0\\salida\\validacion\\paquete-tecnico\\ejecuciones\\20261009T225044Z-2856\\dist", "--add-data", "D:\\a\\Atlantic-Software\\Atlantic-Software\\GymSoft_Comercial_3.6.0\\gymsoft_config.json;.", "--add-data", "D:\\a\\Atlantic-Software\\Atlantic-Software\\GymSoft_Comercial_3.6.0\\icono.ico;.", "--add-data", "D:\\a\\Atlantic-Software\\Atlantic-Software\\GymSoft_Comercial_3.6.0\\icono_recepcion.ico;.", "--hidden-import", "PIL._tkinter_finder", "--collect-all", "supabase", "--collect-all", "realtime", "--collect-all", "postgrest", "--collect-all", "supabase_auth", "--collect-all", "tzdata", "D:\\a\\Atlantic-Software\\Atlantic-Software\\GymSoft_Comercial_3.6.0\\owner_panel.py"]
115 INFO: PyInstaller: 6.22.2, contrib hooks: 2026.8
115 INFO: Python: 3.14.8
133 INFO: Platform: Windows-2022Server-10.0.20348-SP0
133 INFO: Python environment: D:\a\Atlantic-Software\Atlantic-Software\GymSoft_Comercial_3.6.0\.venv
134 INFO: wrote D:\a\Atlantic-Software\Atlantic-Software\GymSoft_Comercial_3.6.0\salida\validacion\paquete-tecnico\ejecuciones\20261009T225044Z-2856\build\spec\GymSoftControl.spec
136 INFO: Removing temporary files and cleaning cache in D:\a\Atlantic-Software\Atlantic-Software\GymSoft_Comercial_3.6.0\salida\validacion\paquete-tecnico\ejecuciones\20261009T225044Z-2856\cache-pyinstaller\pyinstaller
3010 INFO: Module search paths (PYTHONPATH):
['D:\\a\\Atlantic-Software\\Atlantic-Software\\GymSoft_Comercial_3.6.0',
 'C:\\hostedtoolcache\\windows\\Python\\3.14.8\\x64\\python314.zip',
 'C:\\hostedtoolcache\\windows\\Python\\3.14.8\\x64\\DLLs',
 'C:\\hostedtoolcache\\windows\\Python\\3.14.8\\x64\\Lib',
 'C:\\hostedtoolcache\\windows\\Python\\3.14.8\\x64',
 'D:\\a\\Atlantic-Software\\Atlantic-Software\\GymSoft_Comercial_3.6.0\\.venv',
 'D:\\a\\Atlantic-Software\\Atlantic-Software\\GymSoft_Comercial_3.6.0\\.venv\\Lib\\site-packages',
 'D:\\a\\Atlantic-Software\\Atlantic-Software\\GymSoft_Comercial_3.6.0']
3246 INFO: Appending 'datas' from .spec
3274 INFO: checking Analysis
3275 INFO: Building Analysis because Analysis-00.toc is non existent
3275 INFO: Looking for Python shared library...
3275 INFO: Using Python shared library: C:\hostedtoolcache\windows\Python\3.14.8\x64\python314.dll
3275 INFO: Running Analysis Analysis-00.toc
3275 INFO: Target bytecode optimization level: 0
3275 INFO: Initializing module dependency graph...
3276 INFO: Initializing module graph hook caches...
3289 INFO: Analyzing modules for base_library.zip ...
4863 INFO: Processing standard module hook 'hook-encodings.py' from 'D:\\a\\Atlantic-Software\\Atlantic-Software\\GymSoft_Comercial_3.6.0\\.venv\\Lib\\site-packages\\PyInstaller\\hooks'
5342 INFO: Processing standard module hook 'hook-pickle.py' from 'D:\\a\\Atlantic-Software\\Atlantic-Software\\GymSoft_Comercial_3.6.0\\.venv\\Lib\\site-packages\\PyInstaller\\hooks'
5620 INFO: Processing standard module hook 'hook-math.py' from 'D:\\a\\Atlantic-Software\\Atlantic-Software\\GymSoft_Comercial_3.6.0\\.venv\\Lib\\site-packages\\PyInstaller\\hooks'
5777 INFO: Processing standard module hook 'hook-difflib.py' from 'D:\\a\\Atlantic-Software\\Atlantic-Software\\GymSoft_Comercial_3.6.0\\.venv\\Lib\\site-packages\\PyInstaller\\hooks'
5793 INFO: Processing standard module hook 'hook-heapq.py' from 'D:\\a\\Atlantic-Software\\Atlantic-Software\\GymSoft_Comercial_3.6.0\\.venv\\Lib\\site-packages\\PyInstaller\\hooks'
8838 INFO: Caching module dependency graph...
8882 INFO: Analyzing D:\a\Atlantic-Software\Atlantic-Software\GymSoft_Comercial_3.6.0\owner_panel.py
9051 INFO: Processing standard module hook 'hook-sysconfig.py' from 'D:\\a\\Atlantic-Software\\Atlantic-Software\\GymSoft_Comercial_3.6.0\\.venv\\Lib\\site-packages\\PyInstaller\\hooks'
9056 INFO: Processing standard module hook 'hook-_ctypes.py' from 'D:\\a\\Atlantic-Software\\Atlantic-Software\\GymSoft_Comercial_3.6.0\\.venv\\Lib\\site-packages\\PyInstaller\\hooks'
9060 INFO: Processing pre-find-module-path hook 'hook-tkinter.py' from 'D:\\a\\Atlantic-Software\\Atlantic-Software\\GymSoft_Comercial_3.6.0\\.venv\\Lib\\site-packages\\PyInstaller\\hooks\\pre_find_module_path'
9061 INFO: TclTkInfo: initializing cached Tcl/Tk info...
9404 INFO: Processing standard module hook 'hook-_tkinter.py' from 'D:\\a\\Atlantic-Software\\Atlantic-Software\\GymSoft_Comercial_3.6.0\\.venv\\Lib\\site-packages\\PyInstaller\\hooks'
9560 INFO: Processing standard module hook 'hook-PIL.py' from 'D:\\a\\Atlantic-Software\\Atlantic-Software\\GymSoft_Comercial_3.6.0\\.venv\\Lib\\site-packages\\PyInstaller\\hooks'
9712 INFO: Processing standard module hook 'hook-PIL.Image.py' from 'D:\\a\\Atlantic-Software\\Atlantic-Software\\GymSoft_Comercial_3.6.0\\.venv\\Lib\\site-packages\\PyInstaller\\hooks'
10072 INFO: Processing standard module hook 'hook-xml.py' from 'D:\\a\\Atlantic-Software\\Atlantic-Software\\GymSoft_Comercial_3.6.0\\.venv\\Lib\\site-packages\\PyInstaller\\hooks'
10099 INFO: Processing standard module hook 'hook-xml.etree.cElementTree.py' from 'D:\\a\\Atlantic-Software\\Atlantic-Software\\GymSoft_Comercial_3.6.0\\.venv\\Lib\\site-packages\\PyInstaller\\hooks'
10354 INFO: Processing standard module hook 'hook-PIL.ImageFilter.py' from 'D:\\a\\Atlantic-Software\\Atlantic-Software\\GymSoft_Comercial_3.6.0\\.venv\\Lib\\site-packages\\PyInstaller\\hooks'
10911 INFO: Processing standard module hook 'hook-platform.py' from 'D:\\a\\Atlantic-Software\\Atlantic-Software\\GymSoft_Comercial_3.6.0\\.venv\\Lib\\site-packages\\PyInstaller\\hooks'
11300 INFO: Processing standard module hook 'hook-certifi.py' from 'D:\\a\\Atlantic-Software\\Atlantic-Software\\GymSoft_Comercial_3.6.0\\.venv\\Lib\\site-packages\\_pyinstaller_hooks_contrib\\stdhooks'
11542 INFO: Processing standard module hook 'hook-multiprocessing.util.py' from 'D:\\a\\Atlantic-Software\\Atlantic-Software\\GymSoft_Comercial_3.6.0\\.venv\\Lib\\site-packages\\PyInstaller\\hooks'
12581 INFO: Processing standard module hook 'hook-anyio.py' from 'D:\\a\\Atlantic-Software\\Atlantic-Software\\GymSoft_Comercial_3.6.0\\.venv\\Lib\\site-packages\\_pyinstaller_hooks_contrib\\stdhooks'
12927 INFO: Processing pre-safe-import-module hook 'hook-typing_extensions.py' from 'D:\\a\\Atlantic-Software\\Atlantic-Software\\GymSoft_Comercial_3.6.0\\.venv\\Lib\\site-packages\\PyInstaller\\hooks\\pre_safe_import_module'
12927 INFO: SetuptoolsInfo: initializing cached setuptools info...
14799 INFO: Processing pre-safe-import-module hook 'hook-packaging.py' from 'D:\\a\\Atlantic-Software\\Atlantic-Software\\GymSoft_Comercial_3.6.0\\.venv\\Lib\\site-packages\\PyInstaller\\hooks\\pre_safe_import_module'
15088 INFO: Processing standard module hook 'hook-pydantic.py' from 'D:\\a\\Atlantic-Software\\Atlantic-Software\\GymSoft_Comercial_3.6.0\\.venv\\Lib\\site-packages\\_pyinstaller_hooks_contrib\\stdhooks'
16035 INFO: Processing standard module hook 'hook-zoneinfo.py' from 'D:\\a\\Atlantic-Software\\Atlantic-Software\\GymSoft_Comercial_3.6.0\\.venv\\Lib\\site-packages\\_pyinstaller_hooks_contrib\\stdhooks'
17383 INFO: Processing standard module hook 'hook-websockets.py' from 'D:\\a\\Atlantic-Software\\Atlantic-Software\\GymSoft_Comercial_3.6.0\\.venv\\Lib\\site-packages\\_pyinstaller_hooks_contrib\\stdhooks'
18262 INFO: Processing standard module hook 'hook-cryptography.py' from 'D:\\a\\Atlantic-Software\\Atlantic-Software\\GymSoft_Comercial_3.6.0\\.venv\\Lib\\site-packages\\_pyinstaller_hooks_contrib\\stdhooks'
19266 INFO: hook-cryptography: cryptography does not seem to be using dynamically linked OpenSSL.
20396 INFO: Processing standard module hook 'hook-sqlite3.py' from 'D:\\a\\Atlantic-Software\\Atlantic-Software\\GymSoft_Comercial_3.6.0\\.venv\\Lib\\site-packages\\PyInstaller\\hooks'
21054 INFO: Processing standard module hook 'hook-openpyxl.py' from 'D:\\a\\Atlantic-Software\\Atlantic-Software\\GymSoft_Comercial_3.6.0\\.venv\\Lib\\site-packages\\_pyinstaller_hooks_contrib\\stdhooks'
22340 INFO: Processing standard module hook 'hook-webbrowser.py' from 'D:\\a\\Atlantic-Software\\Atlantic-Software\\GymSoft_Comercial_3.6.0\\.venv\\Lib\\site-packages\\PyInstaller\\hooks'
22353 INFO: Analyzing hidden import 'PIL._tkinter_finder'
22354 INFO: Analyzing hidden import 'supabase.client'
22357 INFO: Analyzing hidden import 'tzdata'
22357 INFO: Analyzing hidden import 'tzdata.zoneinfo'
22358 INFO: Analyzing hidden import 'tzdata.zoneinfo.Africa'
22359 INFO: Analyzing hidden import 'tzdata.zoneinfo.America'
22359 INFO: Analyzing hidden import 'tzdata.zoneinfo.America.Argentina'
22360 INFO: Analyzing hidden import 'tzdata.zoneinfo.America.Indiana'
22360 INFO: Analyzing hidden import 'tzdata.zoneinfo.America.Kentucky'
22360 INFO: Analyzing hidden import 'tzdata.zoneinfo.America.North_Dakota'
22361 INFO: Analyzing hidden import 'tzdata.zoneinfo.Antarctica'
22361 INFO: Analyzing hidden import 'tzdata.zoneinfo.Arctic'
22362 INFO: Analyzing hidden import 'tzdata.zoneinfo.Asia'
22362 INFO: Analyzing hidden import 'tzdata.zoneinfo.Atlantic'
22363 INFO: Analyzing hidden import 'tzdata.zoneinfo.Australia'
22363 INFO: Analyzing hidden import 'tzdata.zoneinfo.Brazil'
22363 INFO: Analyzing hidden import 'tzdata.zoneinfo.Canada'
22364 INFO: Analyzing hidden import 'tzdata.zoneinfo.Chile'
22364 INFO: Analyzing hidden import 'tzdata.zoneinfo.Etc'
22365 INFO: Analyzing hidden import 'tzdata.zoneinfo.Europe'
22365 INFO: Analyzing hidden import 'tzdata.zoneinfo.Indian'
22365 INFO: Analyzing hidden import 'tzdata.zoneinfo.Mexico'
22366 INFO: Analyzing hidden import 'tzdata.zoneinfo.Pacific'
22366 INFO: Analyzing hidden import 'tzdata.zoneinfo.US'
22367 INFO: Processing module hooks (post-graph stage)...
22853 INFO: Processing pre-safe-import-module hook 'hook-tomli.py' from 'D:\\a\\Atlantic-Software\\Atlantic-Software\\GymSoft_Comercial_3.6.0\\.venv\\Lib\\site-packages\\PyInstaller\\hooks\\pre_safe_import_module'
22853 INFO: Setuptools: 'tomli' appears to be a setuptools-vendored copy - creating alias to 'setuptools._vendor.tomli'!
22861 INFO: Processing standard module hook 'hook-setuptools.py' from 'D:\\a\\Atlantic-Software\\Atlantic-Software\\GymSoft_Comercial_3.6.0\\.venv\\Lib\\site-packages\\PyInstaller\\hooks'
22880 INFO: Processing pre-safe-import-module hook 'hook-distutils.py' from 'D:\\a\\Atlantic-Software\\Atlantic-Software\\GymSoft_Comercial_3.6.0\\.venv\\Lib\\site-packages\\PyInstaller\\hooks\\pre_safe_import_module'
22917 INFO: Processing pre-safe-import-module hook 'hook-jaraco.py' from 'D:\\a\\Atlantic-Software\\Atlantic-Software\\GymSoft_Comercial_3.6.0\\.venv\\Lib\\site-packages\\PyInstaller\\hooks\\pre_safe_import_module'
22917 INFO: Setuptools: 'jaraco' appears to be a full setuptools-vendored copy - creating alias to 'setuptools._vendor.jaraco'!
22931 INFO: Processing pre-safe-import-module hook 'hook-more_itertools.py' from 'D:\\a\\Atlantic-Software\\Atlantic-Software\\GymSoft_Comercial_3.6.0\\.venv\\Lib\\site-packages\\PyInstaller\\hooks\\pre_safe_import_module'
22932 INFO: Setuptools: 'more_itertools' appears to be a setuptools-vendored copy - creating alias to 'setuptools._vendor.more_itertools'!
23116 INFO: Processing standard module hook 'hook-_osx_support.py' from 'D:\\a\\Atlantic-Software\\Atlantic-Software\\GymSoft_Comercial_3.6.0\\.venv\\Lib\\site-packages\\PyInstaller\\hooks'
23471 INFO: Processing standard module hook 'hook-setuptools._vendor.jaraco.text.py' from 'D:\\a\\Atlantic-Software\\Atlantic-Software\\GymSoft_Comercial_3.6.0\\.venv\\Lib\\site-packages\\PyInstaller\\hooks'
23472 INFO: Processing pre-safe-import-module hook 'hook-importlib_resources.py' from 'D:\\a\\Atlantic-Software\\Atlantic-Software\\GymSoft_Comercial_3.6.0\\.venv\\Lib\\site-packages\\PyInstaller\\hooks\\pre_safe_import_module'
23483 INFO: Processing pre-safe-import-module hook 'hook-backports.py' from 'D:\\a\\Atlantic-Software\\Atlantic-Software\\GymSoft_Comercial_3.6.0\\.venv\\Lib\\site-packages\\PyInstaller\\hooks\\pre_safe_import_module'
23483 INFO: Setuptools: 'backports' appears to be a full setuptools-vendored copy - creating alias to 'setuptools._vendor.backports'!
24786 INFO: Processing pre-safe-import-module hook 'hook-wheel.py' from 'D:\\a\\Atlantic-Software\\Atlantic-Software\\GymSoft_Comercial_3.6.0\\.venv\\Lib\\site-packages\\PyInstaller\\hooks\\pre_safe_import_module'
24786 INFO: Setuptools: 'wheel' appears to be a setuptools-vendored copy - creating alias to 'setuptools._vendor.wheel'!
24957 INFO: Processing standard module hook 'hook-tzdata.py' from 'D:\\a\\Atlantic-Software\\Atlantic-Software\\GymSoft_Comercial_3.6.0\\.venv\\Lib\\site-packages\\_pyinstaller_hooks_contrib\\stdhooks'
25992 INFO: Processing standard module hook 'hook-PIL.SpiderImagePlugin.py' from 'D:\\a\\Atlantic-Software\\Atlantic-Software\\GymSoft_Comercial_3.6.0\\.venv\\Lib\\site-packages\\PyInstaller\\hooks'
26896 INFO: Processing standard module hook 'hook-_tkinter.py' from 'D:\\a\\Atlantic-Software\\Atlantic-Software\\GymSoft_Comercial_3.6.0\\.venv\\Lib\\site-packages\\PyInstaller\\hooks'
26916 INFO: Performing binary vs. data reclassification (739 entries)
26957 INFO: Looking for ctypes DLLs
27087 INFO: Analyzing run-time hooks ...
27092 INFO: Including run-time hook 'pyi_rth_pkgutil.py' from 'D:\\a\\Atlantic-Software\\Atlantic-Software\\GymSoft_Comercial_3.6.0\\.venv\\Lib\\site-packages\\PyInstaller\\hooks\\rthooks'
27095 INFO: Including run-time hook 'pyi_rth_multiprocessing.py' from 'D:\\a\\Atlantic-Software\\Atlantic-Software\\GymSoft_Comercial_3.6.0\\.venv\\Lib\\site-packages\\PyInstaller\\hooks\\rthooks'
27097 INFO: Including run-time hook 'pyi_rth_inspect.py' from 'D:\\a\\Atlantic-Software\\Atlantic-Software\\GymSoft_Comercial_3.6.0\\.venv\\Lib\\site-packages\\PyInstaller\\hooks\\rthooks'
27100 INFO: Including run-time hook 'pyi_rth_setuptools.py' from 'D:\\a\\Atlantic-Software\\Atlantic-Software\\GymSoft_Comercial_3.6.0\\.venv\\Lib\\site-packages\\PyInstaller\\hooks\\rthooks'
27102 INFO: Including run-time hook 'pyi_rth_cryptography_openssl.py' from 'D:\\a\\Atlantic-Software\\Atlantic-Software\\GymSoft_Comercial_3.6.0\\.venv\\Lib\\site-packages\\_pyinstaller_hooks_contrib\\rthooks'
27103 INFO: Including run-time hook 'pyi_rth__tkinter.py' from 'D:\\a\\Atlantic-Software\\Atlantic-Software\\GymSoft_Comercial_3.6.0\\.venv\\Lib\\site-packages\\PyInstaller\\hooks\\rthooks'
27132 INFO: Creating base_library.zip...
27152 INFO: Looking for dynamic libraries
28007 INFO: Extra DLL search directories (AddDllDirectory): []
28007 INFO: Extra DLL search directories (PATH): []
28695 INFO: Warnings written to D:\a\Atlantic-Software\Atlantic-Software\GymSoft_Comercial_3.6.0\salida\validacion\paquete-tecnico\ejecuciones\20261009T225044Z-2856\build\work\GymSoftControl\warn-GymSoftControl.txt
28800 INFO: Graph cross-reference written to D:\a\Atlantic-Software\Atlantic-Software\GymSoft_Comercial_3.6.0\salida\validacion\paquete-tecnico\ejecuciones\20261009T225044Z-2856\build\work\GymSoftControl\xref-GymSoftControl.html
28867 INFO: checking PYZ
28867 INFO: Building PYZ because PYZ-00.toc is non existent
28867 INFO: Building PYZ (ZlibArchive) D:\a\Atlantic-Software\Atlantic-Software\GymSoft_Comercial_3.6.0\salida\validacion\paquete-tecnico\ejecuciones\20261009T225044Z-2856\build\work\GymSoftControl\PYZ-00.pyz
29504 INFO: Building PYZ (ZlibArchive) D:\a\Atlantic-Software\Atlantic-Software\GymSoft_Comercial_3.6.0\salida\validacion\paquete-tecnico\ejecuciones\20261009T225044Z-2856\build\work\GymSoftControl\PYZ-00.pyz completed successfully.
29531 INFO: checking PKG
29531 INFO: Building PKG because PKG-00.toc is non existent
29531 INFO: Building PKG (CArchive) GymSoftControl.pkg
29556 INFO: Building PKG (CArchive) GymSoftControl.pkg completed successfully.
29557 INFO: Bootloader D:\a\Atlantic-Software\Atlantic-Software\GymSoft_Comercial_3.6.0\.venv\Lib\site-packages\PyInstaller\bootloader\Windows-64bit-intel\runw.exe
29557 INFO: checking EXE
29557 INFO: Building EXE because EXE-00.toc is non existent
29557 INFO: Building EXE from EXE-00.toc
29557 INFO: Copying bootloader EXE to D:\a\Atlantic-Software\Atlantic-Software\GymSoft_Comercial_3.6.0\salida\validacion\paquete-tecnico\ejecuciones\20261009T225044Z-2856\build\work\GymSoftControl\GymSoftControl.exe
29559 INFO: Copying icon to EXE
29561 INFO: Copying version information to EXE
29564 INFO: Copying 0 resources to EXE
29564 INFO: Embedding manifest in EXE
29565 INFO: Appending PKG archive to EXE
29570 INFO: Fixing EXE headers
29653 INFO: Building EXE from EXE-00.toc completed successfully.
29660 INFO: checking COLLECT
29660 INFO: Building COLLECT because COLLECT-00.toc is non existent
29660 INFO: Building COLLECT COLLECT-00.toc
30029 INFO: Building COLLECT COLLECT-00.toc completed successfully.
30047 INFO: Build complete! The results are available in: D:\a\Atlantic-Software\Atlantic-Software\GymSoft_Comercial_3.6.0\salida\validacion\paquete-tecnico\ejecuciones\20261009T225044Z-2856\dist
