2026-10-09 22:26:59.498   Log opened. (Time zone: UTC+00:00)
2026-10-09 22:26:59.498   Setup version: Inno Setup version 6.7.1
2026-10-09 22:26:59.498   Original Setup EXE: D:\a\Atlantic-Software\Atlantic-Software\GymSoft_ZTATTUZ_3.6.1_x64\salida\validacion\paquete-tecnico\ejecuciones\20261009T221832Z-2516\instaladores\VALIDACION_NO_FINAL_ZTATTUZ_Instalar_o_Actualizar_3.6.1_x64.exe
2026-10-09 22:26:59.498   Setup command line: /SL5="$1A0288,175629374,936448,D:\a\Atlantic-Software\Atlantic-Software\GymSoft_ZTATTUZ_3.6.1_x64\salida\validacion\paquete-tecnico\ejecuciones\20261009T221832Z-2516\instaladores\VALIDACION_NO_FINAL_ZTATTUZ_Instalar_o_Actualizar_3.6.1_x64.exe" /VERYSILENT /SUPPRESSMSGBOXES /NORESTART /LOG=D:\a\Atlantic-Software\Atlantic-Software\GymSoft_ZTATTUZ_3.6.1_x64\salida\validacion\instalacion-tecnica\ejecuciones\20261009T222614Z-1480\actualizar-completo.log
2026-10-09 22:26:59.498   Windows version: 10.0.20348
2026-10-09 22:26:59.498   Windows architecture: x64 (64-bit)
2026-10-09 22:26:59.498   Machine types supported by system: x86 x64
2026-10-09 22:26:59.498   User privileges: Administrative
2026-10-09 22:26:59.498   Administrative install mode: No
2026-10-09 22:26:59.498   Install mode root key: HKEY_CURRENT_USER
2026-10-09 22:26:59.498   64-bit install mode: Yes
2026-10-09 22:26:59.498   RedirectionGuard status for current process: Enabled in enforcing mode
2026-10-09 22:26:59.498   Created protected temporary directory: C:\Users\RUNNER~1\AppData\Local\Temp\is-OQUYMUUAIU.tmp
2026-10-09 22:26:59.561   Found 4 files to register with RestartManager.
2026-10-09 22:26:59.561   Calling RestartManager's RmGetList.
2026-10-09 22:26:59.561   RmGetList finished successfully.
2026-10-09 22:26:59.561   RestartManager found no applications using one of our files.
2026-10-09 22:26:59.576   Starting the installation process.
2026-10-09 22:26:59.576   -- File entry --
2026-10-09 22:26:59.576   Dest filename: C:\Users\RUNNER~1\AppData\Local\Temp\is-OQUYMUUAIU.tmp\DigitalPersonaRuntime\.gitignore
2026-10-09 22:26:59.576   Time stamp of our file: 2026-10-09 22:17:24.000
2026-10-09 22:26:59.576   Installing the file.
2026-10-09 22:26:59.576   Creating directory: C:\Users\RUNNER~1\AppData\Local\Temp\is-OQUYMUUAIU.tmp\DigitalPersonaRuntime
2026-10-09 22:26:59.576   Successfully installed the file.
2026-10-09 22:26:59.576   -- File entry --
2026-10-09 22:26:59.576   Dest filename: C:\Users\RUNNER~1\AppData\Local\Temp\is-OQUYMUUAIU.tmp\DigitalPersonaRuntime\0x0409.ini
2026-10-09 22:26:59.576   Time stamp of our file: 2026-10-09 22:18:30.000
2026-10-09 22:26:59.576   Installing the file.
2026-10-09 22:26:59.576   Successfully installed the file.
2026-10-09 22:26:59.576   -- File entry --
2026-10-09 22:26:59.576   Dest filename: C:\Users\RUNNER~1\AppData\Local\Temp\is-OQUYMUUAIU.tmp\DigitalPersonaRuntime\Data1.cab
2026-10-09 22:26:59.576   Time stamp of our file: 2026-10-09 22:18:30.000
2026-10-09 22:26:59.576   Installing the file.
2026-10-09 22:26:59.842   Successfully installed the file.
2026-10-09 22:26:59.842   -- File entry --
2026-10-09 22:26:59.842   Dest filename: C:\Users\RUNNER~1\AppData\Local\Temp\is-OQUYMUUAIU.tmp\DigitalPersonaRuntime\InstallOnly.bat
2026-10-09 22:26:59.842   Time stamp of our file: 2026-10-09 22:18:30.000
2026-10-09 22:26:59.842   Installing the file.
2026-10-09 22:26:59.842   Successfully installed the file.
2026-10-09 22:26:59.842   -- File entry --
2026-10-09 22:26:59.842   Dest filename: C:\Users\RUNNER~1\AppData\Local\Temp\is-OQUYMUUAIU.tmp\DigitalPersonaRuntime\MANIFEST.json
2026-10-09 22:26:59.842   Time stamp of our file: 2026-10-09 22:17:24.000
2026-10-09 22:26:59.842   Installing the file.
2026-10-09 22:26:59.842   Successfully installed the file.
2026-10-09 22:26:59.842   -- File entry --
2026-10-09 22:26:59.842   Dest filename: C:\Users\RUNNER~1\AppData\Local\Temp\is-OQUYMUUAIU.tmp\DigitalPersonaRuntime\README.md
2026-10-09 22:26:59.842   Time stamp of our file: 2026-10-09 22:17:24.000
2026-10-09 22:26:59.842   Installing the file.
2026-10-09 22:26:59.842   Successfully installed the file.
2026-10-09 22:26:59.842   -- File entry --
2026-10-09 22:26:59.842   Dest filename: C:\Users\RUNNER~1\AppData\Local\Temp\is-OQUYMUUAIU.tmp\DigitalPersonaRuntime\setup.exe
2026-10-09 22:26:59.842   Time stamp of our file: 2026-10-09 22:18:30.000
2026-10-09 22:26:59.842   Installing the file.
2026-10-09 22:26:59.873   Successfully installed the file.
2026-10-09 22:26:59.873   -- File entry --
2026-10-09 22:26:59.873   Dest filename: C:\Users\RUNNER~1\AppData\Local\Temp\is-OQUYMUUAIU.tmp\DigitalPersonaRuntime\Setup.ini
2026-10-09 22:26:59.873   Time stamp of our file: 2026-10-09 22:18:30.000
2026-10-09 22:26:59.873   Installing the file.
2026-10-09 22:26:59.873   Successfully installed the file.
2026-10-09 22:26:59.873   -- File entry --
2026-10-09 22:26:59.873   Dest filename: C:\Users\RUNNER~1\AppData\Local\Temp\is-OQUYMUUAIU.tmp\DigitalPersonaRuntime\setup.msi
2026-10-09 22:26:59.873   Time stamp of our file: 2026-10-09 22:18:30.000
2026-10-09 22:26:59.873   Installing the file.
2026-10-09 22:26:59.936   Successfully installed the file.
2026-10-09 22:26:59.936   -- File entry --
2026-10-09 22:26:59.936   Dest filename: C:\Users\RUNNER~1\AppData\Local\Temp\is-OQUYMUUAIU.tmp\DigitalPersonaRuntime\UninstallOnly.bat
2026-10-09 22:26:59.936   Time stamp of our file: 2026-10-09 22:18:30.000
2026-10-09 22:26:59.936   Installing the file.
2026-10-09 22:26:59.936   Successfully installed the file.
2026-10-09 22:26:59.936   -- File entry --
2026-10-09 22:26:59.936   Dest filename: C:\Users\RUNNER~1\AppData\Local\Temp\is-OQUYMUUAIU.tmp\DigitalPersonaRuntime\ISSetupPrerequisites\{5193621C-1E00-428D-8F59-9220277BE61E}\LumiDvcSvcWin10_x64_v7.0.34450.exe
2026-10-09 22:26:59.936   Time stamp of our file: 2026-10-09 22:18:30.000
2026-10-09 22:26:59.936   Installing the file.
2026-10-09 22:26:59.936   Creating directory: C:\Users\RUNNER~1\AppData\Local\Temp\is-OQUYMUUAIU.tmp\DigitalPersonaRuntime\ISSetupPrerequisites
2026-10-09 22:26:59.936   Creating directory: C:\Users\RUNNER~1\AppData\Local\Temp\is-OQUYMUUAIU.tmp\DigitalPersonaRuntime\ISSetupPrerequisites\{5193621C-1E00-428D-8F59-9220277BE61E}
2026-10-09 22:27:00.108   Successfully installed the file.
2026-10-09 22:27:00.108   -- File entry --
2026-10-09 22:27:00.108   Dest filename: C:\Users\RUNNER~1\AppData\Local\Temp\is-OQUYMUUAIU.tmp\DigitalPersonaRuntime\Licenses\EULA SDK.rtf
2026-10-09 22:27:00.108   Time stamp of our file: 2026-10-09 22:17:24.000
2026-10-09 22:27:00.108   Installing the file.
2026-10-09 22:27:00.108   Creating directory: C:\Users\RUNNER~1\AppData\Local\Temp\is-OQUYMUUAIU.tmp\DigitalPersonaRuntime\Licenses
2026-10-09 22:27:00.123   Successfully installed the file.
2026-10-09 22:27:00.123   -- File entry --
2026-10-09 22:27:00.123   Dest filename: C:\Users\RUNNER~1\AppData\Local\Temp\is-OQUYMUUAIU.tmp\ZTATTUZ_Admin_3.6.1.exe
2026-10-09 22:27:00.123   Time stamp of our file: 2026-10-09 22:25:44.000
2026-10-09 22:27:00.123   Installing the file.
2026-10-09 22:27:00.686   Successfully installed the file.
2026-10-09 22:27:00.686   -- File entry --
2026-10-09 22:27:00.686   Dest filename: C:\Users\RUNNER~1\AppData\Local\Temp\is-OQUYMUUAIU.tmp\ZTATTUZ_Recepcion_3.6.1.exe
2026-10-09 22:27:00.686   Time stamp of our file: 2026-10-09 22:25:58.000
2026-10-09 22:27:00.686   Installing the file.
2026-10-09 22:27:01.264   Successfully installed the file.
2026-10-09 22:27:01.264   Installation process succeeded.
2026-10-09 22:27:09.270   Need to restart Windows? No
2026-10-09 22:27:09.270   Deinitializing Setup.
2026-10-09 22:27:09.301   Log closed.
