2026-10-09 22:59:59.357   Log opened. (Time zone: UTC+00:00)
2026-10-09 22:59:59.357   Setup version: Inno Setup version 6.7.1
2026-10-09 22:59:59.357   Original Setup EXE: D:\a\Atlantic-Software\Atlantic-Software\GymSoft_ZTATTUZ_3.6.1_x64\salida\validacion\paquete-tecnico\ejecuciones\20261009T225054Z-2892\instaladores\VALIDACION_NO_FINAL_ZTATTUZ_Instalar_o_Actualizar_3.6.1_x64.exe
2026-10-09 22:59:59.357   Setup command line: /SL5="$4A01B8,175625570,936448,D:\a\Atlantic-Software\Atlantic-Software\GymSoft_ZTATTUZ_3.6.1_x64\salida\validacion\paquete-tecnico\ejecuciones\20261009T225054Z-2892\instaladores\VALIDACION_NO_FINAL_ZTATTUZ_Instalar_o_Actualizar_3.6.1_x64.exe" /VERYSILENT /SUPPRESSMSGBOXES /NORESTART /LOG=D:\a\Atlantic-Software\Atlantic-Software\GymSoft_ZTATTUZ_3.6.1_x64\salida\validacion\instalacion-tecnica\ejecuciones\20261009T225903Z-7324\actualizar-completo.log
2026-10-09 22:59:59.357   Windows version: 10.0.20348
2026-10-09 22:59:59.357   Windows architecture: x64 (64-bit)
2026-10-09 22:59:59.357   Machine types supported by system: x86 x64
2026-10-09 22:59:59.357   User privileges: Administrative
2026-10-09 22:59:59.357   Administrative install mode: No
2026-10-09 22:59:59.357   Install mode root key: HKEY_CURRENT_USER
2026-10-09 22:59:59.357   64-bit install mode: Yes
2026-10-09 22:59:59.357   RedirectionGuard status for current process: Enabled in enforcing mode
2026-10-09 22:59:59.357   Created protected temporary directory: C:\Users\RUNNER~1\AppData\Local\Temp\is-KLGUDPYW3N.tmp
2026-10-09 22:59:59.435   Found 4 files to register with RestartManager.
2026-10-09 22:59:59.435   Calling RestartManager's RmGetList.
2026-10-09 22:59:59.435   RmGetList finished successfully.
2026-10-09 22:59:59.435   RestartManager found no applications using one of our files.
2026-10-09 22:59:59.435   Starting the installation process.
2026-10-09 22:59:59.435   -- File entry --
2026-10-09 22:59:59.435   Dest filename: C:\Users\RUNNER~1\AppData\Local\Temp\is-KLGUDPYW3N.tmp\DigitalPersonaRuntime\.gitignore
2026-10-09 22:59:59.435   Time stamp of our file: 2026-10-09 22:49:28.000
2026-10-09 22:59:59.435   Installing the file.
2026-10-09 22:59:59.435   Creating directory: C:\Users\RUNNER~1\AppData\Local\Temp\is-KLGUDPYW3N.tmp\DigitalPersonaRuntime
2026-10-09 22:59:59.435   Successfully installed the file.
2026-10-09 22:59:59.435   -- File entry --
2026-10-09 22:59:59.435   Dest filename: C:\Users\RUNNER~1\AppData\Local\Temp\is-KLGUDPYW3N.tmp\DigitalPersonaRuntime\0x0409.ini
2026-10-09 22:59:59.435   Time stamp of our file: 2026-10-09 22:50:52.000
2026-10-09 22:59:59.435   Installing the file.
2026-10-09 22:59:59.435   Successfully installed the file.
2026-10-09 22:59:59.435   -- File entry --
2026-10-09 22:59:59.435   Dest filename: C:\Users\RUNNER~1\AppData\Local\Temp\is-KLGUDPYW3N.tmp\DigitalPersonaRuntime\Data1.cab
2026-10-09 22:59:59.435   Time stamp of our file: 2026-10-09 22:50:52.000
2026-10-09 22:59:59.435   Installing the file.
2026-10-09 22:59:59.716   Successfully installed the file.
2026-10-09 22:59:59.716   -- File entry --
2026-10-09 22:59:59.716   Dest filename: C:\Users\RUNNER~1\AppData\Local\Temp\is-KLGUDPYW3N.tmp\DigitalPersonaRuntime\InstallOnly.bat
2026-10-09 22:59:59.716   Time stamp of our file: 2026-10-09 22:50:52.000
2026-10-09 22:59:59.716   Installing the file.
2026-10-09 22:59:59.716   Successfully installed the file.
2026-10-09 22:59:59.716   -- File entry --
2026-10-09 22:59:59.716   Dest filename: C:\Users\RUNNER~1\AppData\Local\Temp\is-KLGUDPYW3N.tmp\DigitalPersonaRuntime\MANIFEST.json
2026-10-09 22:59:59.716   Time stamp of our file: 2026-10-09 22:49:28.000
2026-10-09 22:59:59.716   Installing the file.
2026-10-09 22:59:59.716   Successfully installed the file.
2026-10-09 22:59:59.716   -- File entry --
2026-10-09 22:59:59.716   Dest filename: C:\Users\RUNNER~1\AppData\Local\Temp\is-KLGUDPYW3N.tmp\DigitalPersonaRuntime\README.md
2026-10-09 22:59:59.716   Time stamp of our file: 2026-10-09 22:49:28.000
2026-10-09 22:59:59.716   Installing the file.
2026-10-09 22:59:59.716   Successfully installed the file.
2026-10-09 22:59:59.716   -- File entry --
2026-10-09 22:59:59.716   Dest filename: C:\Users\RUNNER~1\AppData\Local\Temp\is-KLGUDPYW3N.tmp\DigitalPersonaRuntime\setup.exe
2026-10-09 22:59:59.716   Time stamp of our file: 2026-10-09 22:50:52.000
2026-10-09 22:59:59.716   Installing the file.
2026-10-09 22:59:59.763   Successfully installed the file.
2026-10-09 22:59:59.763   -- File entry --
2026-10-09 22:59:59.763   Dest filename: C:\Users\RUNNER~1\AppData\Local\Temp\is-KLGUDPYW3N.tmp\DigitalPersonaRuntime\Setup.ini
2026-10-09 22:59:59.763   Time stamp of our file: 2026-10-09 22:50:52.000
2026-10-09 22:59:59.763   Installing the file.
2026-10-09 22:59:59.763   Successfully installed the file.
2026-10-09 22:59:59.763   -- File entry --
2026-10-09 22:59:59.763   Dest filename: C:\Users\RUNNER~1\AppData\Local\Temp\is-KLGUDPYW3N.tmp\DigitalPersonaRuntime\setup.msi
2026-10-09 22:59:59.763   Time stamp of our file: 2026-10-09 22:50:52.000
2026-10-09 22:59:59.763   Installing the file.
2026-10-09 22:59:59.841   Successfully installed the file.
2026-10-09 22:59:59.841   -- File entry --
2026-10-09 22:59:59.841   Dest filename: C:\Users\RUNNER~1\AppData\Local\Temp\is-KLGUDPYW3N.tmp\DigitalPersonaRuntime\UninstallOnly.bat
2026-10-09 22:59:59.841   Time stamp of our file: 2026-10-09 22:50:52.000
2026-10-09 22:59:59.841   Installing the file.
2026-10-09 22:59:59.841   Successfully installed the file.
2026-10-09 22:59:59.841   -- File entry --
2026-10-09 22:59:59.841   Dest filename: C:\Users\RUNNER~1\AppData\Local\Temp\is-KLGUDPYW3N.tmp\DigitalPersonaRuntime\ISSetupPrerequisites\{5193621C-1E00-428D-8F59-9220277BE61E}\LumiDvcSvcWin10_x64_v7.0.34450.exe
2026-10-09 22:59:59.841   Time stamp of our file: 2026-10-09 22:50:52.000
2026-10-09 22:59:59.841   Installing the file.
2026-10-09 22:59:59.841   Creating directory: C:\Users\RUNNER~1\AppData\Local\Temp\is-KLGUDPYW3N.tmp\DigitalPersonaRuntime\ISSetupPrerequisites
2026-10-09 22:59:59.841   Creating directory: C:\Users\RUNNER~1\AppData\Local\Temp\is-KLGUDPYW3N.tmp\DigitalPersonaRuntime\ISSetupPrerequisites\{5193621C-1E00-428D-8F59-9220277BE61E}
2026-10-09 23:00:00.029   Successfully installed the file.
2026-10-09 23:00:00.029   -- File entry --
2026-10-09 23:00:00.029   Dest filename: C:\Users\RUNNER~1\AppData\Local\Temp\is-KLGUDPYW3N.tmp\DigitalPersonaRuntime\Licenses\EULA SDK.rtf
2026-10-09 23:00:00.029   Time stamp of our file: 2026-10-09 22:49:28.000
2026-10-09 23:00:00.029   Installing the file.
2026-10-09 23:00:00.029   Creating directory: C:\Users\RUNNER~1\AppData\Local\Temp\is-KLGUDPYW3N.tmp\DigitalPersonaRuntime\Licenses
2026-10-09 23:00:00.029   Successfully installed the file.
2026-10-09 23:00:00.029   -- File entry --
2026-10-09 23:00:00.029   Dest filename: C:\Users\RUNNER~1\AppData\Local\Temp\is-KLGUDPYW3N.tmp\ZTATTUZ_Admin_3.6.1.exe
2026-10-09 23:00:00.029   Time stamp of our file: 2026-10-09 22:58:32.000
2026-10-09 23:00:00.029   Installing the file.
2026-10-09 23:00:00.670   Successfully installed the file.
2026-10-09 23:00:00.670   -- File entry --
2026-10-09 23:00:00.670   Dest filename: C:\Users\RUNNER~1\AppData\Local\Temp\is-KLGUDPYW3N.tmp\ZTATTUZ_Recepcion_3.6.1.exe
2026-10-09 23:00:00.670   Time stamp of our file: 2026-10-09 22:58:46.000
2026-10-09 23:00:00.670   Installing the file.
2026-10-09 23:00:01.294   Successfully installed the file.
2026-10-09 23:00:01.294   Installation process succeeded.
2026-10-09 23:00:08.727   Need to restart Windows? No
2026-10-09 23:00:08.727   Deinitializing Setup.
2026-10-09 23:00:08.743   Log closed.
