2026-10-09 22:59:15.275   Log opened. (Time zone: UTC+00:00)
2026-10-09 22:59:15.275   Setup version: Inno Setup version 6.7.1
2026-10-09 22:59:15.275   Original Setup EXE: D:\a\Atlantic-Software\Atlantic-Software\GymSoft_ZTATTUZ_3.6.1_x64\salida\validacion\paquete-tecnico\ejecuciones\20261009T225054Z-2892\instaladores\VALIDACION_NO_FINAL_ZTATTUZ_Instalar_o_Actualizar_3.6.1_x64.exe
2026-10-09 22:59:15.275   Setup command line: /SL5="$1C03C8,175625570,936448,D:\a\Atlantic-Software\Atlantic-Software\GymSoft_ZTATTUZ_3.6.1_x64\salida\validacion\paquete-tecnico\ejecuciones\20261009T225054Z-2892\instaladores\VALIDACION_NO_FINAL_ZTATTUZ_Instalar_o_Actualizar_3.6.1_x64.exe" /VERYSILENT /SUPPRESSMSGBOXES /NORESTART /QAInstallRoot=D:\a\_temp\agym-z64-38001250527-7324-fmcl3eru /LOG=D:\a\Atlantic-Software\Atlantic-Software\GymSoft_ZTATTUZ_3.6.1_x64\salida\validacion\instalacion-tecnica\ejecuciones\20261009T225903Z-7324\instalar-completo.log
2026-10-09 22:59:15.275   Windows version: 10.0.20348
2026-10-09 22:59:15.275   Windows architecture: x64 (64-bit)
2026-10-09 22:59:15.275   Machine types supported by system: x86 x64
2026-10-09 22:59:15.275   User privileges: Administrative
2026-10-09 22:59:15.275   Administrative install mode: No
2026-10-09 22:59:15.275   Install mode root key: HKEY_CURRENT_USER
2026-10-09 22:59:15.275   64-bit install mode: Yes
2026-10-09 22:59:15.275   RedirectionGuard status for current process: Enabled in enforcing mode
2026-10-09 22:59:15.290   Created protected temporary directory: C:\Users\RUNNER~1\AppData\Local\Temp\is-AGQKKM8T8O.tmp
2026-10-09 22:59:17.216   Found 4 files to register with RestartManager.
2026-10-09 22:59:17.216   Calling RestartManager's RmGetList.
2026-10-09 22:59:17.216   RmGetList finished successfully.
2026-10-09 22:59:17.216   RestartManager found no applications using one of our files.
2026-10-09 22:59:17.232   Starting the installation process.
2026-10-09 22:59:17.247   -- File entry --
2026-10-09 22:59:17.247   Dest filename: C:\Users\RUNNER~1\AppData\Local\Temp\is-AGQKKM8T8O.tmp\DigitalPersonaRuntime\.gitignore
2026-10-09 22:59:17.450   Time stamp of our file: 2026-10-09 22:49:28.000
2026-10-09 22:59:17.450   Installing the file.
2026-10-09 22:59:17.450   Creating directory: C:\Users\RUNNER~1\AppData\Local\Temp\is-AGQKKM8T8O.tmp\DigitalPersonaRuntime
2026-10-09 22:59:17.607   Successfully installed the file.
2026-10-09 22:59:17.607   -- File entry --
2026-10-09 22:59:17.607   Dest filename: C:\Users\RUNNER~1\AppData\Local\Temp\is-AGQKKM8T8O.tmp\DigitalPersonaRuntime\0x0409.ini
2026-10-09 22:59:17.607   Time stamp of our file: 2026-10-09 22:50:52.000
2026-10-09 22:59:17.607   Installing the file.
2026-10-09 22:59:17.607   Successfully installed the file.
2026-10-09 22:59:17.607   -- File entry --
2026-10-09 22:59:17.607   Dest filename: C:\Users\RUNNER~1\AppData\Local\Temp\is-AGQKKM8T8O.tmp\DigitalPersonaRuntime\Data1.cab
2026-10-09 22:59:17.607   Time stamp of our file: 2026-10-09 22:50:52.000
2026-10-09 22:59:17.607   Installing the file.
2026-10-09 22:59:17.904   Successfully installed the file.
2026-10-09 22:59:17.904   -- File entry --
2026-10-09 22:59:17.904   Dest filename: C:\Users\RUNNER~1\AppData\Local\Temp\is-AGQKKM8T8O.tmp\DigitalPersonaRuntime\InstallOnly.bat
2026-10-09 22:59:17.904   Time stamp of our file: 2026-10-09 22:50:52.000
2026-10-09 22:59:17.904   Installing the file.
2026-10-09 22:59:17.904   Successfully installed the file.
2026-10-09 22:59:17.904   -- File entry --
2026-10-09 22:59:17.904   Dest filename: C:\Users\RUNNER~1\AppData\Local\Temp\is-AGQKKM8T8O.tmp\DigitalPersonaRuntime\MANIFEST.json
2026-10-09 22:59:17.904   Time stamp of our file: 2026-10-09 22:49:28.000
2026-10-09 22:59:17.904   Installing the file.
2026-10-09 22:59:17.904   Successfully installed the file.
2026-10-09 22:59:17.904   -- File entry --
2026-10-09 22:59:17.904   Dest filename: C:\Users\RUNNER~1\AppData\Local\Temp\is-AGQKKM8T8O.tmp\DigitalPersonaRuntime\README.md
2026-10-09 22:59:17.904   Time stamp of our file: 2026-10-09 22:49:28.000
2026-10-09 22:59:17.904   Installing the file.
2026-10-09 22:59:17.904   Successfully installed the file.
2026-10-09 22:59:17.904   -- File entry --
2026-10-09 22:59:17.904   Dest filename: C:\Users\RUNNER~1\AppData\Local\Temp\is-AGQKKM8T8O.tmp\DigitalPersonaRuntime\setup.exe
2026-10-09 22:59:17.904   Time stamp of our file: 2026-10-09 22:50:52.000
2026-10-09 22:59:17.904   Installing the file.
2026-10-09 22:59:17.935   Successfully installed the file.
2026-10-09 22:59:17.935   -- File entry --
2026-10-09 22:59:17.935   Dest filename: C:\Users\RUNNER~1\AppData\Local\Temp\is-AGQKKM8T8O.tmp\DigitalPersonaRuntime\Setup.ini
2026-10-09 22:59:17.935   Time stamp of our file: 2026-10-09 22:50:52.000
2026-10-09 22:59:17.935   Installing the file.
2026-10-09 22:59:17.935   Successfully installed the file.
2026-10-09 22:59:17.935   -- File entry --
2026-10-09 22:59:17.935   Dest filename: C:\Users\RUNNER~1\AppData\Local\Temp\is-AGQKKM8T8O.tmp\DigitalPersonaRuntime\setup.msi
2026-10-09 22:59:17.951   Time stamp of our file: 2026-10-09 22:50:52.000
2026-10-09 22:59:17.951   Installing the file.
2026-10-09 22:59:18.013   Successfully installed the file.
2026-10-09 22:59:18.013   -- File entry --
2026-10-09 22:59:18.013   Dest filename: C:\Users\RUNNER~1\AppData\Local\Temp\is-AGQKKM8T8O.tmp\DigitalPersonaRuntime\UninstallOnly.bat
2026-10-09 22:59:18.013   Time stamp of our file: 2026-10-09 22:50:52.000
2026-10-09 22:59:18.013   Installing the file.
2026-10-09 22:59:18.013   Successfully installed the file.
2026-10-09 22:59:18.013   -- File entry --
2026-10-09 22:59:18.013   Dest filename: C:\Users\RUNNER~1\AppData\Local\Temp\is-AGQKKM8T8O.tmp\DigitalPersonaRuntime\ISSetupPrerequisites\{5193621C-1E00-428D-8F59-9220277BE61E}\LumiDvcSvcWin10_x64_v7.0.34450.exe
2026-10-09 22:59:18.013   Time stamp of our file: 2026-10-09 22:50:52.000
2026-10-09 22:59:18.013   Installing the file.
2026-10-09 22:59:18.013   Creating directory: C:\Users\RUNNER~1\AppData\Local\Temp\is-AGQKKM8T8O.tmp\DigitalPersonaRuntime\ISSetupPrerequisites
2026-10-09 22:59:18.013   Creating directory: C:\Users\RUNNER~1\AppData\Local\Temp\is-AGQKKM8T8O.tmp\DigitalPersonaRuntime\ISSetupPrerequisites\{5193621C-1E00-428D-8F59-9220277BE61E}
2026-10-09 22:59:18.201   Successfully installed the file.
2026-10-09 22:59:18.201   -- File entry --
2026-10-09 22:59:18.201   Dest filename: C:\Users\RUNNER~1\AppData\Local\Temp\is-AGQKKM8T8O.tmp\DigitalPersonaRuntime\Licenses\EULA SDK.rtf
2026-10-09 22:59:18.201   Time stamp of our file: 2026-10-09 22:49:28.000
2026-10-09 22:59:18.201   Installing the file.
2026-10-09 22:59:18.201   Creating directory: C:\Users\RUNNER~1\AppData\Local\Temp\is-AGQKKM8T8O.tmp\DigitalPersonaRuntime\Licenses
2026-10-09 22:59:18.201   Successfully installed the file.
2026-10-09 22:59:18.201   -- File entry --
2026-10-09 22:59:18.201   Dest filename: C:\Users\RUNNER~1\AppData\Local\Temp\is-AGQKKM8T8O.tmp\ZTATTUZ_Admin_3.6.1.exe
2026-10-09 22:59:18.201   Time stamp of our file: 2026-10-09 22:58:32.000
2026-10-09 22:59:18.201   Installing the file.
2026-10-09 22:59:18.842   Successfully installed the file.
2026-10-09 22:59:18.842   -- File entry --
2026-10-09 22:59:18.842   Dest filename: C:\Users\RUNNER~1\AppData\Local\Temp\is-AGQKKM8T8O.tmp\ZTATTUZ_Recepcion_3.6.1.exe
2026-10-09 22:59:18.842   Time stamp of our file: 2026-10-09 22:58:46.000
2026-10-09 22:59:18.842   Installing the file.
2026-10-09 22:59:19.453   Successfully installed the file.
2026-10-09 22:59:19.453   Installation process succeeded.
2026-10-09 22:59:52.773   Need to restart Windows? No
2026-10-09 22:59:52.773   Deinitializing Setup.
2026-10-09 22:59:52.804   Log closed.
