["D:\\a\\Atlantic-Software\\Atlantic-Software\\GymSoft_ZTATTUZ_3.6.1_x86\\.venv\\Scripts\\python.exe", "-m", "PyInstaller", "--noconfirm", "--clean", "--windowed", "--onedir", "--name", "ZTATTUZ Admin", "--icon", "D:\\a\\Atlantic-Software\\Atlantic-Software\\GymSoft_ZTATTUZ_3.6.1_x86\\icono.ico", "--version-file", "D:\\a\\Atlantic-Software\\Atlantic-Software\\GymSoft_ZTATTUZ_3.6.1_x86\\salida\\validacion\\paquete-tecnico\\ejecuciones\\20261009T033737Z-6100\\build\\ZTATTUZ Admin_version.txt", "--paths", "D:\\a\\Atlantic-Software\\Atlantic-Software\\GymSoft_ZTATTUZ_3.6.1_x86", "--workpath", "D:\\a\\Atlantic-Software\\Atlantic-Software\\GymSoft_ZTATTUZ_3.6.1_x86\\salida\\validacion\\paquete-tecnico\\ejecuciones\\20261009T033737Z-6100\\build\\work", "--specpath", "D:\\a\\Atlantic-Software\\Atlantic-Software\\GymSoft_ZTATTUZ_3.6.1_x86\\salida\\validacion\\paquete-tecnico\\ejecuciones\\20261009T033737Z-6100\\build\\spec", "--distpath", "D:\\a\\Atlantic-Software\\Atlantic-Software\\GymSoft_ZTATTUZ_3.6.1_x86\\salida\\validacion\\paquete-tecnico\\ejecuciones\\20261009T033737Z-6100\\dist", "--add-data", "D:\\a\\Atlantic-Software\\Atlantic-Software\\GymSoft_ZTATTUZ_3.6.1_x86\\gymsoft_config.json;.", "--add-data", "D:\\a\\Atlantic-Software\\Atlantic-Software\\GymSoft_ZTATTUZ_3.6.1_x86\\icono.ico;.", "--add-data", "D:\\a\\Atlantic-Software\\Atlantic-Software\\GymSoft_ZTATTUZ_3.6.1_x86\\icono_recepcion.ico;.", "--hidden-import", "PIL._tkinter_finder", "--collect-all", "supabase", "--collect-all", "realtime", "--collect-all", "certifi", "--collect-all", "postgrest", "--collect-all", "supabase_auth", "--collect-all", "tzdata", "--collect-all", "serial", "D:\\a\\Atlantic-Software\\Atlantic-Software\\GymSoft_ZTATTUZ_3.6.1_x86\\app.py"]
145 INFO: PyInstaller: 6.22.2, contrib hooks: 2026.8
145 INFO: Python: 3.14.8
173 INFO: Platform: Windows-2022Server-10.0.20348-SP0
173 INFO: Python environment: D:\a\Atlantic-Software\Atlantic-Software\GymSoft_ZTATTUZ_3.6.1_x86\.venv
174 INFO: wrote D:\a\Atlantic-Software\Atlantic-Software\GymSoft_ZTATTUZ_3.6.1_x86\salida\validacion\paquete-tecnico\ejecuciones\20261009T033737Z-6100\build\spec\ZTATTUZ Admin.spec
177 INFO: Removing temporary files and cleaning cache in D:\a\Atlantic-Software\Atlantic-Software\GymSoft_ZTATTUZ_3.6.1_x86\salida\validacion\paquete-tecnico\ejecuciones\20261009T033737Z-6100\cache-pyinstaller\pyinstaller
4833 INFO: Module search paths (PYTHONPATH):
['D:\\a\\Atlantic-Software\\Atlantic-Software\\GymSoft_ZTATTUZ_3.6.1_x86',
 'C:\\hostedtoolcache\\windows\\Python\\3.14.8\\x86\\python314.zip',
 'C:\\hostedtoolcache\\windows\\Python\\3.14.8\\x86\\DLLs',
 'C:\\hostedtoolcache\\windows\\Python\\3.14.8\\x86\\Lib',
 'C:\\hostedtoolcache\\windows\\Python\\3.14.8\\x86',
 'D:\\a\\Atlantic-Software\\Atlantic-Software\\GymSoft_ZTATTUZ_3.6.1_x86\\.venv',
 'D:\\a\\Atlantic-Software\\Atlantic-Software\\GymSoft_ZTATTUZ_3.6.1_x86\\.venv\\Lib\\site-packages',
 'D:\\a\\Atlantic-Software\\Atlantic-Software\\GymSoft_ZTATTUZ_3.6.1_x86']
5169 INFO: Appending 'datas' from .spec
5210 INFO: checking Analysis
5211 INFO: Building Analysis because Analysis-00.toc is non existent
5211 INFO: Looking for Python shared library...
5211 INFO: Using Python shared library: C:\hostedtoolcache\windows\Python\3.14.8\x86\python314.dll
5211 INFO: Running Analysis Analysis-00.toc
5211 INFO: Target bytecode optimization level: 0
5211 INFO: Initializing module dependency graph...
5212 INFO: Initializing module graph hook caches...
5232 INFO: Analyzing modules for base_library.zip ...
6623 INFO: Processing standard module hook 'hook-math.py' from 'D:\\a\\Atlantic-Software\\Atlantic-Software\\GymSoft_ZTATTUZ_3.6.1_x86\\.venv\\Lib\\site-packages\\PyInstaller\\hooks'
8011 INFO: Processing standard module hook 'hook-encodings.py' from 'D:\\a\\Atlantic-Software\\Atlantic-Software\\GymSoft_ZTATTUZ_3.6.1_x86\\.venv\\Lib\\site-packages\\PyInstaller\\hooks'
8523 INFO: Processing standard module hook 'hook-pickle.py' from 'D:\\a\\Atlantic-Software\\Atlantic-Software\\GymSoft_ZTATTUZ_3.6.1_x86\\.venv\\Lib\\site-packages\\PyInstaller\\hooks'
12233 INFO: Processing standard module hook 'hook-difflib.py' from 'D:\\a\\Atlantic-Software\\Atlantic-Software\\GymSoft_ZTATTUZ_3.6.1_x86\\.venv\\Lib\\site-packages\\PyInstaller\\hooks'
12255 INFO: Processing standard module hook 'hook-heapq.py' from 'D:\\a\\Atlantic-Software\\Atlantic-Software\\GymSoft_ZTATTUZ_3.6.1_x86\\.venv\\Lib\\site-packages\\PyInstaller\\hooks'
13134 INFO: Caching module dependency graph...
13179 INFO: Analyzing D:\a\Atlantic-Software\Atlantic-Software\GymSoft_ZTATTUZ_3.6.1_x86\app.py
13678 INFO: Processing standard module hook 'hook-zoneinfo.py' from 'D:\\a\\Atlantic-Software\\Atlantic-Software\\GymSoft_ZTATTUZ_3.6.1_x86\\.venv\\Lib\\site-packages\\_pyinstaller_hooks_contrib\\stdhooks'
13722 INFO: Processing standard module hook 'hook-sysconfig.py' from 'D:\\a\\Atlantic-Software\\Atlantic-Software\\GymSoft_ZTATTUZ_3.6.1_x86\\.venv\\Lib\\site-packages\\PyInstaller\\hooks'
13815 INFO: Processing standard module hook 'hook-_ctypes.py' from 'D:\\a\\Atlantic-Software\\Atlantic-Software\\GymSoft_ZTATTUZ_3.6.1_x86\\.venv\\Lib\\site-packages\\PyInstaller\\hooks'
13822 INFO: Processing standard module hook 'hook-sqlite3.py' from 'D:\\a\\Atlantic-Software\\Atlantic-Software\\GymSoft_ZTATTUZ_3.6.1_x86\\.venv\\Lib\\site-packages\\PyInstaller\\hooks'
14135 INFO: Processing pre-find-module-path hook 'hook-tkinter.py' from 'D:\\a\\Atlantic-Software\\Atlantic-Software\\GymSoft_ZTATTUZ_3.6.1_x86\\.venv\\Lib\\site-packages\\PyInstaller\\hooks\\pre_find_module_path'
14136 INFO: TclTkInfo: initializing cached Tcl/Tk info...
14652 INFO: Processing standard module hook 'hook-_tkinter.py' from 'D:\\a\\Atlantic-Software\\Atlantic-Software\\GymSoft_ZTATTUZ_3.6.1_x86\\.venv\\Lib\\site-packages\\PyInstaller\\hooks'
14928 INFO: Processing standard module hook 'hook-PIL.py' from 'D:\\a\\Atlantic-Software\\Atlantic-Software\\GymSoft_ZTATTUZ_3.6.1_x86\\.venv\\Lib\\site-packages\\PyInstaller\\hooks'
15138 INFO: Processing standard module hook 'hook-PIL.Image.py' from 'D:\\a\\Atlantic-Software\\Atlantic-Software\\GymSoft_ZTATTUZ_3.6.1_x86\\.venv\\Lib\\site-packages\\PyInstaller\\hooks'
15602 INFO: Processing standard module hook 'hook-xml.py' from 'D:\\a\\Atlantic-Software\\Atlantic-Software\\GymSoft_ZTATTUZ_3.6.1_x86\\.venv\\Lib\\site-packages\\PyInstaller\\hooks'
15638 INFO: Processing standard module hook 'hook-xml.etree.cElementTree.py' from 'D:\\a\\Atlantic-Software\\Atlantic-Software\\GymSoft_ZTATTUZ_3.6.1_x86\\.venv\\Lib\\site-packages\\PyInstaller\\hooks'
15993 INFO: Processing standard module hook 'hook-PIL.ImageFilter.py' from 'D:\\a\\Atlantic-Software\\Atlantic-Software\\GymSoft_ZTATTUZ_3.6.1_x86\\.venv\\Lib\\site-packages\\PyInstaller\\hooks'
16824 INFO: Processing standard module hook 'hook-platform.py' from 'D:\\a\\Atlantic-Software\\Atlantic-Software\\GymSoft_ZTATTUZ_3.6.1_x86\\.venv\\Lib\\site-packages\\PyInstaller\\hooks'
16963 INFO: Processing standard module hook 'hook-webbrowser.py' from 'D:\\a\\Atlantic-Software\\Atlantic-Software\\GymSoft_ZTATTUZ_3.6.1_x86\\.venv\\Lib\\site-packages\\PyInstaller\\hooks'
18002 INFO: Processing standard module hook 'hook-certifi.py' from 'D:\\a\\Atlantic-Software\\Atlantic-Software\\GymSoft_ZTATTUZ_3.6.1_x86\\.venv\\Lib\\site-packages\\_pyinstaller_hooks_contrib\\stdhooks'
18332 INFO: Processing standard module hook 'hook-multiprocessing.util.py' from 'D:\\a\\Atlantic-Software\\Atlantic-Software\\GymSoft_ZTATTUZ_3.6.1_x86\\.venv\\Lib\\site-packages\\PyInstaller\\hooks'
19761 INFO: Processing standard module hook 'hook-anyio.py' from 'D:\\a\\Atlantic-Software\\Atlantic-Software\\GymSoft_ZTATTUZ_3.6.1_x86\\.venv\\Lib\\site-packages\\_pyinstaller_hooks_contrib\\stdhooks'
20192 INFO: Processing pre-safe-import-module hook 'hook-typing_extensions.py' from 'D:\\a\\Atlantic-Software\\Atlantic-Software\\GymSoft_ZTATTUZ_3.6.1_x86\\.venv\\Lib\\site-packages\\PyInstaller\\hooks\\pre_safe_import_module'
20193 INFO: SetuptoolsInfo: initializing cached setuptools info...
22742 INFO: Processing pre-safe-import-module hook 'hook-packaging.py' from 'D:\\a\\Atlantic-Software\\Atlantic-Software\\GymSoft_ZTATTUZ_3.6.1_x86\\.venv\\Lib\\site-packages\\PyInstaller\\hooks\\pre_safe_import_module'
23146 INFO: Processing standard module hook 'hook-pydantic.py' from 'D:\\a\\Atlantic-Software\\Atlantic-Software\\GymSoft_ZTATTUZ_3.6.1_x86\\.venv\\Lib\\site-packages\\_pyinstaller_hooks_contrib\\stdhooks'
26244 INFO: Processing standard module hook 'hook-websockets.py' from 'D:\\a\\Atlantic-Software\\Atlantic-Software\\GymSoft_ZTATTUZ_3.6.1_x86\\.venv\\Lib\\site-packages\\_pyinstaller_hooks_contrib\\stdhooks'
27429 INFO: Processing standard module hook 'hook-cryptography.py' from 'D:\\a\\Atlantic-Software\\Atlantic-Software\\GymSoft_ZTATTUZ_3.6.1_x86\\.venv\\Lib\\site-packages\\_pyinstaller_hooks_contrib\\stdhooks'
D:\a\Atlantic-Software\Atlantic-Software\GymSoft_ZTATTUZ_3.6.1_x86\.venv\Lib\site-packages\cryptography\hazmat\backends\openssl\backend.py:8: UserWarning: You are using cryptography on a 32-bit Python on a 64-bit Windows Operating System. Cryptography will be significantly faster if you switch to using a 64-bit Python.
  from cryptography.hazmat.bindings.openssl import binding
D:\a\Atlantic-Software\Atlantic-Software\GymSoft_ZTATTUZ_3.6.1_x86\.venv\Lib\site-packages\cryptography\hazmat\backends\openssl\backend.py:8: UserWarning: You are using cryptography on a 32-bit Python on a 64-bit Windows Operating System. Cryptography will be significantly faster if you switch to using a 64-bit Python.
  from cryptography.hazmat.bindings.openssl import binding
29157 INFO: hook-cryptography: cryptography does not seem to be using dynamically linked OpenSSL.
30398 INFO: Processing standard module hook 'hook-openpyxl.py' from 'D:\\a\\Atlantic-Software\\Atlantic-Software\\GymSoft_ZTATTUZ_3.6.1_x86\\.venv\\Lib\\site-packages\\_pyinstaller_hooks_contrib\\stdhooks'
32179 INFO: Analyzing hidden import 'PIL._tkinter_finder'
32181 INFO: Analyzing hidden import 'supabase.client'
32184 INFO: Analyzing hidden import 'certifi.__main__'
32186 INFO: Analyzing hidden import 'certifi.tests'
32186 INFO: Analyzing hidden import 'certifi.tests.test_certify'
32415 INFO: Analyzing hidden import 'tzdata'
32416 INFO: Analyzing hidden import 'tzdata.zoneinfo'
32417 INFO: Analyzing hidden import 'tzdata.zoneinfo.Africa'
32417 INFO: Analyzing hidden import 'tzdata.zoneinfo.America'
32418 INFO: Analyzing hidden import 'tzdata.zoneinfo.America.Argentina'
32419 INFO: Analyzing hidden import 'tzdata.zoneinfo.America.Indiana'
32419 INFO: Analyzing hidden import 'tzdata.zoneinfo.America.Kentucky'
32420 INFO: Analyzing hidden import 'tzdata.zoneinfo.America.North_Dakota'
32420 INFO: Analyzing hidden import 'tzdata.zoneinfo.Antarctica'
32421 INFO: Analyzing hidden import 'tzdata.zoneinfo.Arctic'
32421 INFO: Analyzing hidden import 'tzdata.zoneinfo.Asia'
32422 INFO: Analyzing hidden import 'tzdata.zoneinfo.Atlantic'
32422 INFO: Analyzing hidden import 'tzdata.zoneinfo.Australia'
32423 INFO: Analyzing hidden import 'tzdata.zoneinfo.Brazil'
32423 INFO: Analyzing hidden import 'tzdata.zoneinfo.Canada'
32424 INFO: Analyzing hidden import 'tzdata.zoneinfo.Chile'
32424 INFO: Analyzing hidden import 'tzdata.zoneinfo.Etc'
32425 INFO: Analyzing hidden import 'tzdata.zoneinfo.Europe'
32425 INFO: Analyzing hidden import 'tzdata.zoneinfo.Indian'
32426 INFO: Analyzing hidden import 'tzdata.zoneinfo.Mexico'
32426 INFO: Analyzing hidden import 'tzdata.zoneinfo.Pacific'
32427 INFO: Analyzing hidden import 'tzdata.zoneinfo.US'
32427 INFO: Analyzing hidden import 'serial.__main__'
32499 INFO: Analyzing hidden import 'serial.rfc2217'
32576 INFO: Analyzing hidden import 'serial.rs485'
32580 INFO: Analyzing hidden import 'serial.threaded'
32596 INFO: Analyzing hidden import 'serial.urlhandler'
32596 INFO: Analyzing hidden import 'serial.urlhandler.protocol_alt'
32599 INFO: Analyzing hidden import 'serial.urlhandler.protocol_cp2110'
32613 INFO: Analyzing hidden import 'serial.urlhandler.protocol_hwgrep'
32618 INFO: Analyzing hidden import 'serial.urlhandler.protocol_loop'
32635 INFO: Analyzing hidden import 'serial.urlhandler.protocol_rfc2217'
32635 INFO: Analyzing hidden import 'serial.urlhandler.protocol_socket'
32654 INFO: Analyzing hidden import 'serial.urlhandler.protocol_spy'
32673 INFO: Processing module hooks (post-graph stage)...
33358 INFO: Processing pre-safe-import-module hook 'hook-tomli.py' from 'D:\\a\\Atlantic-Software\\Atlantic-Software\\GymSoft_ZTATTUZ_3.6.1_x86\\.venv\\Lib\\site-packages\\PyInstaller\\hooks\\pre_safe_import_module'
33358 INFO: Setuptools: 'tomli' appears to be a setuptools-vendored copy - creating alias to 'setuptools._vendor.tomli'!
33370 INFO: Processing standard module hook 'hook-setuptools.py' from 'D:\\a\\Atlantic-Software\\Atlantic-Software\\GymSoft_ZTATTUZ_3.6.1_x86\\.venv\\Lib\\site-packages\\PyInstaller\\hooks'
33396 INFO: Processing pre-safe-import-module hook 'hook-distutils.py' from 'D:\\a\\Atlantic-Software\\Atlantic-Software\\GymSoft_ZTATTUZ_3.6.1_x86\\.venv\\Lib\\site-packages\\PyInstaller\\hooks\\pre_safe_import_module'
33448 INFO: Processing pre-safe-import-module hook 'hook-jaraco.py' from 'D:\\a\\Atlantic-Software\\Atlantic-Software\\GymSoft_ZTATTUZ_3.6.1_x86\\.venv\\Lib\\site-packages\\PyInstaller\\hooks\\pre_safe_import_module'
33448 INFO: Setuptools: 'jaraco' appears to be a full setuptools-vendored copy - creating alias to 'setuptools._vendor.jaraco'!
33468 INFO: Processing pre-safe-import-module hook 'hook-more_itertools.py' from 'D:\\a\\Atlantic-Software\\Atlantic-Software\\GymSoft_ZTATTUZ_3.6.1_x86\\.venv\\Lib\\site-packages\\PyInstaller\\hooks\\pre_safe_import_module'
33468 INFO: Setuptools: 'more_itertools' appears to be a setuptools-vendored copy - creating alias to 'setuptools._vendor.more_itertools'!
33726 INFO: Processing standard module hook 'hook-_osx_support.py' from 'D:\\a\\Atlantic-Software\\Atlantic-Software\\GymSoft_ZTATTUZ_3.6.1_x86\\.venv\\Lib\\site-packages\\PyInstaller\\hooks'
34230 INFO: Processing standard module hook 'hook-setuptools._vendor.jaraco.text.py' from 'D:\\a\\Atlantic-Software\\Atlantic-Software\\GymSoft_ZTATTUZ_3.6.1_x86\\.venv\\Lib\\site-packages\\PyInstaller\\hooks'
34232 INFO: Processing pre-safe-import-module hook 'hook-importlib_resources.py' from 'D:\\a\\Atlantic-Software\\Atlantic-Software\\GymSoft_ZTATTUZ_3.6.1_x86\\.venv\\Lib\\site-packages\\PyInstaller\\hooks\\pre_safe_import_module'
34247 INFO: Processing pre-safe-import-module hook 'hook-backports.py' from 'D:\\a\\Atlantic-Software\\Atlantic-Software\\GymSoft_ZTATTUZ_3.6.1_x86\\.venv\\Lib\\site-packages\\PyInstaller\\hooks\\pre_safe_import_module'
34247 INFO: Setuptools: 'backports' appears to be a full setuptools-vendored copy - creating alias to 'setuptools._vendor.backports'!
36071 INFO: Processing pre-safe-import-module hook 'hook-wheel.py' from 'D:\\a\\Atlantic-Software\\Atlantic-Software\\GymSoft_ZTATTUZ_3.6.1_x86\\.venv\\Lib\\site-packages\\PyInstaller\\hooks\\pre_safe_import_module'
36072 INFO: Setuptools: 'wheel' appears to be a setuptools-vendored copy - creating alias to 'setuptools._vendor.wheel'!
36310 INFO: Processing standard module hook 'hook-tzdata.py' from 'D:\\a\\Atlantic-Software\\Atlantic-Software\\GymSoft_ZTATTUZ_3.6.1_x86\\.venv\\Lib\\site-packages\\_pyinstaller_hooks_contrib\\stdhooks'
37714 INFO: Processing standard module hook 'hook-PIL.SpiderImagePlugin.py' from 'D:\\a\\Atlantic-Software\\Atlantic-Software\\GymSoft_ZTATTUZ_3.6.1_x86\\.venv\\Lib\\site-packages\\PyInstaller\\hooks'
38995 INFO: Processing standard module hook 'hook-_tkinter.py' from 'D:\\a\\Atlantic-Software\\Atlantic-Software\\GymSoft_ZTATTUZ_3.6.1_x86\\.venv\\Lib\\site-packages\\PyInstaller\\hooks'
39023 INFO: Performing binary vs. data reclassification (788 entries)
39079 INFO: Looking for ctypes DLLs
39217 WARNING: Ignoring /System/Library/Frameworks/IOKit.framework/IOKit imported from D:\a\Atlantic-Software\Atlantic-Software\GymSoft_ZTATTUZ_3.6.1_x86\.venv\Lib\site-packages\serial\tools\list_ports_osx.py - only basenames are supported with ctypes imports!
39217 WARNING: Ignoring /System/Library/Frameworks/CoreFoundation.framework/CoreFoundation imported from D:\a\Atlantic-Software\Atlantic-Software\GymSoft_ZTATTUZ_3.6.1_x86\.venv\Lib\site-packages\serial\tools\list_ports_osx.py - only basenames are supported with ctypes imports!
39272 INFO: Analyzing run-time hooks ...
39279 INFO: Including run-time hook 'pyi_rth_inspect.py' from 'D:\\a\\Atlantic-Software\\Atlantic-Software\\GymSoft_ZTATTUZ_3.6.1_x86\\.venv\\Lib\\site-packages\\PyInstaller\\hooks\\rthooks'
39284 INFO: Including run-time hook 'pyi_rth_pkgutil.py' from 'D:\\a\\Atlantic-Software\\Atlantic-Software\\GymSoft_ZTATTUZ_3.6.1_x86\\.venv\\Lib\\site-packages\\PyInstaller\\hooks\\rthooks'
39287 INFO: Including run-time hook 'pyi_rth_multiprocessing.py' from 'D:\\a\\Atlantic-Software\\Atlantic-Software\\GymSoft_ZTATTUZ_3.6.1_x86\\.venv\\Lib\\site-packages\\PyInstaller\\hooks\\rthooks'
39290 INFO: Including run-time hook 'pyi_rth_setuptools.py' from 'D:\\a\\Atlantic-Software\\Atlantic-Software\\GymSoft_ZTATTUZ_3.6.1_x86\\.venv\\Lib\\site-packages\\PyInstaller\\hooks\\rthooks'
39292 INFO: Including run-time hook 'pyi_rth_cryptography_openssl.py' from 'D:\\a\\Atlantic-Software\\Atlantic-Software\\GymSoft_ZTATTUZ_3.6.1_x86\\.venv\\Lib\\site-packages\\_pyinstaller_hooks_contrib\\rthooks'
39293 INFO: Including run-time hook 'pyi_rth__tkinter.py' from 'D:\\a\\Atlantic-Software\\Atlantic-Software\\GymSoft_ZTATTUZ_3.6.1_x86\\.venv\\Lib\\site-packages\\PyInstaller\\hooks\\rthooks'
39337 INFO: Creating base_library.zip...
39363 INFO: Looking for dynamic libraries
D:\a\Atlantic-Software\Atlantic-Software\GymSoft_ZTATTUZ_3.6.1_x86\.venv\Lib\site-packages\cryptography\hazmat\backends\openssl\backend.py:8: UserWarning: You are using cryptography on a 32-bit Python on a 64-bit Windows Operating System. Cryptography will be significantly faster if you switch to using a 64-bit Python.
  from cryptography.hazmat.bindings.openssl import binding
40400 INFO: Extra DLL search directories (AddDllDirectory): []
40401 INFO: Extra DLL search directories (PATH): []
41254 INFO: Warnings written to D:\a\Atlantic-Software\Atlantic-Software\GymSoft_ZTATTUZ_3.6.1_x86\salida\validacion\paquete-tecnico\ejecuciones\20261009T033737Z-6100\build\work\ZTATTUZ Admin\warn-ZTATTUZ Admin.txt
41403 INFO: Graph cross-reference written to D:\a\Atlantic-Software\Atlantic-Software\GymSoft_ZTATTUZ_3.6.1_x86\salida\validacion\paquete-tecnico\ejecuciones\20261009T033737Z-6100\build\work\ZTATTUZ Admin\xref-ZTATTUZ Admin.html
41506 INFO: checking PYZ
41507 INFO: Building PYZ because PYZ-00.toc is non existent
41507 INFO: Building PYZ (ZlibArchive) D:\a\Atlantic-Software\Atlantic-Software\GymSoft_ZTATTUZ_3.6.1_x86\salida\validacion\paquete-tecnico\ejecuciones\20261009T033737Z-6100\build\work\ZTATTUZ Admin\PYZ-00.pyz
42318 INFO: Building PYZ (ZlibArchive) D:\a\Atlantic-Software\Atlantic-Software\GymSoft_ZTATTUZ_3.6.1_x86\salida\validacion\paquete-tecnico\ejecuciones\20261009T033737Z-6100\build\work\ZTATTUZ Admin\PYZ-00.pyz completed successfully.
42360 INFO: checking PKG
42360 INFO: Building PKG because PKG-00.toc is non existent
42360 INFO: Building PKG (CArchive) ZTATTUZ Admin.pkg
42486 INFO: Building PKG (CArchive) ZTATTUZ Admin.pkg completed successfully.
42487 INFO: Bootloader D:\a\Atlantic-Software\Atlantic-Software\GymSoft_ZTATTUZ_3.6.1_x86\.venv\Lib\site-packages\PyInstaller\bootloader\Windows-32bit-intel\runw.exe
42487 INFO: checking EXE
42487 INFO: Building EXE because EXE-00.toc is non existent
42487 INFO: Building EXE from EXE-00.toc
42488 INFO: Copying bootloader EXE to D:\a\Atlantic-Software\Atlantic-Software\GymSoft_ZTATTUZ_3.6.1_x86\salida\validacion\paquete-tecnico\ejecuciones\20261009T033737Z-6100\build\work\ZTATTUZ Admin\ZTATTUZ Admin.exe
42490 INFO: Copying icon to EXE
42492 INFO: Copying version information to EXE
42496 INFO: Copying 0 resources to EXE
42496 INFO: Embedding manifest in EXE
42498 INFO: Appending PKG archive to EXE
42505 INFO: Fixing EXE headers
42566 INFO: Building EXE from EXE-00.toc completed successfully.
42576 INFO: checking COLLECT
42577 INFO: Building COLLECT because COLLECT-00.toc is non existent
42577 INFO: Building COLLECT COLLECT-00.toc
42984 INFO: Building COLLECT COLLECT-00.toc completed successfully.
43010 INFO: Build complete! The results are available in: D:\a\Atlantic-Software\Atlantic-Software\GymSoft_ZTATTUZ_3.6.1_x86\salida\validacion\paquete-tecnico\ejecuciones\20261009T033737Z-6100\dist
