["D:\\a\\Atlantic-Software\\Atlantic-Software\\GymSoft_ZTATTUZ_3.6.1_x86\\.venv\\Scripts\\python.exe", "-m", "PyInstaller", "--noconfirm", "--clean", "--windowed", "--onedir", "--name", "ZTATTUZ Recepcion", "--icon", "D:\\a\\Atlantic-Software\\Atlantic-Software\\GymSoft_ZTATTUZ_3.6.1_x86\\icono_recepcion.ico", "--version-file", "D:\\a\\Atlantic-Software\\Atlantic-Software\\GymSoft_ZTATTUZ_3.6.1_x86\\salida\\validacion\\paquete-tecnico\\ejecuciones\\20261009T032831Z-5420\\build\\ZTATTUZ Recepcion_version.txt", "--paths", "D:\\a\\Atlantic-Software\\Atlantic-Software\\GymSoft_ZTATTUZ_3.6.1_x86", "--workpath", "D:\\a\\Atlantic-Software\\Atlantic-Software\\GymSoft_ZTATTUZ_3.6.1_x86\\salida\\validacion\\paquete-tecnico\\ejecuciones\\20261009T032831Z-5420\\build\\work", "--specpath", "D:\\a\\Atlantic-Software\\Atlantic-Software\\GymSoft_ZTATTUZ_3.6.1_x86\\salida\\validacion\\paquete-tecnico\\ejecuciones\\20261009T032831Z-5420\\build\\spec", "--distpath", "D:\\a\\Atlantic-Software\\Atlantic-Software\\GymSoft_ZTATTUZ_3.6.1_x86\\salida\\validacion\\paquete-tecnico\\ejecuciones\\20261009T032831Z-5420\\dist", "--add-data", "D:\\a\\Atlantic-Software\\Atlantic-Software\\GymSoft_ZTATTUZ_3.6.1_x86\\gymsoft_config.json;.", "--add-data", "D:\\a\\Atlantic-Software\\Atlantic-Software\\GymSoft_ZTATTUZ_3.6.1_x86\\icono.ico;.", "--add-data", "D:\\a\\Atlantic-Software\\Atlantic-Software\\GymSoft_ZTATTUZ_3.6.1_x86\\icono_recepcion.ico;.", "--hidden-import", "PIL._tkinter_finder", "--collect-all", "supabase", "--collect-all", "realtime", "--collect-all", "certifi", "--collect-all", "postgrest", "--collect-all", "supabase_auth", "--collect-all", "tzdata", "--collect-all", "serial", "D:\\a\\Atlantic-Software\\Atlantic-Software\\GymSoft_ZTATTUZ_3.6.1_x86\\reception_app.py"]
117 INFO: PyInstaller: 6.22.2, contrib hooks: 2026.8
117 INFO: Python: 3.14.8
141 INFO: Platform: Windows-2022Server-10.0.20348-SP0
141 INFO: Python environment: D:\a\Atlantic-Software\Atlantic-Software\GymSoft_ZTATTUZ_3.6.1_x86\.venv
142 INFO: wrote D:\a\Atlantic-Software\Atlantic-Software\GymSoft_ZTATTUZ_3.6.1_x86\salida\validacion\paquete-tecnico\ejecuciones\20261009T032831Z-5420\build\spec\ZTATTUZ Recepcion.spec
144 INFO: Removing temporary files and cleaning cache in D:\a\Atlantic-Software\Atlantic-Software\GymSoft_ZTATTUZ_3.6.1_x86\salida\validacion\paquete-tecnico\ejecuciones\20261009T032831Z-5420\cache-pyinstaller\pyinstaller
3680 INFO: Module search paths (PYTHONPATH):
['D:\\a\\Atlantic-Software\\Atlantic-Software\\GymSoft_ZTATTUZ_3.6.1_x86',
 'C:\\hostedtoolcache\\windows\\Python\\3.14.8\\x86\\python314.zip',
 'C:\\hostedtoolcache\\windows\\Python\\3.14.8\\x86\\DLLs',
 'C:\\hostedtoolcache\\windows\\Python\\3.14.8\\x86\\Lib',
 'C:\\hostedtoolcache\\windows\\Python\\3.14.8\\x86',
 'D:\\a\\Atlantic-Software\\Atlantic-Software\\GymSoft_ZTATTUZ_3.6.1_x86\\.venv',
 'D:\\a\\Atlantic-Software\\Atlantic-Software\\GymSoft_ZTATTUZ_3.6.1_x86\\.venv\\Lib\\site-packages',
 'D:\\a\\Atlantic-Software\\Atlantic-Software\\GymSoft_ZTATTUZ_3.6.1_x86']
3922 INFO: Appending 'datas' from .spec
3952 INFO: checking Analysis
3952 INFO: Building Analysis because Analysis-00.toc is non existent
3952 INFO: Looking for Python shared library...
3952 INFO: Using Python shared library: C:\hostedtoolcache\windows\Python\3.14.8\x86\python314.dll
3952 INFO: Running Analysis Analysis-00.toc
3952 INFO: Target bytecode optimization level: 0
3952 INFO: Initializing module dependency graph...
3953 INFO: Initializing module graph hook caches...
3967 INFO: Analyzing modules for base_library.zip ...
5573 INFO: Processing standard module hook 'hook-encodings.py' from 'D:\\a\\Atlantic-Software\\Atlantic-Software\\GymSoft_ZTATTUZ_3.6.1_x86\\.venv\\Lib\\site-packages\\PyInstaller\\hooks'
5956 INFO: Processing standard module hook 'hook-pickle.py' from 'D:\\a\\Atlantic-Software\\Atlantic-Software\\GymSoft_ZTATTUZ_3.6.1_x86\\.venv\\Lib\\site-packages\\PyInstaller\\hooks'
6541 INFO: Processing standard module hook 'hook-math.py' from 'D:\\a\\Atlantic-Software\\Atlantic-Software\\GymSoft_ZTATTUZ_3.6.1_x86\\.venv\\Lib\\site-packages\\PyInstaller\\hooks'
6733 INFO: Processing standard module hook 'hook-difflib.py' from 'D:\\a\\Atlantic-Software\\Atlantic-Software\\GymSoft_ZTATTUZ_3.6.1_x86\\.venv\\Lib\\site-packages\\PyInstaller\\hooks'
6750 INFO: Processing standard module hook 'hook-heapq.py' from 'D:\\a\\Atlantic-Software\\Atlantic-Software\\GymSoft_ZTATTUZ_3.6.1_x86\\.venv\\Lib\\site-packages\\PyInstaller\\hooks'
10022 INFO: Caching module dependency graph...
10056 INFO: Analyzing D:\a\Atlantic-Software\Atlantic-Software\GymSoft_ZTATTUZ_3.6.1_x86\reception_app.py
10201 INFO: Processing standard module hook 'hook-zoneinfo.py' from 'D:\\a\\Atlantic-Software\\Atlantic-Software\\GymSoft_ZTATTUZ_3.6.1_x86\\.venv\\Lib\\site-packages\\_pyinstaller_hooks_contrib\\stdhooks'
10235 INFO: Processing standard module hook 'hook-sysconfig.py' from 'D:\\a\\Atlantic-Software\\Atlantic-Software\\GymSoft_ZTATTUZ_3.6.1_x86\\.venv\\Lib\\site-packages\\PyInstaller\\hooks'
10380 INFO: Processing standard module hook 'hook-_ctypes.py' from 'D:\\a\\Atlantic-Software\\Atlantic-Software\\GymSoft_ZTATTUZ_3.6.1_x86\\.venv\\Lib\\site-packages\\PyInstaller\\hooks'
10386 INFO: Processing pre-find-module-path hook 'hook-tkinter.py' from 'D:\\a\\Atlantic-Software\\Atlantic-Software\\GymSoft_ZTATTUZ_3.6.1_x86\\.venv\\Lib\\site-packages\\PyInstaller\\hooks\\pre_find_module_path'
10386 INFO: TclTkInfo: initializing cached Tcl/Tk info...
10823 INFO: Processing standard module hook 'hook-_tkinter.py' from 'D:\\a\\Atlantic-Software\\Atlantic-Software\\GymSoft_ZTATTUZ_3.6.1_x86\\.venv\\Lib\\site-packages\\PyInstaller\\hooks'
10918 INFO: Processing standard module hook 'hook-sqlite3.py' from 'D:\\a\\Atlantic-Software\\Atlantic-Software\\GymSoft_ZTATTUZ_3.6.1_x86\\.venv\\Lib\\site-packages\\PyInstaller\\hooks'
11241 INFO: Processing standard module hook 'hook-PIL.py' from 'D:\\a\\Atlantic-Software\\Atlantic-Software\\GymSoft_ZTATTUZ_3.6.1_x86\\.venv\\Lib\\site-packages\\PyInstaller\\hooks'
11407 INFO: Processing standard module hook 'hook-PIL.Image.py' from 'D:\\a\\Atlantic-Software\\Atlantic-Software\\GymSoft_ZTATTUZ_3.6.1_x86\\.venv\\Lib\\site-packages\\PyInstaller\\hooks'
11775 INFO: Processing standard module hook 'hook-xml.py' from 'D:\\a\\Atlantic-Software\\Atlantic-Software\\GymSoft_ZTATTUZ_3.6.1_x86\\.venv\\Lib\\site-packages\\PyInstaller\\hooks'
11804 INFO: Processing standard module hook 'hook-xml.etree.cElementTree.py' from 'D:\\a\\Atlantic-Software\\Atlantic-Software\\GymSoft_ZTATTUZ_3.6.1_x86\\.venv\\Lib\\site-packages\\PyInstaller\\hooks'
12085 INFO: Processing standard module hook 'hook-PIL.ImageFilter.py' from 'D:\\a\\Atlantic-Software\\Atlantic-Software\\GymSoft_ZTATTUZ_3.6.1_x86\\.venv\\Lib\\site-packages\\PyInstaller\\hooks'
13046 INFO: Processing standard module hook 'hook-certifi.py' from 'D:\\a\\Atlantic-Software\\Atlantic-Software\\GymSoft_ZTATTUZ_3.6.1_x86\\.venv\\Lib\\site-packages\\_pyinstaller_hooks_contrib\\stdhooks'
13303 INFO: Processing standard module hook 'hook-multiprocessing.util.py' from 'D:\\a\\Atlantic-Software\\Atlantic-Software\\GymSoft_ZTATTUZ_3.6.1_x86\\.venv\\Lib\\site-packages\\PyInstaller\\hooks'
14445 INFO: Processing standard module hook 'hook-anyio.py' from 'D:\\a\\Atlantic-Software\\Atlantic-Software\\GymSoft_ZTATTUZ_3.6.1_x86\\.venv\\Lib\\site-packages\\_pyinstaller_hooks_contrib\\stdhooks'
14792 INFO: Processing pre-safe-import-module hook 'hook-typing_extensions.py' from 'D:\\a\\Atlantic-Software\\Atlantic-Software\\GymSoft_ZTATTUZ_3.6.1_x86\\.venv\\Lib\\site-packages\\PyInstaller\\hooks\\pre_safe_import_module'
14793 INFO: SetuptoolsInfo: initializing cached setuptools info...
16858 INFO: Processing standard module hook 'hook-platform.py' from 'D:\\a\\Atlantic-Software\\Atlantic-Software\\GymSoft_ZTATTUZ_3.6.1_x86\\.venv\\Lib\\site-packages\\PyInstaller\\hooks'
16869 INFO: Processing pre-safe-import-module hook 'hook-packaging.py' from 'D:\\a\\Atlantic-Software\\Atlantic-Software\\GymSoft_ZTATTUZ_3.6.1_x86\\.venv\\Lib\\site-packages\\PyInstaller\\hooks\\pre_safe_import_module'
17186 INFO: Processing standard module hook 'hook-pydantic.py' from 'D:\\a\\Atlantic-Software\\Atlantic-Software\\GymSoft_ZTATTUZ_3.6.1_x86\\.venv\\Lib\\site-packages\\_pyinstaller_hooks_contrib\\stdhooks'
19674 INFO: Processing standard module hook 'hook-websockets.py' from 'D:\\a\\Atlantic-Software\\Atlantic-Software\\GymSoft_ZTATTUZ_3.6.1_x86\\.venv\\Lib\\site-packages\\_pyinstaller_hooks_contrib\\stdhooks'
20618 INFO: Processing standard module hook 'hook-cryptography.py' from 'D:\\a\\Atlantic-Software\\Atlantic-Software\\GymSoft_ZTATTUZ_3.6.1_x86\\.venv\\Lib\\site-packages\\_pyinstaller_hooks_contrib\\stdhooks'
D:\a\Atlantic-Software\Atlantic-Software\GymSoft_ZTATTUZ_3.6.1_x86\.venv\Lib\site-packages\cryptography\hazmat\backends\openssl\backend.py:8: UserWarning: You are using cryptography on a 32-bit Python on a 64-bit Windows Operating System. Cryptography will be significantly faster if you switch to using a 64-bit Python.
  from cryptography.hazmat.bindings.openssl import binding
D:\a\Atlantic-Software\Atlantic-Software\GymSoft_ZTATTUZ_3.6.1_x86\.venv\Lib\site-packages\cryptography\hazmat\backends\openssl\backend.py:8: UserWarning: You are using cryptography on a 32-bit Python on a 64-bit Windows Operating System. Cryptography will be significantly faster if you switch to using a 64-bit Python.
  from cryptography.hazmat.bindings.openssl import binding
21996 INFO: hook-cryptography: cryptography does not seem to be using dynamically linked OpenSSL.
22891 INFO: Processing standard module hook 'hook-webbrowser.py' from 'D:\\a\\Atlantic-Software\\Atlantic-Software\\GymSoft_ZTATTUZ_3.6.1_x86\\.venv\\Lib\\site-packages\\PyInstaller\\hooks'
23478 INFO: Processing standard module hook 'hook-openpyxl.py' from 'D:\\a\\Atlantic-Software\\Atlantic-Software\\GymSoft_ZTATTUZ_3.6.1_x86\\.venv\\Lib\\site-packages\\_pyinstaller_hooks_contrib\\stdhooks'
24742 INFO: Analyzing hidden import 'PIL._tkinter_finder'
24744 INFO: Analyzing hidden import 'supabase.client'
24746 INFO: Analyzing hidden import 'certifi.__main__'
24748 INFO: Analyzing hidden import 'certifi.tests'
24748 INFO: Analyzing hidden import 'certifi.tests.test_certify'
24932 INFO: Analyzing hidden import 'tzdata'
24933 INFO: Analyzing hidden import 'tzdata.zoneinfo'
24933 INFO: Analyzing hidden import 'tzdata.zoneinfo.Africa'
24934 INFO: Analyzing hidden import 'tzdata.zoneinfo.America'
24934 INFO: Analyzing hidden import 'tzdata.zoneinfo.America.Argentina'
24935 INFO: Analyzing hidden import 'tzdata.zoneinfo.America.Indiana'
24935 INFO: Analyzing hidden import 'tzdata.zoneinfo.America.Kentucky'
24935 INFO: Analyzing hidden import 'tzdata.zoneinfo.America.North_Dakota'
24936 INFO: Analyzing hidden import 'tzdata.zoneinfo.Antarctica'
24936 INFO: Analyzing hidden import 'tzdata.zoneinfo.Arctic'
24936 INFO: Analyzing hidden import 'tzdata.zoneinfo.Asia'
24937 INFO: Analyzing hidden import 'tzdata.zoneinfo.Atlantic'
24937 INFO: Analyzing hidden import 'tzdata.zoneinfo.Australia'
24938 INFO: Analyzing hidden import 'tzdata.zoneinfo.Brazil'
24938 INFO: Analyzing hidden import 'tzdata.zoneinfo.Canada'
24938 INFO: Analyzing hidden import 'tzdata.zoneinfo.Chile'
24939 INFO: Analyzing hidden import 'tzdata.zoneinfo.Etc'
24939 INFO: Analyzing hidden import 'tzdata.zoneinfo.Europe'
24940 INFO: Analyzing hidden import 'tzdata.zoneinfo.Indian'
24940 INFO: Analyzing hidden import 'tzdata.zoneinfo.Mexico'
24940 INFO: Analyzing hidden import 'tzdata.zoneinfo.Pacific'
24941 INFO: Analyzing hidden import 'tzdata.zoneinfo.US'
24941 INFO: Analyzing hidden import 'serial.__main__'
24999 INFO: Analyzing hidden import 'serial.rfc2217'
25059 INFO: Analyzing hidden import 'serial.rs485'
25062 INFO: Analyzing hidden import 'serial.threaded'
25074 INFO: Analyzing hidden import 'serial.urlhandler'
25075 INFO: Analyzing hidden import 'serial.urlhandler.protocol_alt'
25077 INFO: Analyzing hidden import 'serial.urlhandler.protocol_cp2110'
25088 INFO: Analyzing hidden import 'serial.urlhandler.protocol_hwgrep'
25092 INFO: Analyzing hidden import 'serial.urlhandler.protocol_loop'
25105 INFO: Analyzing hidden import 'serial.urlhandler.protocol_rfc2217'
25106 INFO: Analyzing hidden import 'serial.urlhandler.protocol_socket'
25121 INFO: Analyzing hidden import 'serial.urlhandler.protocol_spy'
25136 INFO: Processing module hooks (post-graph stage)...
25678 INFO: Processing pre-safe-import-module hook 'hook-tomli.py' from 'D:\\a\\Atlantic-Software\\Atlantic-Software\\GymSoft_ZTATTUZ_3.6.1_x86\\.venv\\Lib\\site-packages\\PyInstaller\\hooks\\pre_safe_import_module'
25678 INFO: Setuptools: 'tomli' appears to be a setuptools-vendored copy - creating alias to 'setuptools._vendor.tomli'!
25687 INFO: Processing standard module hook 'hook-setuptools.py' from 'D:\\a\\Atlantic-Software\\Atlantic-Software\\GymSoft_ZTATTUZ_3.6.1_x86\\.venv\\Lib\\site-packages\\PyInstaller\\hooks'
25705 INFO: Processing pre-safe-import-module hook 'hook-distutils.py' from 'D:\\a\\Atlantic-Software\\Atlantic-Software\\GymSoft_ZTATTUZ_3.6.1_x86\\.venv\\Lib\\site-packages\\PyInstaller\\hooks\\pre_safe_import_module'
25746 INFO: Processing pre-safe-import-module hook 'hook-jaraco.py' from 'D:\\a\\Atlantic-Software\\Atlantic-Software\\GymSoft_ZTATTUZ_3.6.1_x86\\.venv\\Lib\\site-packages\\PyInstaller\\hooks\\pre_safe_import_module'
25747 INFO: Setuptools: 'jaraco' appears to be a full setuptools-vendored copy - creating alias to 'setuptools._vendor.jaraco'!
25762 INFO: Processing pre-safe-import-module hook 'hook-more_itertools.py' from 'D:\\a\\Atlantic-Software\\Atlantic-Software\\GymSoft_ZTATTUZ_3.6.1_x86\\.venv\\Lib\\site-packages\\PyInstaller\\hooks\\pre_safe_import_module'
25762 INFO: Setuptools: 'more_itertools' appears to be a setuptools-vendored copy - creating alias to 'setuptools._vendor.more_itertools'!
25976 INFO: Processing standard module hook 'hook-_osx_support.py' from 'D:\\a\\Atlantic-Software\\Atlantic-Software\\GymSoft_ZTATTUZ_3.6.1_x86\\.venv\\Lib\\site-packages\\PyInstaller\\hooks'
26378 INFO: Processing standard module hook 'hook-setuptools._vendor.jaraco.text.py' from 'D:\\a\\Atlantic-Software\\Atlantic-Software\\GymSoft_ZTATTUZ_3.6.1_x86\\.venv\\Lib\\site-packages\\PyInstaller\\hooks'
26379 INFO: Processing pre-safe-import-module hook 'hook-importlib_resources.py' from 'D:\\a\\Atlantic-Software\\Atlantic-Software\\GymSoft_ZTATTUZ_3.6.1_x86\\.venv\\Lib\\site-packages\\PyInstaller\\hooks\\pre_safe_import_module'
26392 INFO: Processing pre-safe-import-module hook 'hook-backports.py' from 'D:\\a\\Atlantic-Software\\Atlantic-Software\\GymSoft_ZTATTUZ_3.6.1_x86\\.venv\\Lib\\site-packages\\PyInstaller\\hooks\\pre_safe_import_module'
26392 INFO: Setuptools: 'backports' appears to be a full setuptools-vendored copy - creating alias to 'setuptools._vendor.backports'!
27849 INFO: Processing pre-safe-import-module hook 'hook-wheel.py' from 'D:\\a\\Atlantic-Software\\Atlantic-Software\\GymSoft_ZTATTUZ_3.6.1_x86\\.venv\\Lib\\site-packages\\PyInstaller\\hooks\\pre_safe_import_module'
27849 INFO: Setuptools: 'wheel' appears to be a setuptools-vendored copy - creating alias to 'setuptools._vendor.wheel'!
28041 INFO: Processing standard module hook 'hook-tzdata.py' from 'D:\\a\\Atlantic-Software\\Atlantic-Software\\GymSoft_ZTATTUZ_3.6.1_x86\\.venv\\Lib\\site-packages\\_pyinstaller_hooks_contrib\\stdhooks'
29148 INFO: Processing standard module hook 'hook-PIL.SpiderImagePlugin.py' from 'D:\\a\\Atlantic-Software\\Atlantic-Software\\GymSoft_ZTATTUZ_3.6.1_x86\\.venv\\Lib\\site-packages\\PyInstaller\\hooks'
30168 INFO: Processing standard module hook 'hook-_tkinter.py' from 'D:\\a\\Atlantic-Software\\Atlantic-Software\\GymSoft_ZTATTUZ_3.6.1_x86\\.venv\\Lib\\site-packages\\PyInstaller\\hooks'
30192 INFO: Performing binary vs. data reclassification (788 entries)
30236 INFO: Looking for ctypes DLLs
30309 WARNING: Ignoring /System/Library/Frameworks/CoreFoundation.framework/CoreFoundation imported from D:\a\Atlantic-Software\Atlantic-Software\GymSoft_ZTATTUZ_3.6.1_x86\.venv\Lib\site-packages\serial\tools\list_ports_osx.py - only basenames are supported with ctypes imports!
30309 WARNING: Ignoring /System/Library/Frameworks/IOKit.framework/IOKit imported from D:\a\Atlantic-Software\Atlantic-Software\GymSoft_ZTATTUZ_3.6.1_x86\.venv\Lib\site-packages\serial\tools\list_ports_osx.py - only basenames are supported with ctypes imports!
30351 INFO: Analyzing run-time hooks ...
30358 INFO: Including run-time hook 'pyi_rth_inspect.py' from 'D:\\a\\Atlantic-Software\\Atlantic-Software\\GymSoft_ZTATTUZ_3.6.1_x86\\.venv\\Lib\\site-packages\\PyInstaller\\hooks\\rthooks'
30362 INFO: Including run-time hook 'pyi_rth_pkgutil.py' from 'D:\\a\\Atlantic-Software\\Atlantic-Software\\GymSoft_ZTATTUZ_3.6.1_x86\\.venv\\Lib\\site-packages\\PyInstaller\\hooks\\rthooks'
30364 INFO: Including run-time hook 'pyi_rth_multiprocessing.py' from 'D:\\a\\Atlantic-Software\\Atlantic-Software\\GymSoft_ZTATTUZ_3.6.1_x86\\.venv\\Lib\\site-packages\\PyInstaller\\hooks\\rthooks'
30367 INFO: Including run-time hook 'pyi_rth_setuptools.py' from 'D:\\a\\Atlantic-Software\\Atlantic-Software\\GymSoft_ZTATTUZ_3.6.1_x86\\.venv\\Lib\\site-packages\\PyInstaller\\hooks\\rthooks'
30369 INFO: Including run-time hook 'pyi_rth_cryptography_openssl.py' from 'D:\\a\\Atlantic-Software\\Atlantic-Software\\GymSoft_ZTATTUZ_3.6.1_x86\\.venv\\Lib\\site-packages\\_pyinstaller_hooks_contrib\\rthooks'
30370 INFO: Including run-time hook 'pyi_rth__tkinter.py' from 'D:\\a\\Atlantic-Software\\Atlantic-Software\\GymSoft_ZTATTUZ_3.6.1_x86\\.venv\\Lib\\site-packages\\PyInstaller\\hooks\\rthooks'
30409 INFO: Creating base_library.zip...
30429 INFO: Looking for dynamic libraries
D:\a\Atlantic-Software\Atlantic-Software\GymSoft_ZTATTUZ_3.6.1_x86\.venv\Lib\site-packages\cryptography\hazmat\backends\openssl\backend.py:8: UserWarning: You are using cryptography on a 32-bit Python on a 64-bit Windows Operating System. Cryptography will be significantly faster if you switch to using a 64-bit Python.
  from cryptography.hazmat.bindings.openssl import binding
31294 INFO: Extra DLL search directories (AddDllDirectory): []
31294 INFO: Extra DLL search directories (PATH): []
31954 INFO: Warnings written to D:\a\Atlantic-Software\Atlantic-Software\GymSoft_ZTATTUZ_3.6.1_x86\salida\validacion\paquete-tecnico\ejecuciones\20261009T032831Z-5420\build\work\ZTATTUZ Recepcion\warn-ZTATTUZ Recepcion.txt
32080 INFO: Graph cross-reference written to D:\a\Atlantic-Software\Atlantic-Software\GymSoft_ZTATTUZ_3.6.1_x86\salida\validacion\paquete-tecnico\ejecuciones\20261009T032831Z-5420\build\work\ZTATTUZ Recepcion\xref-ZTATTUZ Recepcion.html
32160 INFO: checking PYZ
32160 INFO: Building PYZ because PYZ-00.toc is non existent
32161 INFO: Building PYZ (ZlibArchive) D:\a\Atlantic-Software\Atlantic-Software\GymSoft_ZTATTUZ_3.6.1_x86\salida\validacion\paquete-tecnico\ejecuciones\20261009T032831Z-5420\build\work\ZTATTUZ Recepcion\PYZ-00.pyz
32862 INFO: Building PYZ (ZlibArchive) D:\a\Atlantic-Software\Atlantic-Software\GymSoft_ZTATTUZ_3.6.1_x86\salida\validacion\paquete-tecnico\ejecuciones\20261009T032831Z-5420\build\work\ZTATTUZ Recepcion\PYZ-00.pyz completed successfully.
32892 INFO: checking PKG
32892 INFO: Building PKG because PKG-00.toc is non existent
32892 INFO: Building PKG (CArchive) ZTATTUZ Recepcion.pkg
32939 INFO: Building PKG (CArchive) ZTATTUZ Recepcion.pkg completed successfully.
32940 INFO: Bootloader D:\a\Atlantic-Software\Atlantic-Software\GymSoft_ZTATTUZ_3.6.1_x86\.venv\Lib\site-packages\PyInstaller\bootloader\Windows-32bit-intel\runw.exe
32940 INFO: checking EXE
32940 INFO: Building EXE because EXE-00.toc is non existent
32940 INFO: Building EXE from EXE-00.toc
32940 INFO: Copying bootloader EXE to D:\a\Atlantic-Software\Atlantic-Software\GymSoft_ZTATTUZ_3.6.1_x86\salida\validacion\paquete-tecnico\ejecuciones\20261009T032831Z-5420\build\work\ZTATTUZ Recepcion\ZTATTUZ Recepcion.exe
32942 INFO: Copying icon to EXE
32943 INFO: Copying version information to EXE
32946 INFO: Copying 0 resources to EXE
32946 INFO: Embedding manifest in EXE
32947 INFO: Appending PKG archive to EXE
32953 INFO: Fixing EXE headers
33002 INFO: Building EXE from EXE-00.toc completed successfully.
33011 INFO: checking COLLECT
33011 INFO: Building COLLECT because COLLECT-00.toc is non existent
33011 INFO: Building COLLECT COLLECT-00.toc
33360 INFO: Building COLLECT COLLECT-00.toc completed successfully.
33380 INFO: Build complete! The results are available in: D:\a\Atlantic-Software\Atlantic-Software\GymSoft_ZTATTUZ_3.6.1_x86\salida\validacion\paquete-tecnico\ejecuciones\20261009T032831Z-5420\dist
