["D:\\a\\Atlantic-Software\\Atlantic-Software\\GymSoft_ZTATTUZ_3.6.1_x64\\.venv\\Scripts\\python.exe", "-m", "PyInstaller", "--noconfirm", "--clean", "--windowed", "--onedir", "--name", "ZTATTUZ Recepcion", "--icon", "D:\\a\\Atlantic-Software\\Atlantic-Software\\GymSoft_ZTATTUZ_3.6.1_x64\\icono_recepcion.ico", "--version-file", "D:\\a\\Atlantic-Software\\Atlantic-Software\\GymSoft_ZTATTUZ_3.6.1_x64\\salida\\validacion\\paquete-tecnico\\ejecuciones\\20261009T032754Z-3916\\build\\ZTATTUZ Recepcion_version.txt", "--paths", "D:\\a\\Atlantic-Software\\Atlantic-Software\\GymSoft_ZTATTUZ_3.6.1_x64", "--workpath", "D:\\a\\Atlantic-Software\\Atlantic-Software\\GymSoft_ZTATTUZ_3.6.1_x64\\salida\\validacion\\paquete-tecnico\\ejecuciones\\20261009T032754Z-3916\\build\\work", "--specpath", "D:\\a\\Atlantic-Software\\Atlantic-Software\\GymSoft_ZTATTUZ_3.6.1_x64\\salida\\validacion\\paquete-tecnico\\ejecuciones\\20261009T032754Z-3916\\build\\spec", "--distpath", "D:\\a\\Atlantic-Software\\Atlantic-Software\\GymSoft_ZTATTUZ_3.6.1_x64\\salida\\validacion\\paquete-tecnico\\ejecuciones\\20261009T032754Z-3916\\dist", "--add-data", "D:\\a\\Atlantic-Software\\Atlantic-Software\\GymSoft_ZTATTUZ_3.6.1_x64\\gymsoft_config.json;.", "--add-data", "D:\\a\\Atlantic-Software\\Atlantic-Software\\GymSoft_ZTATTUZ_3.6.1_x64\\icono.ico;.", "--add-data", "D:\\a\\Atlantic-Software\\Atlantic-Software\\GymSoft_ZTATTUZ_3.6.1_x64\\icono_recepcion.ico;.", "--hidden-import", "PIL._tkinter_finder", "--collect-all", "supabase", "--collect-all", "realtime", "--collect-all", "certifi", "--collect-all", "postgrest", "--collect-all", "supabase_auth", "--collect-all", "tzdata", "--collect-all", "serial", "D:\\a\\Atlantic-Software\\Atlantic-Software\\GymSoft_ZTATTUZ_3.6.1_x64\\reception_app.py"]
89 INFO: PyInstaller: 6.22.2, contrib hooks: 2026.8
89 INFO: Python: 3.14.8
104 INFO: Platform: Windows-2022Server-10.0.20348-SP0
104 INFO: Python environment: D:\a\Atlantic-Software\Atlantic-Software\GymSoft_ZTATTUZ_3.6.1_x64\.venv
105 INFO: wrote D:\a\Atlantic-Software\Atlantic-Software\GymSoft_ZTATTUZ_3.6.1_x64\salida\validacion\paquete-tecnico\ejecuciones\20261009T032754Z-3916\build\spec\ZTATTUZ Recepcion.spec
107 INFO: Removing temporary files and cleaning cache in D:\a\Atlantic-Software\Atlantic-Software\GymSoft_ZTATTUZ_3.6.1_x64\salida\validacion\paquete-tecnico\ejecuciones\20261009T032754Z-3916\cache-pyinstaller\pyinstaller
2826 INFO: Module search paths (PYTHONPATH):
['D:\\a\\Atlantic-Software\\Atlantic-Software\\GymSoft_ZTATTUZ_3.6.1_x64',
 'C:\\hostedtoolcache\\windows\\Python\\3.14.8\\x64\\python314.zip',
 'C:\\hostedtoolcache\\windows\\Python\\3.14.8\\x64\\DLLs',
 'C:\\hostedtoolcache\\windows\\Python\\3.14.8\\x64\\Lib',
 'C:\\hostedtoolcache\\windows\\Python\\3.14.8\\x64',
 'D:\\a\\Atlantic-Software\\Atlantic-Software\\GymSoft_ZTATTUZ_3.6.1_x64\\.venv',
 'D:\\a\\Atlantic-Software\\Atlantic-Software\\GymSoft_ZTATTUZ_3.6.1_x64\\.venv\\Lib\\site-packages',
 'D:\\a\\Atlantic-Software\\Atlantic-Software\\GymSoft_ZTATTUZ_3.6.1_x64']
3013 INFO: Appending 'datas' from .spec
3038 INFO: checking Analysis
3038 INFO: Building Analysis because Analysis-00.toc is non existent
3038 INFO: Looking for Python shared library...
3038 INFO: Using Python shared library: C:\hostedtoolcache\windows\Python\3.14.8\x64\python314.dll
3038 INFO: Running Analysis Analysis-00.toc
3038 INFO: Target bytecode optimization level: 0
3038 INFO: Initializing module dependency graph...
3039 INFO: Initializing module graph hook caches...
3049 INFO: Analyzing modules for base_library.zip ...
4199 INFO: Processing standard module hook 'hook-encodings.py' from 'D:\\a\\Atlantic-Software\\Atlantic-Software\\GymSoft_ZTATTUZ_3.6.1_x64\\.venv\\Lib\\site-packages\\PyInstaller\\hooks'
4481 INFO: Processing standard module hook 'hook-pickle.py' from 'D:\\a\\Atlantic-Software\\Atlantic-Software\\GymSoft_ZTATTUZ_3.6.1_x64\\.venv\\Lib\\site-packages\\PyInstaller\\hooks'
4872 INFO: Processing standard module hook 'hook-math.py' from 'D:\\a\\Atlantic-Software\\Atlantic-Software\\GymSoft_ZTATTUZ_3.6.1_x64\\.venv\\Lib\\site-packages\\PyInstaller\\hooks'
5004 INFO: Processing standard module hook 'hook-difflib.py' from 'D:\\a\\Atlantic-Software\\Atlantic-Software\\GymSoft_ZTATTUZ_3.6.1_x64\\.venv\\Lib\\site-packages\\PyInstaller\\hooks'
5015 INFO: Processing standard module hook 'hook-heapq.py' from 'D:\\a\\Atlantic-Software\\Atlantic-Software\\GymSoft_ZTATTUZ_3.6.1_x64\\.venv\\Lib\\site-packages\\PyInstaller\\hooks'
7199 INFO: Caching module dependency graph...
7225 INFO: Analyzing D:\a\Atlantic-Software\Atlantic-Software\GymSoft_ZTATTUZ_3.6.1_x64\reception_app.py
7323 INFO: Processing standard module hook 'hook-zoneinfo.py' from 'D:\\a\\Atlantic-Software\\Atlantic-Software\\GymSoft_ZTATTUZ_3.6.1_x64\\.venv\\Lib\\site-packages\\_pyinstaller_hooks_contrib\\stdhooks'
7346 INFO: Processing standard module hook 'hook-sysconfig.py' from 'D:\\a\\Atlantic-Software\\Atlantic-Software\\GymSoft_ZTATTUZ_3.6.1_x64\\.venv\\Lib\\site-packages\\PyInstaller\\hooks'
7445 INFO: Processing standard module hook 'hook-_ctypes.py' from 'D:\\a\\Atlantic-Software\\Atlantic-Software\\GymSoft_ZTATTUZ_3.6.1_x64\\.venv\\Lib\\site-packages\\PyInstaller\\hooks'
7449 INFO: Processing pre-find-module-path hook 'hook-tkinter.py' from 'D:\\a\\Atlantic-Software\\Atlantic-Software\\GymSoft_ZTATTUZ_3.6.1_x64\\.venv\\Lib\\site-packages\\PyInstaller\\hooks\\pre_find_module_path'
7450 INFO: TclTkInfo: initializing cached Tcl/Tk info...
7745 INFO: Processing standard module hook 'hook-_tkinter.py' from 'D:\\a\\Atlantic-Software\\Atlantic-Software\\GymSoft_ZTATTUZ_3.6.1_x64\\.venv\\Lib\\site-packages\\PyInstaller\\hooks'
7811 INFO: Processing standard module hook 'hook-sqlite3.py' from 'D:\\a\\Atlantic-Software\\Atlantic-Software\\GymSoft_ZTATTUZ_3.6.1_x64\\.venv\\Lib\\site-packages\\PyInstaller\\hooks'
8047 INFO: Processing standard module hook 'hook-PIL.py' from 'D:\\a\\Atlantic-Software\\Atlantic-Software\\GymSoft_ZTATTUZ_3.6.1_x64\\.venv\\Lib\\site-packages\\PyInstaller\\hooks'
8162 INFO: Processing standard module hook 'hook-PIL.Image.py' from 'D:\\a\\Atlantic-Software\\Atlantic-Software\\GymSoft_ZTATTUZ_3.6.1_x64\\.venv\\Lib\\site-packages\\PyInstaller\\hooks'
8438 INFO: Processing standard module hook 'hook-xml.py' from 'D:\\a\\Atlantic-Software\\Atlantic-Software\\GymSoft_ZTATTUZ_3.6.1_x64\\.venv\\Lib\\site-packages\\PyInstaller\\hooks'
8458 INFO: Processing standard module hook 'hook-xml.etree.cElementTree.py' from 'D:\\a\\Atlantic-Software\\Atlantic-Software\\GymSoft_ZTATTUZ_3.6.1_x64\\.venv\\Lib\\site-packages\\PyInstaller\\hooks'
8644 INFO: Processing standard module hook 'hook-PIL.ImageFilter.py' from 'D:\\a\\Atlantic-Software\\Atlantic-Software\\GymSoft_ZTATTUZ_3.6.1_x64\\.venv\\Lib\\site-packages\\PyInstaller\\hooks'
9298 INFO: Processing standard module hook 'hook-certifi.py' from 'D:\\a\\Atlantic-Software\\Atlantic-Software\\GymSoft_ZTATTUZ_3.6.1_x64\\.venv\\Lib\\site-packages\\_pyinstaller_hooks_contrib\\stdhooks'
9474 INFO: Processing standard module hook 'hook-multiprocessing.util.py' from 'D:\\a\\Atlantic-Software\\Atlantic-Software\\GymSoft_ZTATTUZ_3.6.1_x64\\.venv\\Lib\\site-packages\\PyInstaller\\hooks'
10242 INFO: Processing standard module hook 'hook-anyio.py' from 'D:\\a\\Atlantic-Software\\Atlantic-Software\\GymSoft_ZTATTUZ_3.6.1_x64\\.venv\\Lib\\site-packages\\_pyinstaller_hooks_contrib\\stdhooks'
10511 INFO: Processing pre-safe-import-module hook 'hook-typing_extensions.py' from 'D:\\a\\Atlantic-Software\\Atlantic-Software\\GymSoft_ZTATTUZ_3.6.1_x64\\.venv\\Lib\\site-packages\\PyInstaller\\hooks\\pre_safe_import_module'
10512 INFO: SetuptoolsInfo: initializing cached setuptools info...
11938 INFO: Processing standard module hook 'hook-platform.py' from 'D:\\a\\Atlantic-Software\\Atlantic-Software\\GymSoft_ZTATTUZ_3.6.1_x64\\.venv\\Lib\\site-packages\\PyInstaller\\hooks'
11945 INFO: Processing pre-safe-import-module hook 'hook-packaging.py' from 'D:\\a\\Atlantic-Software\\Atlantic-Software\\GymSoft_ZTATTUZ_3.6.1_x64\\.venv\\Lib\\site-packages\\PyInstaller\\hooks\\pre_safe_import_module'
12162 INFO: Processing standard module hook 'hook-pydantic.py' from 'D:\\a\\Atlantic-Software\\Atlantic-Software\\GymSoft_ZTATTUZ_3.6.1_x64\\.venv\\Lib\\site-packages\\_pyinstaller_hooks_contrib\\stdhooks'
13874 INFO: Processing standard module hook 'hook-websockets.py' from 'D:\\a\\Atlantic-Software\\Atlantic-Software\\GymSoft_ZTATTUZ_3.6.1_x64\\.venv\\Lib\\site-packages\\_pyinstaller_hooks_contrib\\stdhooks'
14534 INFO: Processing standard module hook 'hook-cryptography.py' from 'D:\\a\\Atlantic-Software\\Atlantic-Software\\GymSoft_ZTATTUZ_3.6.1_x64\\.venv\\Lib\\site-packages\\_pyinstaller_hooks_contrib\\stdhooks'
15446 INFO: hook-cryptography: cryptography does not seem to be using dynamically linked OpenSSL.
16047 INFO: Processing standard module hook 'hook-webbrowser.py' from 'D:\\a\\Atlantic-Software\\Atlantic-Software\\GymSoft_ZTATTUZ_3.6.1_x64\\.venv\\Lib\\site-packages\\PyInstaller\\hooks'
16438 INFO: Processing standard module hook 'hook-openpyxl.py' from 'D:\\a\\Atlantic-Software\\Atlantic-Software\\GymSoft_ZTATTUZ_3.6.1_x64\\.venv\\Lib\\site-packages\\_pyinstaller_hooks_contrib\\stdhooks'
17279 INFO: Analyzing hidden import 'PIL._tkinter_finder'
17280 INFO: Analyzing hidden import 'supabase.client'
17282 INFO: Analyzing hidden import 'certifi.__main__'
17283 INFO: Analyzing hidden import 'certifi.tests'
17283 INFO: Analyzing hidden import 'certifi.tests.test_certify'
17402 INFO: Analyzing hidden import 'tzdata'
17403 INFO: Analyzing hidden import 'tzdata.zoneinfo'
17404 INFO: Analyzing hidden import 'tzdata.zoneinfo.Africa'
17404 INFO: Analyzing hidden import 'tzdata.zoneinfo.America'
17404 INFO: Analyzing hidden import 'tzdata.zoneinfo.America.Argentina'
17405 INFO: Analyzing hidden import 'tzdata.zoneinfo.America.Indiana'
17405 INFO: Analyzing hidden import 'tzdata.zoneinfo.America.Kentucky'
17405 INFO: Analyzing hidden import 'tzdata.zoneinfo.America.North_Dakota'
17406 INFO: Analyzing hidden import 'tzdata.zoneinfo.Antarctica'
17406 INFO: Analyzing hidden import 'tzdata.zoneinfo.Arctic'
17406 INFO: Analyzing hidden import 'tzdata.zoneinfo.Asia'
17407 INFO: Analyzing hidden import 'tzdata.zoneinfo.Atlantic'
17407 INFO: Analyzing hidden import 'tzdata.zoneinfo.Australia'
17407 INFO: Analyzing hidden import 'tzdata.zoneinfo.Brazil'
17407 INFO: Analyzing hidden import 'tzdata.zoneinfo.Canada'
17408 INFO: Analyzing hidden import 'tzdata.zoneinfo.Chile'
17408 INFO: Analyzing hidden import 'tzdata.zoneinfo.Etc'
17408 INFO: Analyzing hidden import 'tzdata.zoneinfo.Europe'
17409 INFO: Analyzing hidden import 'tzdata.zoneinfo.Indian'
17409 INFO: Analyzing hidden import 'tzdata.zoneinfo.Mexico'
17409 INFO: Analyzing hidden import 'tzdata.zoneinfo.Pacific'
17409 INFO: Analyzing hidden import 'tzdata.zoneinfo.US'
17410 INFO: Analyzing hidden import 'serial.__main__'
17447 INFO: Analyzing hidden import 'serial.rfc2217'
17486 INFO: Analyzing hidden import 'serial.rs485'
17488 INFO: Analyzing hidden import 'serial.threaded'
17496 INFO: Analyzing hidden import 'serial.urlhandler'
17497 INFO: Analyzing hidden import 'serial.urlhandler.protocol_alt'
17499 INFO: Analyzing hidden import 'serial.urlhandler.protocol_cp2110'
17506 INFO: Analyzing hidden import 'serial.urlhandler.protocol_hwgrep'
17508 INFO: Analyzing hidden import 'serial.urlhandler.protocol_loop'
17517 INFO: Analyzing hidden import 'serial.urlhandler.protocol_rfc2217'
17517 INFO: Analyzing hidden import 'serial.urlhandler.protocol_socket'
17527 INFO: Analyzing hidden import 'serial.urlhandler.protocol_spy'
17537 INFO: Processing module hooks (post-graph stage)...
17898 INFO: Processing pre-safe-import-module hook 'hook-tomli.py' from 'D:\\a\\Atlantic-Software\\Atlantic-Software\\GymSoft_ZTATTUZ_3.6.1_x64\\.venv\\Lib\\site-packages\\PyInstaller\\hooks\\pre_safe_import_module'
17898 INFO: Setuptools: 'tomli' appears to be a setuptools-vendored copy - creating alias to 'setuptools._vendor.tomli'!
17904 INFO: Processing standard module hook 'hook-setuptools.py' from 'D:\\a\\Atlantic-Software\\Atlantic-Software\\GymSoft_ZTATTUZ_3.6.1_x64\\.venv\\Lib\\site-packages\\PyInstaller\\hooks'
17917 INFO: Processing pre-safe-import-module hook 'hook-distutils.py' from 'D:\\a\\Atlantic-Software\\Atlantic-Software\\GymSoft_ZTATTUZ_3.6.1_x64\\.venv\\Lib\\site-packages\\PyInstaller\\hooks\\pre_safe_import_module'
17945 INFO: Processing pre-safe-import-module hook 'hook-jaraco.py' from 'D:\\a\\Atlantic-Software\\Atlantic-Software\\GymSoft_ZTATTUZ_3.6.1_x64\\.venv\\Lib\\site-packages\\PyInstaller\\hooks\\pre_safe_import_module'
17945 INFO: Setuptools: 'jaraco' appears to be a full setuptools-vendored copy - creating alias to 'setuptools._vendor.jaraco'!
17955 INFO: Processing pre-safe-import-module hook 'hook-more_itertools.py' from 'D:\\a\\Atlantic-Software\\Atlantic-Software\\GymSoft_ZTATTUZ_3.6.1_x64\\.venv\\Lib\\site-packages\\PyInstaller\\hooks\\pre_safe_import_module'
17955 INFO: Setuptools: 'more_itertools' appears to be a setuptools-vendored copy - creating alias to 'setuptools._vendor.more_itertools'!
18100 INFO: Processing standard module hook 'hook-_osx_support.py' from 'D:\\a\\Atlantic-Software\\Atlantic-Software\\GymSoft_ZTATTUZ_3.6.1_x64\\.venv\\Lib\\site-packages\\PyInstaller\\hooks'
18364 INFO: Processing standard module hook 'hook-setuptools._vendor.jaraco.text.py' from 'D:\\a\\Atlantic-Software\\Atlantic-Software\\GymSoft_ZTATTUZ_3.6.1_x64\\.venv\\Lib\\site-packages\\PyInstaller\\hooks'
18365 INFO: Processing pre-safe-import-module hook 'hook-importlib_resources.py' from 'D:\\a\\Atlantic-Software\\Atlantic-Software\\GymSoft_ZTATTUZ_3.6.1_x64\\.venv\\Lib\\site-packages\\PyInstaller\\hooks\\pre_safe_import_module'
18373 INFO: Processing pre-safe-import-module hook 'hook-backports.py' from 'D:\\a\\Atlantic-Software\\Atlantic-Software\\GymSoft_ZTATTUZ_3.6.1_x64\\.venv\\Lib\\site-packages\\PyInstaller\\hooks\\pre_safe_import_module'
18373 INFO: Setuptools: 'backports' appears to be a full setuptools-vendored copy - creating alias to 'setuptools._vendor.backports'!
19361 INFO: Processing pre-safe-import-module hook 'hook-wheel.py' from 'D:\\a\\Atlantic-Software\\Atlantic-Software\\GymSoft_ZTATTUZ_3.6.1_x64\\.venv\\Lib\\site-packages\\PyInstaller\\hooks\\pre_safe_import_module'
19362 INFO: Setuptools: 'wheel' appears to be a setuptools-vendored copy - creating alias to 'setuptools._vendor.wheel'!
19492 INFO: Processing standard module hook 'hook-tzdata.py' from 'D:\\a\\Atlantic-Software\\Atlantic-Software\\GymSoft_ZTATTUZ_3.6.1_x64\\.venv\\Lib\\site-packages\\_pyinstaller_hooks_contrib\\stdhooks'
20272 INFO: Processing standard module hook 'hook-PIL.SpiderImagePlugin.py' from 'D:\\a\\Atlantic-Software\\Atlantic-Software\\GymSoft_ZTATTUZ_3.6.1_x64\\.venv\\Lib\\site-packages\\PyInstaller\\hooks'
20952 INFO: Processing standard module hook 'hook-_tkinter.py' from 'D:\\a\\Atlantic-Software\\Atlantic-Software\\GymSoft_ZTATTUZ_3.6.1_x64\\.venv\\Lib\\site-packages\\PyInstaller\\hooks'
20970 INFO: Performing binary vs. data reclassification (788 entries)
21003 INFO: Looking for ctypes DLLs
21056 WARNING: Ignoring /System/Library/Frameworks/IOKit.framework/IOKit imported from D:\a\Atlantic-Software\Atlantic-Software\GymSoft_ZTATTUZ_3.6.1_x64\.venv\Lib\site-packages\serial\tools\list_ports_osx.py - only basenames are supported with ctypes imports!
21056 WARNING: Ignoring /System/Library/Frameworks/CoreFoundation.framework/CoreFoundation imported from D:\a\Atlantic-Software\Atlantic-Software\GymSoft_ZTATTUZ_3.6.1_x64\.venv\Lib\site-packages\serial\tools\list_ports_osx.py - only basenames are supported with ctypes imports!
21088 INFO: Analyzing run-time hooks ...
21094 INFO: Including run-time hook 'pyi_rth_inspect.py' from 'D:\\a\\Atlantic-Software\\Atlantic-Software\\GymSoft_ZTATTUZ_3.6.1_x64\\.venv\\Lib\\site-packages\\PyInstaller\\hooks\\rthooks'
21096 INFO: Including run-time hook 'pyi_rth_pkgutil.py' from 'D:\\a\\Atlantic-Software\\Atlantic-Software\\GymSoft_ZTATTUZ_3.6.1_x64\\.venv\\Lib\\site-packages\\PyInstaller\\hooks\\rthooks'
21098 INFO: Including run-time hook 'pyi_rth_multiprocessing.py' from 'D:\\a\\Atlantic-Software\\Atlantic-Software\\GymSoft_ZTATTUZ_3.6.1_x64\\.venv\\Lib\\site-packages\\PyInstaller\\hooks\\rthooks'
21100 INFO: Including run-time hook 'pyi_rth_setuptools.py' from 'D:\\a\\Atlantic-Software\\Atlantic-Software\\GymSoft_ZTATTUZ_3.6.1_x64\\.venv\\Lib\\site-packages\\PyInstaller\\hooks\\rthooks'
21101 INFO: Including run-time hook 'pyi_rth_cryptography_openssl.py' from 'D:\\a\\Atlantic-Software\\Atlantic-Software\\GymSoft_ZTATTUZ_3.6.1_x64\\.venv\\Lib\\site-packages\\_pyinstaller_hooks_contrib\\rthooks'
21102 INFO: Including run-time hook 'pyi_rth__tkinter.py' from 'D:\\a\\Atlantic-Software\\Atlantic-Software\\GymSoft_ZTATTUZ_3.6.1_x64\\.venv\\Lib\\site-packages\\PyInstaller\\hooks\\rthooks'
21125 INFO: Creating base_library.zip...
21140 INFO: Looking for dynamic libraries
21816 INFO: Extra DLL search directories (AddDllDirectory): []
21816 INFO: Extra DLL search directories (PATH): []
22331 INFO: Warnings written to D:\a\Atlantic-Software\Atlantic-Software\GymSoft_ZTATTUZ_3.6.1_x64\salida\validacion\paquete-tecnico\ejecuciones\20261009T032754Z-3916\build\work\ZTATTUZ Recepcion\warn-ZTATTUZ Recepcion.txt
22413 INFO: Graph cross-reference written to D:\a\Atlantic-Software\Atlantic-Software\GymSoft_ZTATTUZ_3.6.1_x64\salida\validacion\paquete-tecnico\ejecuciones\20261009T032754Z-3916\build\work\ZTATTUZ Recepcion\xref-ZTATTUZ Recepcion.html
22469 INFO: checking PYZ
22469 INFO: Building PYZ because PYZ-00.toc is non existent
22469 INFO: Building PYZ (ZlibArchive) D:\a\Atlantic-Software\Atlantic-Software\GymSoft_ZTATTUZ_3.6.1_x64\salida\validacion\paquete-tecnico\ejecuciones\20261009T032754Z-3916\build\work\ZTATTUZ Recepcion\PYZ-00.pyz
23007 INFO: Building PYZ (ZlibArchive) D:\a\Atlantic-Software\Atlantic-Software\GymSoft_ZTATTUZ_3.6.1_x64\salida\validacion\paquete-tecnico\ejecuciones\20261009T032754Z-3916\build\work\ZTATTUZ Recepcion\PYZ-00.pyz completed successfully.
23029 INFO: checking PKG
23029 INFO: Building PKG because PKG-00.toc is non existent
23029 INFO: Building PKG (CArchive) ZTATTUZ Recepcion.pkg
23063 INFO: Building PKG (CArchive) ZTATTUZ Recepcion.pkg completed successfully.
23064 INFO: Bootloader D:\a\Atlantic-Software\Atlantic-Software\GymSoft_ZTATTUZ_3.6.1_x64\.venv\Lib\site-packages\PyInstaller\bootloader\Windows-64bit-intel\runw.exe
23064 INFO: checking EXE
23064 INFO: Building EXE because EXE-00.toc is non existent
23064 INFO: Building EXE from EXE-00.toc
23064 INFO: Copying bootloader EXE to D:\a\Atlantic-Software\Atlantic-Software\GymSoft_ZTATTUZ_3.6.1_x64\salida\validacion\paquete-tecnico\ejecuciones\20261009T032754Z-3916\build\work\ZTATTUZ Recepcion\ZTATTUZ Recepcion.exe
23066 INFO: Copying icon to EXE
23067 INFO: Copying version information to EXE
23069 INFO: Copying 0 resources to EXE
23069 INFO: Embedding manifest in EXE
23071 INFO: Appending PKG archive to EXE
23075 INFO: Fixing EXE headers
23162 INFO: Building EXE from EXE-00.toc completed successfully.
23168 INFO: checking COLLECT
23168 INFO: Building COLLECT because COLLECT-00.toc is non existent
23168 INFO: Building COLLECT COLLECT-00.toc
23470 INFO: Building COLLECT COLLECT-00.toc completed successfully.
23485 INFO: Build complete! The results are available in: D:\a\Atlantic-Software\Atlantic-Software\GymSoft_ZTATTUZ_3.6.1_x64\salida\validacion\paquete-tecnico\ejecuciones\20261009T032754Z-3916\dist
