203 INFO: PyInstaller: 6.22.2, contrib hooks: 2026.8
204 INFO: Python: 3.14.8
236 INFO: Platform: Windows-2022Server-10.0.20348-SP0
236 INFO: Python environment: D:\a\Atlantic-Software\Atlantic-Software\GymSoft_ZTATTUZ_3.6.1_x86\.venv
237 INFO: wrote build/frozen-probe\FrozenWindowsProbe.spec
241 INFO: Removing temporary files and cleaning cache in C:\Users\runneradmin\AppData\Local\pyinstaller
990 INFO: Module search paths (PYTHONPATH):
['D:\\a\\Atlantic-Software\\Atlantic-Software\\GymSoft_ZTATTUZ_3.6.1_x86',
 'C:\\hostedtoolcache\\windows\\Python\\3.14.8\\x86\\python314.zip',
 'C:\\hostedtoolcache\\windows\\Python\\3.14.8\\x86\\DLLs',
 'C:\\hostedtoolcache\\windows\\Python\\3.14.8\\x86\\Lib',
 'C:\\hostedtoolcache\\windows\\Python\\3.14.8\\x86',
 'D:\\a\\Atlantic-Software\\Atlantic-Software\\GymSoft_ZTATTUZ_3.6.1_x86\\.venv',
 'D:\\a\\Atlantic-Software\\Atlantic-Software\\GymSoft_ZTATTUZ_3.6.1_x86\\.venv\\Lib\\site-packages',
 'D:\\a\\Atlantic-Software\\Atlantic-Software\\tools',
 'D:\\a\\Atlantic-Software\\Atlantic-Software\\GymSoft_ZTATTUZ_3.6.1_x86']
1324 INFO: Appending 'datas' from .spec
1354 INFO: checking Analysis
1354 INFO: Building Analysis because Analysis-00.toc is non existent
1354 INFO: Looking for Python shared library...
1354 INFO: Using Python shared library: C:\hostedtoolcache\windows\Python\3.14.8\x86\python314.dll
1354 INFO: Running Analysis Analysis-00.toc
1354 INFO: Target bytecode optimization level: 0
1355 INFO: Initializing module dependency graph...
1357 INFO: Initializing module graph hook caches...
1385 INFO: Analyzing modules for base_library.zip ...
3603 INFO: Processing standard module hook 'hook-encodings.py' from 'D:\\a\\Atlantic-Software\\Atlantic-Software\\GymSoft_ZTATTUZ_3.6.1_x86\\.venv\\Lib\\site-packages\\PyInstaller\\hooks'
4172 INFO: Processing standard module hook 'hook-math.py' from 'D:\\a\\Atlantic-Software\\Atlantic-Software\\GymSoft_ZTATTUZ_3.6.1_x86\\.venv\\Lib\\site-packages\\PyInstaller\\hooks'
6478 INFO: Processing standard module hook 'hook-difflib.py' from 'D:\\a\\Atlantic-Software\\Atlantic-Software\\GymSoft_ZTATTUZ_3.6.1_x86\\.venv\\Lib\\site-packages\\PyInstaller\\hooks'
6500 INFO: Processing standard module hook 'hook-heapq.py' from 'D:\\a\\Atlantic-Software\\Atlantic-Software\\GymSoft_ZTATTUZ_3.6.1_x86\\.venv\\Lib\\site-packages\\PyInstaller\\hooks'
6699 INFO: Processing standard module hook 'hook-pickle.py' from 'D:\\a\\Atlantic-Software\\Atlantic-Software\\GymSoft_ZTATTUZ_3.6.1_x86\\.venv\\Lib\\site-packages\\PyInstaller\\hooks'
9243 INFO: Caching module dependency graph...
9290 INFO: Analyzing D:\a\Atlantic-Software\Atlantic-Software\tools\windows_frozen_probe.py
9299 INFO: Processing pre-find-module-path hook 'hook-tkinter.py' from 'D:\\a\\Atlantic-Software\\Atlantic-Software\\GymSoft_ZTATTUZ_3.6.1_x86\\.venv\\Lib\\site-packages\\PyInstaller\\hooks\\pre_find_module_path'
9301 INFO: TclTkInfo: initializing cached Tcl/Tk info...
9796 INFO: Processing standard module hook 'hook-_tkinter.py' from 'D:\\a\\Atlantic-Software\\Atlantic-Software\\GymSoft_ZTATTUZ_3.6.1_x86\\.venv\\Lib\\site-packages\\PyInstaller\\hooks'
9807 INFO: Processing standard module hook 'hook-zoneinfo.py' from 'D:\\a\\Atlantic-Software\\Atlantic-Software\\GymSoft_ZTATTUZ_3.6.1_x86\\.venv\\Lib\\site-packages\\_pyinstaller_hooks_contrib\\stdhooks'
9852 INFO: Processing standard module hook 'hook-sysconfig.py' from 'D:\\a\\Atlantic-Software\\Atlantic-Software\\GymSoft_ZTATTUZ_3.6.1_x86\\.venv\\Lib\\site-packages\\PyInstaller\\hooks'
9909 INFO: Processing standard module hook 'hook-certifi.py' from 'D:\\a\\Atlantic-Software\\Atlantic-Software\\GymSoft_ZTATTUZ_3.6.1_x86\\.venv\\Lib\\site-packages\\_pyinstaller_hooks_contrib\\stdhooks'
10861 INFO: Processing standard module hook 'hook-multiprocessing.util.py' from 'D:\\a\\Atlantic-Software\\Atlantic-Software\\GymSoft_ZTATTUZ_3.6.1_x86\\.venv\\Lib\\site-packages\\PyInstaller\\hooks'
11037 INFO: Processing standard module hook 'hook-xml.py' from 'D:\\a\\Atlantic-Software\\Atlantic-Software\\GymSoft_ZTATTUZ_3.6.1_x86\\.venv\\Lib\\site-packages\\PyInstaller\\hooks'
11536 INFO: Processing standard module hook 'hook-_ctypes.py' from 'D:\\a\\Atlantic-Software\\Atlantic-Software\\GymSoft_ZTATTUZ_3.6.1_x86\\.venv\\Lib\\site-packages\\PyInstaller\\hooks'
12420 INFO: Processing standard module hook 'hook-anyio.py' from 'D:\\a\\Atlantic-Software\\Atlantic-Software\\GymSoft_ZTATTUZ_3.6.1_x86\\.venv\\Lib\\site-packages\\_pyinstaller_hooks_contrib\\stdhooks'
12878 INFO: Processing pre-safe-import-module hook 'hook-typing_extensions.py' from 'D:\\a\\Atlantic-Software\\Atlantic-Software\\GymSoft_ZTATTUZ_3.6.1_x86\\.venv\\Lib\\site-packages\\PyInstaller\\hooks\\pre_safe_import_module'
12879 INFO: SetuptoolsInfo: initializing cached setuptools info...
15476 INFO: Processing standard module hook 'hook-openpyxl.py' from 'D:\\a\\Atlantic-Software\\Atlantic-Software\\GymSoft_ZTATTUZ_3.6.1_x86\\.venv\\Lib\\site-packages\\_pyinstaller_hooks_contrib\\stdhooks'
15889 INFO: Processing standard module hook 'hook-xml.etree.cElementTree.py' from 'D:\\a\\Atlantic-Software\\Atlantic-Software\\GymSoft_ZTATTUZ_3.6.1_x86\\.venv\\Lib\\site-packages\\PyInstaller\\hooks'
16514 INFO: Processing standard module hook 'hook-PIL.py' from 'D:\\a\\Atlantic-Software\\Atlantic-Software\\GymSoft_ZTATTUZ_3.6.1_x86\\.venv\\Lib\\site-packages\\PyInstaller\\hooks'
16753 INFO: Processing standard module hook 'hook-PIL.Image.py' from 'D:\\a\\Atlantic-Software\\Atlantic-Software\\GymSoft_ZTATTUZ_3.6.1_x86\\.venv\\Lib\\site-packages\\PyInstaller\\hooks'
17485 INFO: Processing standard module hook 'hook-PIL.ImageFilter.py' from 'D:\\a\\Atlantic-Software\\Atlantic-Software\\GymSoft_ZTATTUZ_3.6.1_x86\\.venv\\Lib\\site-packages\\PyInstaller\\hooks'
18774 INFO: Processing standard module hook 'hook-pydantic.py' from 'D:\\a\\Atlantic-Software\\Atlantic-Software\\GymSoft_ZTATTUZ_3.6.1_x86\\.venv\\Lib\\site-packages\\_pyinstaller_hooks_contrib\\stdhooks'
19414 INFO: Processing standard module hook 'hook-platform.py' from 'D:\\a\\Atlantic-Software\\Atlantic-Software\\GymSoft_ZTATTUZ_3.6.1_x86\\.venv\\Lib\\site-packages\\PyInstaller\\hooks'
21839 INFO: Processing standard module hook 'hook-websockets.py' from 'D:\\a\\Atlantic-Software\\Atlantic-Software\\GymSoft_ZTATTUZ_3.6.1_x86\\.venv\\Lib\\site-packages\\_pyinstaller_hooks_contrib\\stdhooks'
22619 INFO: Processing pre-safe-import-module hook 'hook-packaging.py' from 'D:\\a\\Atlantic-Software\\Atlantic-Software\\GymSoft_ZTATTUZ_3.6.1_x86\\.venv\\Lib\\site-packages\\PyInstaller\\hooks\\pre_safe_import_module'
23642 INFO: Processing standard module hook 'hook-cryptography.py' from 'D:\\a\\Atlantic-Software\\Atlantic-Software\\GymSoft_ZTATTUZ_3.6.1_x86\\.venv\\Lib\\site-packages\\_pyinstaller_hooks_contrib\\stdhooks'
D:\a\Atlantic-Software\Atlantic-Software\GymSoft_ZTATTUZ_3.6.1_x86\.venv\Lib\site-packages\cryptography\hazmat\backends\openssl\backend.py:8: UserWarning: You are using cryptography on a 32-bit Python on a 64-bit Windows Operating System. Cryptography will be significantly faster if you switch to using a 64-bit Python.
  from cryptography.hazmat.bindings.openssl import binding
D:\a\Atlantic-Software\Atlantic-Software\GymSoft_ZTATTUZ_3.6.1_x86\.venv\Lib\site-packages\cryptography\hazmat\backends\openssl\backend.py:8: UserWarning: You are using cryptography on a 32-bit Python on a 64-bit Windows Operating System. Cryptography will be significantly faster if you switch to using a 64-bit Python.
  from cryptography.hazmat.bindings.openssl import binding
25115 INFO: hook-cryptography: cryptography does not seem to be using dynamically linked OpenSSL.
26994 INFO: Processing standard module hook 'hook-sqlite3.py' from 'D:\\a\\Atlantic-Software\\Atlantic-Software\\GymSoft_ZTATTUZ_3.6.1_x86\\.venv\\Lib\\site-packages\\PyInstaller\\hooks'
27563 INFO: Processing standard module hook 'hook-webbrowser.py' from 'D:\\a\\Atlantic-Software\\Atlantic-Software\\GymSoft_ZTATTUZ_3.6.1_x86\\.venv\\Lib\\site-packages\\PyInstaller\\hooks'
28790 INFO: Analyzing hidden import 'PIL._tkinter_finder'
28792 INFO: Analyzing hidden import 'tzdata'
28794 INFO: Analyzing hidden import 'tzdata.zoneinfo'
28795 INFO: Analyzing hidden import 'tzdata.zoneinfo.Africa'
28795 INFO: Analyzing hidden import 'tzdata.zoneinfo.America'
28796 INFO: Analyzing hidden import 'tzdata.zoneinfo.America.Argentina'
28797 INFO: Analyzing hidden import 'tzdata.zoneinfo.America.Indiana'
28798 INFO: Analyzing hidden import 'tzdata.zoneinfo.America.Kentucky'
28798 INFO: Analyzing hidden import 'tzdata.zoneinfo.America.North_Dakota'
28799 INFO: Analyzing hidden import 'tzdata.zoneinfo.Antarctica'
28800 INFO: Analyzing hidden import 'tzdata.zoneinfo.Arctic'
28800 INFO: Analyzing hidden import 'tzdata.zoneinfo.Asia'
28801 INFO: Analyzing hidden import 'tzdata.zoneinfo.Atlantic'
28802 INFO: Analyzing hidden import 'tzdata.zoneinfo.Australia'
28802 INFO: Analyzing hidden import 'tzdata.zoneinfo.Brazil'
28803 INFO: Analyzing hidden import 'tzdata.zoneinfo.Canada'
28803 INFO: Analyzing hidden import 'tzdata.zoneinfo.Chile'
28804 INFO: Analyzing hidden import 'tzdata.zoneinfo.Etc'
28805 INFO: Analyzing hidden import 'tzdata.zoneinfo.Europe'
28805 INFO: Analyzing hidden import 'tzdata.zoneinfo.Indian'
28806 INFO: Analyzing hidden import 'tzdata.zoneinfo.Mexico'
28807 INFO: Analyzing hidden import 'tzdata.zoneinfo.Pacific'
28807 INFO: Analyzing hidden import 'tzdata.zoneinfo.US'
28808 INFO: Processing module hooks (post-graph stage)...
29518 INFO: Processing pre-safe-import-module hook 'hook-tomli.py' from 'D:\\a\\Atlantic-Software\\Atlantic-Software\\GymSoft_ZTATTUZ_3.6.1_x86\\.venv\\Lib\\site-packages\\PyInstaller\\hooks\\pre_safe_import_module'
29518 INFO: Setuptools: 'tomli' appears to be a setuptools-vendored copy - creating alias to 'setuptools._vendor.tomli'!
29530 INFO: Processing standard module hook 'hook-setuptools.py' from 'D:\\a\\Atlantic-Software\\Atlantic-Software\\GymSoft_ZTATTUZ_3.6.1_x86\\.venv\\Lib\\site-packages\\PyInstaller\\hooks'
29556 INFO: Processing pre-safe-import-module hook 'hook-distutils.py' from 'D:\\a\\Atlantic-Software\\Atlantic-Software\\GymSoft_ZTATTUZ_3.6.1_x86\\.venv\\Lib\\site-packages\\PyInstaller\\hooks\\pre_safe_import_module'
29610 INFO: Processing pre-safe-import-module hook 'hook-jaraco.py' from 'D:\\a\\Atlantic-Software\\Atlantic-Software\\GymSoft_ZTATTUZ_3.6.1_x86\\.venv\\Lib\\site-packages\\PyInstaller\\hooks\\pre_safe_import_module'
29610 INFO: Setuptools: 'jaraco' appears to be a full setuptools-vendored copy - creating alias to 'setuptools._vendor.jaraco'!
29630 INFO: Processing pre-safe-import-module hook 'hook-more_itertools.py' from 'D:\\a\\Atlantic-Software\\Atlantic-Software\\GymSoft_ZTATTUZ_3.6.1_x86\\.venv\\Lib\\site-packages\\PyInstaller\\hooks\\pre_safe_import_module'
29630 INFO: Setuptools: 'more_itertools' appears to be a setuptools-vendored copy - creating alias to 'setuptools._vendor.more_itertools'!
29892 INFO: Processing standard module hook 'hook-_osx_support.py' from 'D:\\a\\Atlantic-Software\\Atlantic-Software\\GymSoft_ZTATTUZ_3.6.1_x86\\.venv\\Lib\\site-packages\\PyInstaller\\hooks'
30406 INFO: Processing standard module hook 'hook-setuptools._vendor.jaraco.text.py' from 'D:\\a\\Atlantic-Software\\Atlantic-Software\\GymSoft_ZTATTUZ_3.6.1_x86\\.venv\\Lib\\site-packages\\PyInstaller\\hooks'
30408 INFO: Processing pre-safe-import-module hook 'hook-importlib_resources.py' from 'D:\\a\\Atlantic-Software\\Atlantic-Software\\GymSoft_ZTATTUZ_3.6.1_x86\\.venv\\Lib\\site-packages\\PyInstaller\\hooks\\pre_safe_import_module'
30423 INFO: Processing pre-safe-import-module hook 'hook-backports.py' from 'D:\\a\\Atlantic-Software\\Atlantic-Software\\GymSoft_ZTATTUZ_3.6.1_x86\\.venv\\Lib\\site-packages\\PyInstaller\\hooks\\pre_safe_import_module'
30423 INFO: Setuptools: 'backports' appears to be a full setuptools-vendored copy - creating alias to 'setuptools._vendor.backports'!
32246 INFO: Processing pre-safe-import-module hook 'hook-wheel.py' from 'D:\\a\\Atlantic-Software\\Atlantic-Software\\GymSoft_ZTATTUZ_3.6.1_x86\\.venv\\Lib\\site-packages\\PyInstaller\\hooks\\pre_safe_import_module'
32246 INFO: Setuptools: 'wheel' appears to be a setuptools-vendored copy - creating alias to 'setuptools._vendor.wheel'!
32513 INFO: Processing standard module hook 'hook-tzdata.py' from 'D:\\a\\Atlantic-Software\\Atlantic-Software\\GymSoft_ZTATTUZ_3.6.1_x86\\.venv\\Lib\\site-packages\\_pyinstaller_hooks_contrib\\stdhooks'
33944 INFO: Processing standard module hook 'hook-PIL.SpiderImagePlugin.py' from 'D:\\a\\Atlantic-Software\\Atlantic-Software\\GymSoft_ZTATTUZ_3.6.1_x86\\.venv\\Lib\\site-packages\\PyInstaller\\hooks'
35235 INFO: Processing standard module hook 'hook-_tkinter.py' from 'D:\\a\\Atlantic-Software\\Atlantic-Software\\GymSoft_ZTATTUZ_3.6.1_x86\\.venv\\Lib\\site-packages\\PyInstaller\\hooks'
35262 INFO: Performing binary vs. data reclassification (651 entries)
35308 INFO: Looking for ctypes DLLs
35444 WARNING: Ignoring /System/Library/Frameworks/CoreFoundation.framework/CoreFoundation imported from D:\a\Atlantic-Software\Atlantic-Software\GymSoft_ZTATTUZ_3.6.1_x86\.venv\Lib\site-packages\serial\tools\list_ports_osx.py - only basenames are supported with ctypes imports!
35444 WARNING: Ignoring /System/Library/Frameworks/IOKit.framework/IOKit imported from D:\a\Atlantic-Software\Atlantic-Software\GymSoft_ZTATTUZ_3.6.1_x86\.venv\Lib\site-packages\serial\tools\list_ports_osx.py - only basenames are supported with ctypes imports!
35514 INFO: Analyzing run-time hooks ...
35522 INFO: Including run-time hook 'pyi_rth_inspect.py' from 'D:\\a\\Atlantic-Software\\Atlantic-Software\\GymSoft_ZTATTUZ_3.6.1_x86\\.venv\\Lib\\site-packages\\PyInstaller\\hooks\\rthooks'
35526 INFO: Including run-time hook 'pyi_rth_pkgutil.py' from 'D:\\a\\Atlantic-Software\\Atlantic-Software\\GymSoft_ZTATTUZ_3.6.1_x86\\.venv\\Lib\\site-packages\\PyInstaller\\hooks\\rthooks'
35530 INFO: Including run-time hook 'pyi_rth_multiprocessing.py' from 'D:\\a\\Atlantic-Software\\Atlantic-Software\\GymSoft_ZTATTUZ_3.6.1_x86\\.venv\\Lib\\site-packages\\PyInstaller\\hooks\\rthooks'
35533 INFO: Including run-time hook 'pyi_rth_setuptools.py' from 'D:\\a\\Atlantic-Software\\Atlantic-Software\\GymSoft_ZTATTUZ_3.6.1_x86\\.venv\\Lib\\site-packages\\PyInstaller\\hooks\\rthooks'
35535 INFO: Including run-time hook 'pyi_rth_cryptography_openssl.py' from 'D:\\a\\Atlantic-Software\\Atlantic-Software\\GymSoft_ZTATTUZ_3.6.1_x86\\.venv\\Lib\\site-packages\\_pyinstaller_hooks_contrib\\rthooks'
35537 INFO: Including run-time hook 'pyi_rth__tkinter.py' from 'D:\\a\\Atlantic-Software\\Atlantic-Software\\GymSoft_ZTATTUZ_3.6.1_x86\\.venv\\Lib\\site-packages\\PyInstaller\\hooks\\rthooks'
35579 INFO: Creating base_library.zip...
35606 INFO: Looking for dynamic libraries
D:\a\Atlantic-Software\Atlantic-Software\GymSoft_ZTATTUZ_3.6.1_x86\.venv\Lib\site-packages\cryptography\hazmat\backends\openssl\backend.py:8: UserWarning: You are using cryptography on a 32-bit Python on a 64-bit Windows Operating System. Cryptography will be significantly faster if you switch to using a 64-bit Python.
  from cryptography.hazmat.bindings.openssl import binding
36766 INFO: Extra DLL search directories (AddDllDirectory): []
36766 INFO: Extra DLL search directories (PATH): []
37660 INFO: Warnings written to D:\a\Atlantic-Software\Atlantic-Software\GymSoft_ZTATTUZ_3.6.1_x86\build\frozen-probe\FrozenWindowsProbe\warn-FrozenWindowsProbe.txt
37814 INFO: Graph cross-reference written to D:\a\Atlantic-Software\Atlantic-Software\GymSoft_ZTATTUZ_3.6.1_x86\build\frozen-probe\FrozenWindowsProbe\xref-FrozenWindowsProbe.html
37910 INFO: checking PYZ
37910 INFO: Building PYZ because PYZ-00.toc is non existent
37910 INFO: Building PYZ (ZlibArchive) D:\a\Atlantic-Software\Atlantic-Software\GymSoft_ZTATTUZ_3.6.1_x86\build\frozen-probe\FrozenWindowsProbe\PYZ-00.pyz
38742 INFO: Building PYZ (ZlibArchive) D:\a\Atlantic-Software\Atlantic-Software\GymSoft_ZTATTUZ_3.6.1_x86\build\frozen-probe\FrozenWindowsProbe\PYZ-00.pyz completed successfully.
38791 INFO: checking PKG
38791 INFO: Building PKG because PKG-00.toc is non existent
38791 INFO: Building PKG (CArchive) FrozenWindowsProbe.pkg
38809 INFO: Building PKG (CArchive) FrozenWindowsProbe.pkg completed successfully.
38811 INFO: Bootloader D:\a\Atlantic-Software\Atlantic-Software\GymSoft_ZTATTUZ_3.6.1_x86\.venv\Lib\site-packages\PyInstaller\bootloader\Windows-32bit-intel\run.exe
38811 INFO: checking EXE
38811 INFO: Building EXE because EXE-00.toc is non existent
38811 INFO: Building EXE from EXE-00.toc
38811 INFO: Copying bootloader EXE to D:\a\Atlantic-Software\Atlantic-Software\GymSoft_ZTATTUZ_3.6.1_x86\build\frozen-probe\FrozenWindowsProbe\FrozenWindowsProbe.exe
38814 INFO: Copying icon to EXE
38817 INFO: Copying 0 resources to EXE
38817 INFO: Embedding manifest in EXE
38818 INFO: Appending PKG archive to EXE
38824 INFO: Fixing EXE headers
38887 INFO: Building EXE from EXE-00.toc completed successfully.
38896 INFO: checking COLLECT
38897 INFO: Building COLLECT because COLLECT-00.toc is non existent
38897 INFO: Building COLLECT COLLECT-00.toc
39243 INFO: Building COLLECT COLLECT-00.toc completed successfully.
39265 INFO: Build complete! The results are available in: D:\a\Atlantic-Software\Atlantic-Software\GymSoft_ZTATTUZ_3.6.1_x86\salida\validacion\frozen-probe
