218 INFO: PyInstaller: 6.22.2, contrib hooks: 2026.8
218 INFO: Python: 3.14.8
238 INFO: Platform: Windows-2022Server-10.0.20348-SP0
238 INFO: Python environment: D:\a\Atlantic-Software\Atlantic-Software\GymSoft_Comercial_3.6.0\.venv
239 INFO: wrote build/frozen-probe\FrozenWindowsProbe.spec
241 INFO: Removing temporary files and cleaning cache in C:\Users\runneradmin\AppData\Local\pyinstaller
671 INFO: Module search paths (PYTHONPATH):
['D:\\a\\Atlantic-Software\\Atlantic-Software\\GymSoft_Comercial_3.6.0',
 'C:\\hostedtoolcache\\windows\\Python\\3.14.8\\x64\\python314.zip',
 'C:\\hostedtoolcache\\windows\\Python\\3.14.8\\x64\\DLLs',
 'C:\\hostedtoolcache\\windows\\Python\\3.14.8\\x64\\Lib',
 'C:\\hostedtoolcache\\windows\\Python\\3.14.8\\x64',
 'D:\\a\\Atlantic-Software\\Atlantic-Software\\GymSoft_Comercial_3.6.0\\.venv',
 'D:\\a\\Atlantic-Software\\Atlantic-Software\\GymSoft_Comercial_3.6.0\\.venv\\Lib\\site-packages',
 'D:\\a\\Atlantic-Software\\Atlantic-Software\\tools',
 'D:\\a\\Atlantic-Software\\Atlantic-Software\\GymSoft_Comercial_3.6.0']
873 INFO: Appending 'datas' from .spec
893 INFO: checking Analysis
893 INFO: Building Analysis because Analysis-00.toc is non existent
893 INFO: Looking for Python shared library...
893 INFO: Using Python shared library: C:\hostedtoolcache\windows\Python\3.14.8\x64\python314.dll
894 INFO: Running Analysis Analysis-00.toc
894 INFO: Target bytecode optimization level: 0
894 INFO: Initializing module dependency graph...
896 INFO: Initializing module graph hook caches...
908 INFO: Analyzing modules for base_library.zip ...
2753 INFO: Processing standard module hook 'hook-encodings.py' from 'D:\\a\\Atlantic-Software\\Atlantic-Software\\GymSoft_Comercial_3.6.0\\.venv\\Lib\\site-packages\\PyInstaller\\hooks'
3104 INFO: Processing standard module hook 'hook-pickle.py' from 'D:\\a\\Atlantic-Software\\Atlantic-Software\\GymSoft_Comercial_3.6.0\\.venv\\Lib\\site-packages\\PyInstaller\\hooks'
3192 INFO: Processing standard module hook 'hook-math.py' from 'D:\\a\\Atlantic-Software\\Atlantic-Software\\GymSoft_Comercial_3.6.0\\.venv\\Lib\\site-packages\\PyInstaller\\hooks'
3381 INFO: Processing standard module hook 'hook-difflib.py' from 'D:\\a\\Atlantic-Software\\Atlantic-Software\\GymSoft_Comercial_3.6.0\\.venv\\Lib\\site-packages\\PyInstaller\\hooks'
3398 INFO: Processing standard module hook 'hook-heapq.py' from 'D:\\a\\Atlantic-Software\\Atlantic-Software\\GymSoft_Comercial_3.6.0\\.venv\\Lib\\site-packages\\PyInstaller\\hooks'
6272 INFO: Caching module dependency graph...
6300 INFO: Analyzing D:\a\Atlantic-Software\Atlantic-Software\tools\windows_frozen_probe.py
6305 INFO: Processing pre-find-module-path hook 'hook-tkinter.py' from 'D:\\a\\Atlantic-Software\\Atlantic-Software\\GymSoft_Comercial_3.6.0\\.venv\\Lib\\site-packages\\PyInstaller\\hooks\\pre_find_module_path'
6306 INFO: TclTkInfo: initializing cached Tcl/Tk info...
6614 INFO: Processing standard module hook 'hook-_tkinter.py' from 'D:\\a\\Atlantic-Software\\Atlantic-Software\\GymSoft_Comercial_3.6.0\\.venv\\Lib\\site-packages\\PyInstaller\\hooks'
6630 INFO: Processing standard module hook 'hook-zoneinfo.py' from 'D:\\a\\Atlantic-Software\\Atlantic-Software\\GymSoft_Comercial_3.6.0\\.venv\\Lib\\site-packages\\_pyinstaller_hooks_contrib\\stdhooks'
6683 INFO: Processing standard module hook 'hook-sysconfig.py' from 'D:\\a\\Atlantic-Software\\Atlantic-Software\\GymSoft_Comercial_3.6.0\\.venv\\Lib\\site-packages\\PyInstaller\\hooks'
6731 INFO: Processing standard module hook 'hook-certifi.py' from 'D:\\a\\Atlantic-Software\\Atlantic-Software\\GymSoft_Comercial_3.6.0\\.venv\\Lib\\site-packages\\_pyinstaller_hooks_contrib\\stdhooks'
7270 INFO: Processing standard module hook 'hook-multiprocessing.util.py' from 'D:\\a\\Atlantic-Software\\Atlantic-Software\\GymSoft_Comercial_3.6.0\\.venv\\Lib\\site-packages\\PyInstaller\\hooks'
7388 INFO: Processing standard module hook 'hook-xml.py' from 'D:\\a\\Atlantic-Software\\Atlantic-Software\\GymSoft_Comercial_3.6.0\\.venv\\Lib\\site-packages\\PyInstaller\\hooks'
7875 INFO: Processing standard module hook 'hook-_ctypes.py' from 'D:\\a\\Atlantic-Software\\Atlantic-Software\\GymSoft_Comercial_3.6.0\\.venv\\Lib\\site-packages\\PyInstaller\\hooks'
8379 INFO: Processing standard module hook 'hook-anyio.py' from 'D:\\a\\Atlantic-Software\\Atlantic-Software\\GymSoft_Comercial_3.6.0\\.venv\\Lib\\site-packages\\_pyinstaller_hooks_contrib\\stdhooks'
8659 INFO: Processing pre-safe-import-module hook 'hook-typing_extensions.py' from 'D:\\a\\Atlantic-Software\\Atlantic-Software\\GymSoft_Comercial_3.6.0\\.venv\\Lib\\site-packages\\PyInstaller\\hooks\\pre_safe_import_module'
8660 INFO: SetuptoolsInfo: initializing cached setuptools info...
10123 INFO: Processing standard module hook 'hook-openpyxl.py' from 'D:\\a\\Atlantic-Software\\Atlantic-Software\\GymSoft_Comercial_3.6.0\\.venv\\Lib\\site-packages\\_pyinstaller_hooks_contrib\\stdhooks'
10352 INFO: Processing standard module hook 'hook-xml.etree.cElementTree.py' from 'D:\\a\\Atlantic-Software\\Atlantic-Software\\GymSoft_Comercial_3.6.0\\.venv\\Lib\\site-packages\\PyInstaller\\hooks'
10684 INFO: Processing standard module hook 'hook-PIL.py' from 'D:\\a\\Atlantic-Software\\Atlantic-Software\\GymSoft_Comercial_3.6.0\\.venv\\Lib\\site-packages\\PyInstaller\\hooks'
10827 INFO: Processing standard module hook 'hook-PIL.Image.py' from 'D:\\a\\Atlantic-Software\\Atlantic-Software\\GymSoft_Comercial_3.6.0\\.venv\\Lib\\site-packages\\PyInstaller\\hooks'
11263 INFO: Processing standard module hook 'hook-PIL.ImageFilter.py' from 'D:\\a\\Atlantic-Software\\Atlantic-Software\\GymSoft_Comercial_3.6.0\\.venv\\Lib\\site-packages\\PyInstaller\\hooks'
11989 INFO: Processing standard module hook 'hook-pydantic.py' from 'D:\\a\\Atlantic-Software\\Atlantic-Software\\GymSoft_Comercial_3.6.0\\.venv\\Lib\\site-packages\\_pyinstaller_hooks_contrib\\stdhooks'
12384 INFO: Processing standard module hook 'hook-platform.py' from 'D:\\a\\Atlantic-Software\\Atlantic-Software\\GymSoft_Comercial_3.6.0\\.venv\\Lib\\site-packages\\PyInstaller\\hooks'
13738 INFO: Processing standard module hook 'hook-websockets.py' from 'D:\\a\\Atlantic-Software\\Atlantic-Software\\GymSoft_Comercial_3.6.0\\.venv\\Lib\\site-packages\\_pyinstaller_hooks_contrib\\stdhooks'
14194 INFO: Processing pre-safe-import-module hook 'hook-packaging.py' from 'D:\\a\\Atlantic-Software\\Atlantic-Software\\GymSoft_Comercial_3.6.0\\.venv\\Lib\\site-packages\\PyInstaller\\hooks\\pre_safe_import_module'
14768 INFO: Processing standard module hook 'hook-cryptography.py' from 'D:\\a\\Atlantic-Software\\Atlantic-Software\\GymSoft_Comercial_3.6.0\\.venv\\Lib\\site-packages\\_pyinstaller_hooks_contrib\\stdhooks'
15755 INFO: hook-cryptography: cryptography does not seem to be using dynamically linked OpenSSL.
16830 INFO: Processing standard module hook 'hook-sqlite3.py' from 'D:\\a\\Atlantic-Software\\Atlantic-Software\\GymSoft_Comercial_3.6.0\\.venv\\Lib\\site-packages\\PyInstaller\\hooks'
17596 INFO: Processing standard module hook 'hook-webbrowser.py' from 'D:\\a\\Atlantic-Software\\Atlantic-Software\\GymSoft_Comercial_3.6.0\\.venv\\Lib\\site-packages\\PyInstaller\\hooks'
17831 INFO: Analyzing hidden import 'PIL._tkinter_finder'
17833 INFO: Analyzing hidden import 'tzdata'
17833 INFO: Analyzing hidden import 'tzdata.zoneinfo'
17834 INFO: Analyzing hidden import 'tzdata.zoneinfo.Africa'
17835 INFO: Analyzing hidden import 'tzdata.zoneinfo.America'
17835 INFO: Analyzing hidden import 'tzdata.zoneinfo.America.Argentina'
17836 INFO: Analyzing hidden import 'tzdata.zoneinfo.America.Indiana'
17836 INFO: Analyzing hidden import 'tzdata.zoneinfo.America.Kentucky'
17837 INFO: Analyzing hidden import 'tzdata.zoneinfo.America.North_Dakota'
17837 INFO: Analyzing hidden import 'tzdata.zoneinfo.Antarctica'
17838 INFO: Analyzing hidden import 'tzdata.zoneinfo.Arctic'
17838 INFO: Analyzing hidden import 'tzdata.zoneinfo.Asia'
17839 INFO: Analyzing hidden import 'tzdata.zoneinfo.Atlantic'
17839 INFO: Analyzing hidden import 'tzdata.zoneinfo.Australia'
17840 INFO: Analyzing hidden import 'tzdata.zoneinfo.Brazil'
17840 INFO: Analyzing hidden import 'tzdata.zoneinfo.Canada'
17841 INFO: Analyzing hidden import 'tzdata.zoneinfo.Chile'
17841 INFO: Analyzing hidden import 'tzdata.zoneinfo.Etc'
17842 INFO: Analyzing hidden import 'tzdata.zoneinfo.Europe'
17842 INFO: Analyzing hidden import 'tzdata.zoneinfo.Indian'
17843 INFO: Analyzing hidden import 'tzdata.zoneinfo.Mexico'
17843 INFO: Analyzing hidden import 'tzdata.zoneinfo.Pacific'
17844 INFO: Analyzing hidden import 'tzdata.zoneinfo.US'
17844 INFO: Processing module hooks (post-graph stage)...
18260 INFO: Processing pre-safe-import-module hook 'hook-tomli.py' from 'D:\\a\\Atlantic-Software\\Atlantic-Software\\GymSoft_Comercial_3.6.0\\.venv\\Lib\\site-packages\\PyInstaller\\hooks\\pre_safe_import_module'
18260 INFO: Setuptools: 'tomli' appears to be a setuptools-vendored copy - creating alias to 'setuptools._vendor.tomli'!
18267 INFO: Processing standard module hook 'hook-setuptools.py' from 'D:\\a\\Atlantic-Software\\Atlantic-Software\\GymSoft_Comercial_3.6.0\\.venv\\Lib\\site-packages\\PyInstaller\\hooks'
18280 INFO: Processing pre-safe-import-module hook 'hook-distutils.py' from 'D:\\a\\Atlantic-Software\\Atlantic-Software\\GymSoft_Comercial_3.6.0\\.venv\\Lib\\site-packages\\PyInstaller\\hooks\\pre_safe_import_module'
18309 INFO: Processing pre-safe-import-module hook 'hook-jaraco.py' from 'D:\\a\\Atlantic-Software\\Atlantic-Software\\GymSoft_Comercial_3.6.0\\.venv\\Lib\\site-packages\\PyInstaller\\hooks\\pre_safe_import_module'
18310 INFO: Setuptools: 'jaraco' appears to be a full setuptools-vendored copy - creating alias to 'setuptools._vendor.jaraco'!
18320 INFO: Processing pre-safe-import-module hook 'hook-more_itertools.py' from 'D:\\a\\Atlantic-Software\\Atlantic-Software\\GymSoft_Comercial_3.6.0\\.venv\\Lib\\site-packages\\PyInstaller\\hooks\\pre_safe_import_module'
18321 INFO: Setuptools: 'more_itertools' appears to be a setuptools-vendored copy - creating alias to 'setuptools._vendor.more_itertools'!
18471 INFO: Processing standard module hook 'hook-_osx_support.py' from 'D:\\a\\Atlantic-Software\\Atlantic-Software\\GymSoft_Comercial_3.6.0\\.venv\\Lib\\site-packages\\PyInstaller\\hooks'
18745 INFO: Processing standard module hook 'hook-setuptools._vendor.jaraco.text.py' from 'D:\\a\\Atlantic-Software\\Atlantic-Software\\GymSoft_Comercial_3.6.0\\.venv\\Lib\\site-packages\\PyInstaller\\hooks'
18746 INFO: Processing pre-safe-import-module hook 'hook-importlib_resources.py' from 'D:\\a\\Atlantic-Software\\Atlantic-Software\\GymSoft_Comercial_3.6.0\\.venv\\Lib\\site-packages\\PyInstaller\\hooks\\pre_safe_import_module'
18755 INFO: Processing pre-safe-import-module hook 'hook-backports.py' from 'D:\\a\\Atlantic-Software\\Atlantic-Software\\GymSoft_Comercial_3.6.0\\.venv\\Lib\\site-packages\\PyInstaller\\hooks\\pre_safe_import_module'
18755 INFO: Setuptools: 'backports' appears to be a full setuptools-vendored copy - creating alias to 'setuptools._vendor.backports'!
19762 INFO: Processing pre-safe-import-module hook 'hook-wheel.py' from 'D:\\a\\Atlantic-Software\\Atlantic-Software\\GymSoft_Comercial_3.6.0\\.venv\\Lib\\site-packages\\PyInstaller\\hooks\\pre_safe_import_module'
19762 INFO: Setuptools: 'wheel' appears to be a setuptools-vendored copy - creating alias to 'setuptools._vendor.wheel'!
19895 INFO: Processing standard module hook 'hook-tzdata.py' from 'D:\\a\\Atlantic-Software\\Atlantic-Software\\GymSoft_Comercial_3.6.0\\.venv\\Lib\\site-packages\\_pyinstaller_hooks_contrib\\stdhooks'
20721 INFO: Processing standard module hook 'hook-PIL.SpiderImagePlugin.py' from 'D:\\a\\Atlantic-Software\\Atlantic-Software\\GymSoft_Comercial_3.6.0\\.venv\\Lib\\site-packages\\PyInstaller\\hooks'
21534 INFO: Processing standard module hook 'hook-_tkinter.py' from 'D:\\a\\Atlantic-Software\\Atlantic-Software\\GymSoft_Comercial_3.6.0\\.venv\\Lib\\site-packages\\PyInstaller\\hooks'
21552 INFO: Performing binary vs. data reclassification (650 entries)
21580 INFO: Looking for ctypes DLLs
21695 INFO: Analyzing run-time hooks ...
21702 INFO: Including run-time hook 'pyi_rth_inspect.py' from 'D:\\a\\Atlantic-Software\\Atlantic-Software\\GymSoft_Comercial_3.6.0\\.venv\\Lib\\site-packages\\PyInstaller\\hooks\\rthooks'
21705 INFO: Including run-time hook 'pyi_rth_pkgutil.py' from 'D:\\a\\Atlantic-Software\\Atlantic-Software\\GymSoft_Comercial_3.6.0\\.venv\\Lib\\site-packages\\PyInstaller\\hooks\\rthooks'
21707 INFO: Including run-time hook 'pyi_rth_multiprocessing.py' from 'D:\\a\\Atlantic-Software\\Atlantic-Software\\GymSoft_Comercial_3.6.0\\.venv\\Lib\\site-packages\\PyInstaller\\hooks\\rthooks'
21709 INFO: Including run-time hook 'pyi_rth_setuptools.py' from 'D:\\a\\Atlantic-Software\\Atlantic-Software\\GymSoft_Comercial_3.6.0\\.venv\\Lib\\site-packages\\PyInstaller\\hooks\\rthooks'
21710 INFO: Including run-time hook 'pyi_rth_cryptography_openssl.py' from 'D:\\a\\Atlantic-Software\\Atlantic-Software\\GymSoft_Comercial_3.6.0\\.venv\\Lib\\site-packages\\_pyinstaller_hooks_contrib\\rthooks'
21711 INFO: Including run-time hook 'pyi_rth__tkinter.py' from 'D:\\a\\Atlantic-Software\\Atlantic-Software\\GymSoft_Comercial_3.6.0\\.venv\\Lib\\site-packages\\PyInstaller\\hooks\\rthooks'
21737 INFO: Creating base_library.zip...
21757 INFO: Looking for dynamic libraries
22661 INFO: Extra DLL search directories (AddDllDirectory): []
22661 INFO: Extra DLL search directories (PATH): []
23689 INFO: Warnings written to D:\a\Atlantic-Software\Atlantic-Software\GymSoft_Comercial_3.6.0\build\frozen-probe\FrozenWindowsProbe\warn-FrozenWindowsProbe.txt
23774 INFO: Graph cross-reference written to D:\a\Atlantic-Software\Atlantic-Software\GymSoft_Comercial_3.6.0\build\frozen-probe\FrozenWindowsProbe\xref-FrozenWindowsProbe.html
23826 INFO: checking PYZ
23826 INFO: Building PYZ because PYZ-00.toc is non existent
23826 INFO: Building PYZ (ZlibArchive) D:\a\Atlantic-Software\Atlantic-Software\GymSoft_Comercial_3.6.0\build\frozen-probe\FrozenWindowsProbe\PYZ-00.pyz
24372 INFO: Building PYZ (ZlibArchive) D:\a\Atlantic-Software\Atlantic-Software\GymSoft_Comercial_3.6.0\build\frozen-probe\FrozenWindowsProbe\PYZ-00.pyz completed successfully.
24404 INFO: checking PKG
24404 INFO: Building PKG because PKG-00.toc is non existent
24404 INFO: Building PKG (CArchive) FrozenWindowsProbe.pkg
24416 INFO: Building PKG (CArchive) FrozenWindowsProbe.pkg completed successfully.
24417 INFO: Bootloader D:\a\Atlantic-Software\Atlantic-Software\GymSoft_Comercial_3.6.0\.venv\Lib\site-packages\PyInstaller\bootloader\Windows-64bit-intel\run.exe
24417 INFO: checking EXE
24417 INFO: Building EXE because EXE-00.toc is non existent
24417 INFO: Building EXE from EXE-00.toc
24418 INFO: Copying bootloader EXE to D:\a\Atlantic-Software\Atlantic-Software\GymSoft_Comercial_3.6.0\build\frozen-probe\FrozenWindowsProbe\FrozenWindowsProbe.exe
24423 INFO: Copying icon to EXE
24425 INFO: Copying 0 resources to EXE
24425 INFO: Embedding manifest in EXE
24426 INFO: Appending PKG archive to EXE
24431 INFO: Fixing EXE headers
24496 INFO: Building EXE from EXE-00.toc completed successfully.
24501 INFO: checking COLLECT
24502 INFO: Building COLLECT because COLLECT-00.toc is non existent
24502 INFO: Building COLLECT COLLECT-00.toc
24923 INFO: Building COLLECT COLLECT-00.toc completed successfully.
24935 INFO: Build complete! The results are available in: D:\a\Atlantic-Software\Atlantic-Software\GymSoft_Comercial_3.6.0\salida\validacion\frozen-probe
