**********************
PowerShell transcript start
Start time: 20261009032027
Username: runnervmtn0fv\runneradmin
RunAs User: runnervmtn0fv\runneradmin
Configuration Name: 
Machine: runnervmtn0fv (Microsoft Windows NT 10.0.20348.0)
Host Application: C:\Program Files\PowerShell\7\pwsh.dll -command . 'D:\a\_temp\a3a7c6fd-0574-4466-b8d7-4962587ce08f.ps1'
Process ID: 2540
PSVersion: 7.6.6
PSEdition: Core
GitCommitId: 7.6.6
OS: Microsoft Windows 10.0.20348
Platform: Win32NT
PSCompatibleVersions: 1.0, 2.0, 3.0, 4.0, 5.0, 5.1, 6.0, 7.0
PSRemotingProtocolVersion: 2.4
SerializationVersion: 1.1.0.1
WSManStackVersion: 3.0
**********************
Transcript started, output file is salida\validacion\display-setup.log


**********************
PowerShell transcript end
End time: 20261009032032
**********************
