196 INFO: PyInstaller: 6.22.2, contrib hooks: 2026.8
196 INFO: Python: 3.14.8
220 INFO: Platform: Windows-2022Server-10.0.20348-SP0
221 INFO: Python environment: D:\a\Atlantic-Software\Atlantic-Software\GymSoft_ZTATTUZ_3.6.1_x64\.venv
221 INFO: wrote build/frozen-probe\FrozenWindowsProbe.spec
224 INFO: Removing temporary files and cleaning cache in C:\Users\runneradmin\AppData\Local\pyinstaller
712 INFO: Module search paths (PYTHONPATH):
['D:\\a\\Atlantic-Software\\Atlantic-Software\\GymSoft_ZTATTUZ_3.6.1_x64',
 'C:\\hostedtoolcache\\windows\\Python\\3.14.8\\x64\\python314.zip',
 'C:\\hostedtoolcache\\windows\\Python\\3.14.8\\x64\\DLLs',
 'C:\\hostedtoolcache\\windows\\Python\\3.14.8\\x64\\Lib',
 'C:\\hostedtoolcache\\windows\\Python\\3.14.8\\x64',
 'D:\\a\\Atlantic-Software\\Atlantic-Software\\GymSoft_ZTATTUZ_3.6.1_x64\\.venv',
 'D:\\a\\Atlantic-Software\\Atlantic-Software\\GymSoft_ZTATTUZ_3.6.1_x64\\.venv\\Lib\\site-packages',
 'D:\\a\\Atlantic-Software\\Atlantic-Software\\tools',
 'D:\\a\\Atlantic-Software\\Atlantic-Software\\GymSoft_ZTATTUZ_3.6.1_x64']
965 INFO: Appending 'datas' from .spec
985 INFO: checking Analysis
985 INFO: Building Analysis because Analysis-00.toc is non existent
985 INFO: Looking for Python shared library...
985 INFO: Using Python shared library: C:\hostedtoolcache\windows\Python\3.14.8\x64\python314.dll
985 INFO: Running Analysis Analysis-00.toc
985 INFO: Target bytecode optimization level: 0
985 INFO: Initializing module dependency graph...
989 INFO: Initializing module graph hook caches...
1004 INFO: Analyzing modules for base_library.zip ...
2074 INFO: Processing standard module hook 'hook-math.py' from 'D:\\a\\Atlantic-Software\\Atlantic-Software\\GymSoft_ZTATTUZ_3.6.1_x64\\.venv\\Lib\\site-packages\\PyInstaller\\hooks'
3004 INFO: Processing standard module hook 'hook-encodings.py' from 'D:\\a\\Atlantic-Software\\Atlantic-Software\\GymSoft_ZTATTUZ_3.6.1_x64\\.venv\\Lib\\site-packages\\PyInstaller\\hooks'
3429 INFO: Processing standard module hook 'hook-pickle.py' from 'D:\\a\\Atlantic-Software\\Atlantic-Software\\GymSoft_ZTATTUZ_3.6.1_x64\\.venv\\Lib\\site-packages\\PyInstaller\\hooks'
7862 INFO: Processing standard module hook 'hook-difflib.py' from 'D:\\a\\Atlantic-Software\\Atlantic-Software\\GymSoft_ZTATTUZ_3.6.1_x64\\.venv\\Lib\\site-packages\\PyInstaller\\hooks'
7877 INFO: Processing standard module hook 'hook-heapq.py' from 'D:\\a\\Atlantic-Software\\Atlantic-Software\\GymSoft_ZTATTUZ_3.6.1_x64\\.venv\\Lib\\site-packages\\PyInstaller\\hooks'
8743 INFO: Caching module dependency graph...
8775 INFO: Analyzing D:\a\Atlantic-Software\Atlantic-Software\tools\windows_frozen_probe.py
8781 INFO: Processing pre-find-module-path hook 'hook-tkinter.py' from 'D:\\a\\Atlantic-Software\\Atlantic-Software\\GymSoft_ZTATTUZ_3.6.1_x64\\.venv\\Lib\\site-packages\\PyInstaller\\hooks\\pre_find_module_path'
8782 INFO: TclTkInfo: initializing cached Tcl/Tk info...
9166 INFO: Processing standard module hook 'hook-_tkinter.py' from 'D:\\a\\Atlantic-Software\\Atlantic-Software\\GymSoft_ZTATTUZ_3.6.1_x64\\.venv\\Lib\\site-packages\\PyInstaller\\hooks'
9185 INFO: Processing standard module hook 'hook-zoneinfo.py' from 'D:\\a\\Atlantic-Software\\Atlantic-Software\\GymSoft_ZTATTUZ_3.6.1_x64\\.venv\\Lib\\site-packages\\_pyinstaller_hooks_contrib\\stdhooks'
9219 INFO: Processing standard module hook 'hook-sysconfig.py' from 'D:\\a\\Atlantic-Software\\Atlantic-Software\\GymSoft_ZTATTUZ_3.6.1_x64\\.venv\\Lib\\site-packages\\PyInstaller\\hooks'
9266 INFO: Processing standard module hook 'hook-certifi.py' from 'D:\\a\\Atlantic-Software\\Atlantic-Software\\GymSoft_ZTATTUZ_3.6.1_x64\\.venv\\Lib\\site-packages\\_pyinstaller_hooks_contrib\\stdhooks'
9865 INFO: Processing standard module hook 'hook-multiprocessing.util.py' from 'D:\\a\\Atlantic-Software\\Atlantic-Software\\GymSoft_ZTATTUZ_3.6.1_x64\\.venv\\Lib\\site-packages\\PyInstaller\\hooks'
9995 INFO: Processing standard module hook 'hook-xml.py' from 'D:\\a\\Atlantic-Software\\Atlantic-Software\\GymSoft_ZTATTUZ_3.6.1_x64\\.venv\\Lib\\site-packages\\PyInstaller\\hooks'
10447 INFO: Processing standard module hook 'hook-_ctypes.py' from 'D:\\a\\Atlantic-Software\\Atlantic-Software\\GymSoft_ZTATTUZ_3.6.1_x64\\.venv\\Lib\\site-packages\\PyInstaller\\hooks'
11035 INFO: Processing standard module hook 'hook-anyio.py' from 'D:\\a\\Atlantic-Software\\Atlantic-Software\\GymSoft_ZTATTUZ_3.6.1_x64\\.venv\\Lib\\site-packages\\_pyinstaller_hooks_contrib\\stdhooks'
11388 INFO: Processing pre-safe-import-module hook 'hook-typing_extensions.py' from 'D:\\a\\Atlantic-Software\\Atlantic-Software\\GymSoft_ZTATTUZ_3.6.1_x64\\.venv\\Lib\\site-packages\\PyInstaller\\hooks\\pre_safe_import_module'
11389 INFO: SetuptoolsInfo: initializing cached setuptools info...
13170 INFO: Processing standard module hook 'hook-openpyxl.py' from 'D:\\a\\Atlantic-Software\\Atlantic-Software\\GymSoft_ZTATTUZ_3.6.1_x64\\.venv\\Lib\\site-packages\\_pyinstaller_hooks_contrib\\stdhooks'
13444 INFO: Processing standard module hook 'hook-xml.etree.cElementTree.py' from 'D:\\a\\Atlantic-Software\\Atlantic-Software\\GymSoft_ZTATTUZ_3.6.1_x64\\.venv\\Lib\\site-packages\\PyInstaller\\hooks'
13837 INFO: Processing standard module hook 'hook-PIL.py' from 'D:\\a\\Atlantic-Software\\Atlantic-Software\\GymSoft_ZTATTUZ_3.6.1_x64\\.venv\\Lib\\site-packages\\PyInstaller\\hooks'
14002 INFO: Processing standard module hook 'hook-PIL.Image.py' from 'D:\\a\\Atlantic-Software\\Atlantic-Software\\GymSoft_ZTATTUZ_3.6.1_x64\\.venv\\Lib\\site-packages\\PyInstaller\\hooks'
14520 INFO: Processing standard module hook 'hook-PIL.ImageFilter.py' from 'D:\\a\\Atlantic-Software\\Atlantic-Software\\GymSoft_ZTATTUZ_3.6.1_x64\\.venv\\Lib\\site-packages\\PyInstaller\\hooks'
15338 INFO: Processing standard module hook 'hook-pydantic.py' from 'D:\\a\\Atlantic-Software\\Atlantic-Software\\GymSoft_ZTATTUZ_3.6.1_x64\\.venv\\Lib\\site-packages\\_pyinstaller_hooks_contrib\\stdhooks'
15810 INFO: Processing standard module hook 'hook-platform.py' from 'D:\\a\\Atlantic-Software\\Atlantic-Software\\GymSoft_ZTATTUZ_3.6.1_x64\\.venv\\Lib\\site-packages\\PyInstaller\\hooks'
17373 INFO: Processing standard module hook 'hook-websockets.py' from 'D:\\a\\Atlantic-Software\\Atlantic-Software\\GymSoft_ZTATTUZ_3.6.1_x64\\.venv\\Lib\\site-packages\\_pyinstaller_hooks_contrib\\stdhooks'
17922 INFO: Processing pre-safe-import-module hook 'hook-packaging.py' from 'D:\\a\\Atlantic-Software\\Atlantic-Software\\GymSoft_ZTATTUZ_3.6.1_x64\\.venv\\Lib\\site-packages\\PyInstaller\\hooks\\pre_safe_import_module'
18565 INFO: Processing standard module hook 'hook-cryptography.py' from 'D:\\a\\Atlantic-Software\\Atlantic-Software\\GymSoft_ZTATTUZ_3.6.1_x64\\.venv\\Lib\\site-packages\\_pyinstaller_hooks_contrib\\stdhooks'
19791 INFO: hook-cryptography: cryptography does not seem to be using dynamically linked OpenSSL.
21009 INFO: Processing standard module hook 'hook-sqlite3.py' from 'D:\\a\\Atlantic-Software\\Atlantic-Software\\GymSoft_ZTATTUZ_3.6.1_x64\\.venv\\Lib\\site-packages\\PyInstaller\\hooks'
21504 INFO: Processing standard module hook 'hook-webbrowser.py' from 'D:\\a\\Atlantic-Software\\Atlantic-Software\\GymSoft_ZTATTUZ_3.6.1_x64\\.venv\\Lib\\site-packages\\PyInstaller\\hooks'
22303 INFO: Analyzing hidden import 'PIL._tkinter_finder'
22304 INFO: Analyzing hidden import 'tzdata'
22306 INFO: Analyzing hidden import 'tzdata.zoneinfo'
22307 INFO: Analyzing hidden import 'tzdata.zoneinfo.Africa'
22308 INFO: Analyzing hidden import 'tzdata.zoneinfo.America'
22309 INFO: Analyzing hidden import 'tzdata.zoneinfo.America.Argentina'
22310 INFO: Analyzing hidden import 'tzdata.zoneinfo.America.Indiana'
22310 INFO: Analyzing hidden import 'tzdata.zoneinfo.America.Kentucky'
22311 INFO: Analyzing hidden import 'tzdata.zoneinfo.America.North_Dakota'
22312 INFO: Analyzing hidden import 'tzdata.zoneinfo.Antarctica'
22312 INFO: Analyzing hidden import 'tzdata.zoneinfo.Arctic'
22313 INFO: Analyzing hidden import 'tzdata.zoneinfo.Asia'
22314 INFO: Analyzing hidden import 'tzdata.zoneinfo.Atlantic'
22314 INFO: Analyzing hidden import 'tzdata.zoneinfo.Australia'
22315 INFO: Analyzing hidden import 'tzdata.zoneinfo.Brazil'
22316 INFO: Analyzing hidden import 'tzdata.zoneinfo.Canada'
22316 INFO: Analyzing hidden import 'tzdata.zoneinfo.Chile'
22317 INFO: Analyzing hidden import 'tzdata.zoneinfo.Etc'
22317 INFO: Analyzing hidden import 'tzdata.zoneinfo.Europe'
22318 INFO: Analyzing hidden import 'tzdata.zoneinfo.Indian'
22319 INFO: Analyzing hidden import 'tzdata.zoneinfo.Mexico'
22319 INFO: Analyzing hidden import 'tzdata.zoneinfo.Pacific'
22320 INFO: Analyzing hidden import 'tzdata.zoneinfo.US'
22321 INFO: Processing module hooks (post-graph stage)...
22778 INFO: Processing pre-safe-import-module hook 'hook-tomli.py' from 'D:\\a\\Atlantic-Software\\Atlantic-Software\\GymSoft_ZTATTUZ_3.6.1_x64\\.venv\\Lib\\site-packages\\PyInstaller\\hooks\\pre_safe_import_module'
22778 INFO: Setuptools: 'tomli' appears to be a setuptools-vendored copy - creating alias to 'setuptools._vendor.tomli'!
22786 INFO: Processing standard module hook 'hook-setuptools.py' from 'D:\\a\\Atlantic-Software\\Atlantic-Software\\GymSoft_ZTATTUZ_3.6.1_x64\\.venv\\Lib\\site-packages\\PyInstaller\\hooks'
22802 INFO: Processing pre-safe-import-module hook 'hook-distutils.py' from 'D:\\a\\Atlantic-Software\\Atlantic-Software\\GymSoft_ZTATTUZ_3.6.1_x64\\.venv\\Lib\\site-packages\\PyInstaller\\hooks\\pre_safe_import_module'
22836 INFO: Processing pre-safe-import-module hook 'hook-jaraco.py' from 'D:\\a\\Atlantic-Software\\Atlantic-Software\\GymSoft_ZTATTUZ_3.6.1_x64\\.venv\\Lib\\site-packages\\PyInstaller\\hooks\\pre_safe_import_module'
22836 INFO: Setuptools: 'jaraco' appears to be a full setuptools-vendored copy - creating alias to 'setuptools._vendor.jaraco'!
22849 INFO: Processing pre-safe-import-module hook 'hook-more_itertools.py' from 'D:\\a\\Atlantic-Software\\Atlantic-Software\\GymSoft_ZTATTUZ_3.6.1_x64\\.venv\\Lib\\site-packages\\PyInstaller\\hooks\\pre_safe_import_module'
22849 INFO: Setuptools: 'more_itertools' appears to be a setuptools-vendored copy - creating alias to 'setuptools._vendor.more_itertools'!
23017 INFO: Processing standard module hook 'hook-_osx_support.py' from 'D:\\a\\Atlantic-Software\\Atlantic-Software\\GymSoft_ZTATTUZ_3.6.1_x64\\.venv\\Lib\\site-packages\\PyInstaller\\hooks'
23344 INFO: Processing standard module hook 'hook-setuptools._vendor.jaraco.text.py' from 'D:\\a\\Atlantic-Software\\Atlantic-Software\\GymSoft_ZTATTUZ_3.6.1_x64\\.venv\\Lib\\site-packages\\PyInstaller\\hooks'
23345 INFO: Processing pre-safe-import-module hook 'hook-importlib_resources.py' from 'D:\\a\\Atlantic-Software\\Atlantic-Software\\GymSoft_ZTATTUZ_3.6.1_x64\\.venv\\Lib\\site-packages\\PyInstaller\\hooks\\pre_safe_import_module'
23355 INFO: Processing pre-safe-import-module hook 'hook-backports.py' from 'D:\\a\\Atlantic-Software\\Atlantic-Software\\GymSoft_ZTATTUZ_3.6.1_x64\\.venv\\Lib\\site-packages\\PyInstaller\\hooks\\pre_safe_import_module'
23356 INFO: Setuptools: 'backports' appears to be a full setuptools-vendored copy - creating alias to 'setuptools._vendor.backports'!
24518 INFO: Processing pre-safe-import-module hook 'hook-wheel.py' from 'D:\\a\\Atlantic-Software\\Atlantic-Software\\GymSoft_ZTATTUZ_3.6.1_x64\\.venv\\Lib\\site-packages\\PyInstaller\\hooks\\pre_safe_import_module'
24519 INFO: Setuptools: 'wheel' appears to be a setuptools-vendored copy - creating alias to 'setuptools._vendor.wheel'!
24707 INFO: Processing standard module hook 'hook-tzdata.py' from 'D:\\a\\Atlantic-Software\\Atlantic-Software\\GymSoft_ZTATTUZ_3.6.1_x64\\.venv\\Lib\\site-packages\\_pyinstaller_hooks_contrib\\stdhooks'
25653 INFO: Processing standard module hook 'hook-PIL.SpiderImagePlugin.py' from 'D:\\a\\Atlantic-Software\\Atlantic-Software\\GymSoft_ZTATTUZ_3.6.1_x64\\.venv\\Lib\\site-packages\\PyInstaller\\hooks'
26618 INFO: Processing standard module hook 'hook-_tkinter.py' from 'D:\\a\\Atlantic-Software\\Atlantic-Software\\GymSoft_ZTATTUZ_3.6.1_x64\\.venv\\Lib\\site-packages\\PyInstaller\\hooks'
26639 INFO: Performing binary vs. data reclassification (651 entries)
26662 INFO: Looking for ctypes DLLs
26764 WARNING: Ignoring /System/Library/Frameworks/IOKit.framework/IOKit imported from D:\a\Atlantic-Software\Atlantic-Software\GymSoft_ZTATTUZ_3.6.1_x64\.venv\Lib\site-packages\serial\tools\list_ports_osx.py - only basenames are supported with ctypes imports!
26765 WARNING: Ignoring /System/Library/Frameworks/CoreFoundation.framework/CoreFoundation imported from D:\a\Atlantic-Software\Atlantic-Software\GymSoft_ZTATTUZ_3.6.1_x64\.venv\Lib\site-packages\serial\tools\list_ports_osx.py - only basenames are supported with ctypes imports!
26818 INFO: Analyzing run-time hooks ...
26825 INFO: Including run-time hook 'pyi_rth_inspect.py' from 'D:\\a\\Atlantic-Software\\Atlantic-Software\\GymSoft_ZTATTUZ_3.6.1_x64\\.venv\\Lib\\site-packages\\PyInstaller\\hooks\\rthooks'
26828 INFO: Including run-time hook 'pyi_rth_pkgutil.py' from 'D:\\a\\Atlantic-Software\\Atlantic-Software\\GymSoft_ZTATTUZ_3.6.1_x64\\.venv\\Lib\\site-packages\\PyInstaller\\hooks\\rthooks'
26831 INFO: Including run-time hook 'pyi_rth_multiprocessing.py' from 'D:\\a\\Atlantic-Software\\Atlantic-Software\\GymSoft_ZTATTUZ_3.6.1_x64\\.venv\\Lib\\site-packages\\PyInstaller\\hooks\\rthooks'
26833 INFO: Including run-time hook 'pyi_rth_setuptools.py' from 'D:\\a\\Atlantic-Software\\Atlantic-Software\\GymSoft_ZTATTUZ_3.6.1_x64\\.venv\\Lib\\site-packages\\PyInstaller\\hooks\\rthooks'
26835 INFO: Including run-time hook 'pyi_rth_cryptography_openssl.py' from 'D:\\a\\Atlantic-Software\\Atlantic-Software\\GymSoft_ZTATTUZ_3.6.1_x64\\.venv\\Lib\\site-packages\\_pyinstaller_hooks_contrib\\rthooks'
26836 INFO: Including run-time hook 'pyi_rth__tkinter.py' from 'D:\\a\\Atlantic-Software\\Atlantic-Software\\GymSoft_ZTATTUZ_3.6.1_x64\\.venv\\Lib\\site-packages\\PyInstaller\\hooks\\rthooks'
26868 INFO: Creating base_library.zip...
26895 INFO: Looking for dynamic libraries
27974 INFO: Extra DLL search directories (AddDllDirectory): []
27974 INFO: Extra DLL search directories (PATH): []
29060 INFO: Warnings written to D:\a\Atlantic-Software\Atlantic-Software\GymSoft_ZTATTUZ_3.6.1_x64\build\frozen-probe\FrozenWindowsProbe\warn-FrozenWindowsProbe.txt
29162 INFO: Graph cross-reference written to D:\a\Atlantic-Software\Atlantic-Software\GymSoft_ZTATTUZ_3.6.1_x64\build\frozen-probe\FrozenWindowsProbe\xref-FrozenWindowsProbe.html
29224 INFO: checking PYZ
29224 INFO: Building PYZ because PYZ-00.toc is non existent
29224 INFO: Building PYZ (ZlibArchive) D:\a\Atlantic-Software\Atlantic-Software\GymSoft_ZTATTUZ_3.6.1_x64\build\frozen-probe\FrozenWindowsProbe\PYZ-00.pyz
29895 INFO: Building PYZ (ZlibArchive) D:\a\Atlantic-Software\Atlantic-Software\GymSoft_ZTATTUZ_3.6.1_x64\build\frozen-probe\FrozenWindowsProbe\PYZ-00.pyz completed successfully.
29934 INFO: checking PKG
29934 INFO: Building PKG because PKG-00.toc is non existent
29934 INFO: Building PKG (CArchive) FrozenWindowsProbe.pkg
29951 INFO: Building PKG (CArchive) FrozenWindowsProbe.pkg completed successfully.
29952 INFO: Bootloader D:\a\Atlantic-Software\Atlantic-Software\GymSoft_ZTATTUZ_3.6.1_x64\.venv\Lib\site-packages\PyInstaller\bootloader\Windows-64bit-intel\run.exe
29952 INFO: checking EXE
29952 INFO: Building EXE because EXE-00.toc is non existent
29952 INFO: Building EXE from EXE-00.toc
29953 INFO: Copying bootloader EXE to D:\a\Atlantic-Software\Atlantic-Software\GymSoft_ZTATTUZ_3.6.1_x64\build\frozen-probe\FrozenWindowsProbe\FrozenWindowsProbe.exe
29960 INFO: Copying icon to EXE
29962 INFO: Copying 0 resources to EXE
29962 INFO: Embedding manifest in EXE
29964 INFO: Appending PKG archive to EXE
29970 INFO: Fixing EXE headers
30051 INFO: Building EXE from EXE-00.toc completed successfully.
30058 INFO: checking COLLECT
30058 INFO: Building COLLECT because COLLECT-00.toc is non existent
30059 INFO: Building COLLECT COLLECT-00.toc
30542 INFO: Building COLLECT COLLECT-00.toc completed successfully.
30556 INFO: Build complete! The results are available in: D:\a\Atlantic-Software\Atlantic-Software\GymSoft_ZTATTUZ_3.6.1_x64\salida\validacion\frozen-probe
