["D:\\a\\Atlantic-Software\\Atlantic-Software\\GymSoft_ZTATTUZ_3.6.1_x64\\.venv\\Scripts\\python.exe", "-m", "PyInstaller", "--noconfirm", "--clean", "--windowed", "--onedir", "--name", "ZTATTUZ Admin", "--icon", "D:\\a\\Atlantic-Software\\Atlantic-Software\\GymSoft_ZTATTUZ_3.6.1_x64\\icono.ico", "--version-file", "D:\\a\\Atlantic-Software\\Atlantic-Software\\GymSoft_ZTATTUZ_3.6.1_x64\\salida\\validacion\\paquete-tecnico\\ejecuciones\\20261009T033709Z-7736\\build\\ZTATTUZ Admin_version.txt", "--paths", "D:\\a\\Atlantic-Software\\Atlantic-Software\\GymSoft_ZTATTUZ_3.6.1_x64", "--workpath", "D:\\a\\Atlantic-Software\\Atlantic-Software\\GymSoft_ZTATTUZ_3.6.1_x64\\salida\\validacion\\paquete-tecnico\\ejecuciones\\20261009T033709Z-7736\\build\\work", "--specpath", "D:\\a\\Atlantic-Software\\Atlantic-Software\\GymSoft_ZTATTUZ_3.6.1_x64\\salida\\validacion\\paquete-tecnico\\ejecuciones\\20261009T033709Z-7736\\build\\spec", "--distpath", "D:\\a\\Atlantic-Software\\Atlantic-Software\\GymSoft_ZTATTUZ_3.6.1_x64\\salida\\validacion\\paquete-tecnico\\ejecuciones\\20261009T033709Z-7736\\dist", "--add-data", "D:\\a\\Atlantic-Software\\Atlantic-Software\\GymSoft_ZTATTUZ_3.6.1_x64\\gymsoft_config.json;.", "--add-data", "D:\\a\\Atlantic-Software\\Atlantic-Software\\GymSoft_ZTATTUZ_3.6.1_x64\\icono.ico;.", "--add-data", "D:\\a\\Atlantic-Software\\Atlantic-Software\\GymSoft_ZTATTUZ_3.6.1_x64\\icono_recepcion.ico;.", "--hidden-import", "PIL._tkinter_finder", "--collect-all", "supabase", "--collect-all", "realtime", "--collect-all", "certifi", "--collect-all", "postgrest", "--collect-all", "supabase_auth", "--collect-all", "tzdata", "--collect-all", "serial", "D:\\a\\Atlantic-Software\\Atlantic-Software\\GymSoft_ZTATTUZ_3.6.1_x64\\app.py"]
97 INFO: PyInstaller: 6.22.2, contrib hooks: 2026.8
98 INFO: Python: 3.14.8
113 INFO: Platform: Windows-2022Server-10.0.20348-SP0
113 INFO: Python environment: D:\a\Atlantic-Software\Atlantic-Software\GymSoft_ZTATTUZ_3.6.1_x64\.venv
114 INFO: wrote D:\a\Atlantic-Software\Atlantic-Software\GymSoft_ZTATTUZ_3.6.1_x64\salida\validacion\paquete-tecnico\ejecuciones\20261009T033709Z-7736\build\spec\ZTATTUZ Admin.spec
116 INFO: Removing temporary files and cleaning cache in D:\a\Atlantic-Software\Atlantic-Software\GymSoft_ZTATTUZ_3.6.1_x64\salida\validacion\paquete-tecnico\ejecuciones\20261009T033709Z-7736\cache-pyinstaller\pyinstaller
2919 INFO: Module search paths (PYTHONPATH):
['D:\\a\\Atlantic-Software\\Atlantic-Software\\GymSoft_ZTATTUZ_3.6.1_x64',
 'C:\\hostedtoolcache\\windows\\Python\\3.14.8\\x64\\python314.zip',
 'C:\\hostedtoolcache\\windows\\Python\\3.14.8\\x64\\DLLs',
 'C:\\hostedtoolcache\\windows\\Python\\3.14.8\\x64\\Lib',
 'C:\\hostedtoolcache\\windows\\Python\\3.14.8\\x64',
 'D:\\a\\Atlantic-Software\\Atlantic-Software\\GymSoft_ZTATTUZ_3.6.1_x64\\.venv',
 'D:\\a\\Atlantic-Software\\Atlantic-Software\\GymSoft_ZTATTUZ_3.6.1_x64\\.venv\\Lib\\site-packages',
 'D:\\a\\Atlantic-Software\\Atlantic-Software\\GymSoft_ZTATTUZ_3.6.1_x64']
3108 INFO: Appending 'datas' from .spec
3133 INFO: checking Analysis
3133 INFO: Building Analysis because Analysis-00.toc is non existent
3133 INFO: Looking for Python shared library...
3133 INFO: Using Python shared library: C:\hostedtoolcache\windows\Python\3.14.8\x64\python314.dll
3133 INFO: Running Analysis Analysis-00.toc
3133 INFO: Target bytecode optimization level: 0
3133 INFO: Initializing module dependency graph...
3134 INFO: Initializing module graph hook caches...
3144 INFO: Analyzing modules for base_library.zip ...
4327 INFO: Processing standard module hook 'hook-encodings.py' from 'D:\\a\\Atlantic-Software\\Atlantic-Software\\GymSoft_ZTATTUZ_3.6.1_x64\\.venv\\Lib\\site-packages\\PyInstaller\\hooks'
4731 INFO: Processing standard module hook 'hook-pickle.py' from 'D:\\a\\Atlantic-Software\\Atlantic-Software\\GymSoft_ZTATTUZ_3.6.1_x64\\.venv\\Lib\\site-packages\\PyInstaller\\hooks'
4939 INFO: Processing standard module hook 'hook-math.py' from 'D:\\a\\Atlantic-Software\\Atlantic-Software\\GymSoft_ZTATTUZ_3.6.1_x64\\.venv\\Lib\\site-packages\\PyInstaller\\hooks'
5055 INFO: Processing standard module hook 'hook-difflib.py' from 'D:\\a\\Atlantic-Software\\Atlantic-Software\\GymSoft_ZTATTUZ_3.6.1_x64\\.venv\\Lib\\site-packages\\PyInstaller\\hooks'
5067 INFO: Processing standard module hook 'hook-heapq.py' from 'D:\\a\\Atlantic-Software\\Atlantic-Software\\GymSoft_ZTATTUZ_3.6.1_x64\\.venv\\Lib\\site-packages\\PyInstaller\\hooks'
7372 INFO: Caching module dependency graph...
7404 INFO: Analyzing D:\a\Atlantic-Software\Atlantic-Software\GymSoft_ZTATTUZ_3.6.1_x64\app.py
7670 INFO: Processing standard module hook 'hook-zoneinfo.py' from 'D:\\a\\Atlantic-Software\\Atlantic-Software\\GymSoft_ZTATTUZ_3.6.1_x64\\.venv\\Lib\\site-packages\\_pyinstaller_hooks_contrib\\stdhooks'
7710 INFO: Processing standard module hook 'hook-sysconfig.py' from 'D:\\a\\Atlantic-Software\\Atlantic-Software\\GymSoft_ZTATTUZ_3.6.1_x64\\.venv\\Lib\\site-packages\\PyInstaller\\hooks'
7761 INFO: Processing standard module hook 'hook-_ctypes.py' from 'D:\\a\\Atlantic-Software\\Atlantic-Software\\GymSoft_ZTATTUZ_3.6.1_x64\\.venv\\Lib\\site-packages\\PyInstaller\\hooks'
7765 INFO: Processing standard module hook 'hook-sqlite3.py' from 'D:\\a\\Atlantic-Software\\Atlantic-Software\\GymSoft_ZTATTUZ_3.6.1_x64\\.venv\\Lib\\site-packages\\PyInstaller\\hooks'
7961 INFO: Processing pre-find-module-path hook 'hook-tkinter.py' from 'D:\\a\\Atlantic-Software\\Atlantic-Software\\GymSoft_ZTATTUZ_3.6.1_x64\\.venv\\Lib\\site-packages\\PyInstaller\\hooks\\pre_find_module_path'
7962 INFO: TclTkInfo: initializing cached Tcl/Tk info...
8334 INFO: Processing standard module hook 'hook-_tkinter.py' from 'D:\\a\\Atlantic-Software\\Atlantic-Software\\GymSoft_ZTATTUZ_3.6.1_x64\\.venv\\Lib\\site-packages\\PyInstaller\\hooks'
8483 INFO: Processing standard module hook 'hook-PIL.py' from 'D:\\a\\Atlantic-Software\\Atlantic-Software\\GymSoft_ZTATTUZ_3.6.1_x64\\.venv\\Lib\\site-packages\\PyInstaller\\hooks'
8594 INFO: Processing standard module hook 'hook-PIL.Image.py' from 'D:\\a\\Atlantic-Software\\Atlantic-Software\\GymSoft_ZTATTUZ_3.6.1_x64\\.venv\\Lib\\site-packages\\PyInstaller\\hooks'
8880 INFO: Processing standard module hook 'hook-xml.py' from 'D:\\a\\Atlantic-Software\\Atlantic-Software\\GymSoft_ZTATTUZ_3.6.1_x64\\.venv\\Lib\\site-packages\\PyInstaller\\hooks'
8900 INFO: Processing standard module hook 'hook-xml.etree.cElementTree.py' from 'D:\\a\\Atlantic-Software\\Atlantic-Software\\GymSoft_ZTATTUZ_3.6.1_x64\\.venv\\Lib\\site-packages\\PyInstaller\\hooks'
9089 INFO: Processing standard module hook 'hook-PIL.ImageFilter.py' from 'D:\\a\\Atlantic-Software\\Atlantic-Software\\GymSoft_ZTATTUZ_3.6.1_x64\\.venv\\Lib\\site-packages\\PyInstaller\\hooks'
9529 INFO: Processing standard module hook 'hook-platform.py' from 'D:\\a\\Atlantic-Software\\Atlantic-Software\\GymSoft_ZTATTUZ_3.6.1_x64\\.venv\\Lib\\site-packages\\PyInstaller\\hooks'
9600 INFO: Processing standard module hook 'hook-webbrowser.py' from 'D:\\a\\Atlantic-Software\\Atlantic-Software\\GymSoft_ZTATTUZ_3.6.1_x64\\.venv\\Lib\\site-packages\\PyInstaller\\hooks'
10151 INFO: Processing standard module hook 'hook-certifi.py' from 'D:\\a\\Atlantic-Software\\Atlantic-Software\\GymSoft_ZTATTUZ_3.6.1_x64\\.venv\\Lib\\site-packages\\_pyinstaller_hooks_contrib\\stdhooks'
10328 INFO: Processing standard module hook 'hook-multiprocessing.util.py' from 'D:\\a\\Atlantic-Software\\Atlantic-Software\\GymSoft_ZTATTUZ_3.6.1_x64\\.venv\\Lib\\site-packages\\PyInstaller\\hooks'
11090 INFO: Processing standard module hook 'hook-anyio.py' from 'D:\\a\\Atlantic-Software\\Atlantic-Software\\GymSoft_ZTATTUZ_3.6.1_x64\\.venv\\Lib\\site-packages\\_pyinstaller_hooks_contrib\\stdhooks'
11359 INFO: Processing pre-safe-import-module hook 'hook-typing_extensions.py' from 'D:\\a\\Atlantic-Software\\Atlantic-Software\\GymSoft_ZTATTUZ_3.6.1_x64\\.venv\\Lib\\site-packages\\PyInstaller\\hooks\\pre_safe_import_module'
11360 INFO: SetuptoolsInfo: initializing cached setuptools info...
12784 INFO: Processing pre-safe-import-module hook 'hook-packaging.py' from 'D:\\a\\Atlantic-Software\\Atlantic-Software\\GymSoft_ZTATTUZ_3.6.1_x64\\.venv\\Lib\\site-packages\\PyInstaller\\hooks\\pre_safe_import_module'
12996 INFO: Processing standard module hook 'hook-pydantic.py' from 'D:\\a\\Atlantic-Software\\Atlantic-Software\\GymSoft_ZTATTUZ_3.6.1_x64\\.venv\\Lib\\site-packages\\_pyinstaller_hooks_contrib\\stdhooks'
14709 INFO: Processing standard module hook 'hook-websockets.py' from 'D:\\a\\Atlantic-Software\\Atlantic-Software\\GymSoft_ZTATTUZ_3.6.1_x64\\.venv\\Lib\\site-packages\\_pyinstaller_hooks_contrib\\stdhooks'
15380 INFO: Processing standard module hook 'hook-cryptography.py' from 'D:\\a\\Atlantic-Software\\Atlantic-Software\\GymSoft_ZTATTUZ_3.6.1_x64\\.venv\\Lib\\site-packages\\_pyinstaller_hooks_contrib\\stdhooks'
16766 INFO: hook-cryptography: cryptography does not seem to be using dynamically linked OpenSSL.
17425 INFO: Processing standard module hook 'hook-openpyxl.py' from 'D:\\a\\Atlantic-Software\\Atlantic-Software\\GymSoft_ZTATTUZ_3.6.1_x64\\.venv\\Lib\\site-packages\\_pyinstaller_hooks_contrib\\stdhooks'
18383 INFO: Analyzing hidden import 'PIL._tkinter_finder'
18384 INFO: Analyzing hidden import 'supabase.client'
18386 INFO: Analyzing hidden import 'certifi.__main__'
18387 INFO: Analyzing hidden import 'certifi.tests'
18387 INFO: Analyzing hidden import 'certifi.tests.test_certify'
18508 INFO: Analyzing hidden import 'tzdata'
18509 INFO: Analyzing hidden import 'tzdata.zoneinfo'
18509 INFO: Analyzing hidden import 'tzdata.zoneinfo.Africa'
18510 INFO: Analyzing hidden import 'tzdata.zoneinfo.America'
18510 INFO: Analyzing hidden import 'tzdata.zoneinfo.America.Argentina'
18510 INFO: Analyzing hidden import 'tzdata.zoneinfo.America.Indiana'
18511 INFO: Analyzing hidden import 'tzdata.zoneinfo.America.Kentucky'
18511 INFO: Analyzing hidden import 'tzdata.zoneinfo.America.North_Dakota'
18511 INFO: Analyzing hidden import 'tzdata.zoneinfo.Antarctica'
18512 INFO: Analyzing hidden import 'tzdata.zoneinfo.Arctic'
18512 INFO: Analyzing hidden import 'tzdata.zoneinfo.Asia'
18512 INFO: Analyzing hidden import 'tzdata.zoneinfo.Atlantic'
18512 INFO: Analyzing hidden import 'tzdata.zoneinfo.Australia'
18513 INFO: Analyzing hidden import 'tzdata.zoneinfo.Brazil'
18513 INFO: Analyzing hidden import 'tzdata.zoneinfo.Canada'
18513 INFO: Analyzing hidden import 'tzdata.zoneinfo.Chile'
18514 INFO: Analyzing hidden import 'tzdata.zoneinfo.Etc'
18514 INFO: Analyzing hidden import 'tzdata.zoneinfo.Europe'
18514 INFO: Analyzing hidden import 'tzdata.zoneinfo.Indian'
18515 INFO: Analyzing hidden import 'tzdata.zoneinfo.Mexico'
18515 INFO: Analyzing hidden import 'tzdata.zoneinfo.Pacific'
18515 INFO: Analyzing hidden import 'tzdata.zoneinfo.US'
18515 INFO: Analyzing hidden import 'serial.__main__'
18554 INFO: Analyzing hidden import 'serial.rfc2217'
18593 INFO: Analyzing hidden import 'serial.rs485'
18595 INFO: Analyzing hidden import 'serial.threaded'
18604 INFO: Analyzing hidden import 'serial.urlhandler'
18604 INFO: Analyzing hidden import 'serial.urlhandler.protocol_alt'
18606 INFO: Analyzing hidden import 'serial.urlhandler.protocol_cp2110'
18613 INFO: Analyzing hidden import 'serial.urlhandler.protocol_hwgrep'
18616 INFO: Analyzing hidden import 'serial.urlhandler.protocol_loop'
18625 INFO: Analyzing hidden import 'serial.urlhandler.protocol_rfc2217'
18625 INFO: Analyzing hidden import 'serial.urlhandler.protocol_socket'
18635 INFO: Analyzing hidden import 'serial.urlhandler.protocol_spy'
18645 INFO: Processing module hooks (post-graph stage)...
19006 INFO: Processing pre-safe-import-module hook 'hook-tomli.py' from 'D:\\a\\Atlantic-Software\\Atlantic-Software\\GymSoft_ZTATTUZ_3.6.1_x64\\.venv\\Lib\\site-packages\\PyInstaller\\hooks\\pre_safe_import_module'
19007 INFO: Setuptools: 'tomli' appears to be a setuptools-vendored copy - creating alias to 'setuptools._vendor.tomli'!
19013 INFO: Processing standard module hook 'hook-setuptools.py' from 'D:\\a\\Atlantic-Software\\Atlantic-Software\\GymSoft_ZTATTUZ_3.6.1_x64\\.venv\\Lib\\site-packages\\PyInstaller\\hooks'
19027 INFO: Processing pre-safe-import-module hook 'hook-distutils.py' from 'D:\\a\\Atlantic-Software\\Atlantic-Software\\GymSoft_ZTATTUZ_3.6.1_x64\\.venv\\Lib\\site-packages\\PyInstaller\\hooks\\pre_safe_import_module'
19056 INFO: Processing pre-safe-import-module hook 'hook-jaraco.py' from 'D:\\a\\Atlantic-Software\\Atlantic-Software\\GymSoft_ZTATTUZ_3.6.1_x64\\.venv\\Lib\\site-packages\\PyInstaller\\hooks\\pre_safe_import_module'
19056 INFO: Setuptools: 'jaraco' appears to be a full setuptools-vendored copy - creating alias to 'setuptools._vendor.jaraco'!
19066 INFO: Processing pre-safe-import-module hook 'hook-more_itertools.py' from 'D:\\a\\Atlantic-Software\\Atlantic-Software\\GymSoft_ZTATTUZ_3.6.1_x64\\.venv\\Lib\\site-packages\\PyInstaller\\hooks\\pre_safe_import_module'
19066 INFO: Setuptools: 'more_itertools' appears to be a setuptools-vendored copy - creating alias to 'setuptools._vendor.more_itertools'!
19206 INFO: Processing standard module hook 'hook-_osx_support.py' from 'D:\\a\\Atlantic-Software\\Atlantic-Software\\GymSoft_ZTATTUZ_3.6.1_x64\\.venv\\Lib\\site-packages\\PyInstaller\\hooks'
19476 INFO: Processing standard module hook 'hook-setuptools._vendor.jaraco.text.py' from 'D:\\a\\Atlantic-Software\\Atlantic-Software\\GymSoft_ZTATTUZ_3.6.1_x64\\.venv\\Lib\\site-packages\\PyInstaller\\hooks'
19477 INFO: Processing pre-safe-import-module hook 'hook-importlib_resources.py' from 'D:\\a\\Atlantic-Software\\Atlantic-Software\\GymSoft_ZTATTUZ_3.6.1_x64\\.venv\\Lib\\site-packages\\PyInstaller\\hooks\\pre_safe_import_module'
19486 INFO: Processing pre-safe-import-module hook 'hook-backports.py' from 'D:\\a\\Atlantic-Software\\Atlantic-Software\\GymSoft_ZTATTUZ_3.6.1_x64\\.venv\\Lib\\site-packages\\PyInstaller\\hooks\\pre_safe_import_module'
19486 INFO: Setuptools: 'backports' appears to be a full setuptools-vendored copy - creating alias to 'setuptools._vendor.backports'!
20492 INFO: Processing pre-safe-import-module hook 'hook-wheel.py' from 'D:\\a\\Atlantic-Software\\Atlantic-Software\\GymSoft_ZTATTUZ_3.6.1_x64\\.venv\\Lib\\site-packages\\PyInstaller\\hooks\\pre_safe_import_module'
20492 INFO: Setuptools: 'wheel' appears to be a setuptools-vendored copy - creating alias to 'setuptools._vendor.wheel'!
20621 INFO: Processing standard module hook 'hook-tzdata.py' from 'D:\\a\\Atlantic-Software\\Atlantic-Software\\GymSoft_ZTATTUZ_3.6.1_x64\\.venv\\Lib\\site-packages\\_pyinstaller_hooks_contrib\\stdhooks'
21400 INFO: Processing standard module hook 'hook-PIL.SpiderImagePlugin.py' from 'D:\\a\\Atlantic-Software\\Atlantic-Software\\GymSoft_ZTATTUZ_3.6.1_x64\\.venv\\Lib\\site-packages\\PyInstaller\\hooks'
22088 INFO: Processing standard module hook 'hook-_tkinter.py' from 'D:\\a\\Atlantic-Software\\Atlantic-Software\\GymSoft_ZTATTUZ_3.6.1_x64\\.venv\\Lib\\site-packages\\PyInstaller\\hooks'
22104 INFO: Performing binary vs. data reclassification (788 entries)
22138 INFO: Looking for ctypes DLLs
22226 WARNING: Ignoring /System/Library/Frameworks/CoreFoundation.framework/CoreFoundation imported from D:\a\Atlantic-Software\Atlantic-Software\GymSoft_ZTATTUZ_3.6.1_x64\.venv\Lib\site-packages\serial\tools\list_ports_osx.py - only basenames are supported with ctypes imports!
22226 WARNING: Ignoring /System/Library/Frameworks/IOKit.framework/IOKit imported from D:\a\Atlantic-Software\Atlantic-Software\GymSoft_ZTATTUZ_3.6.1_x64\.venv\Lib\site-packages\serial\tools\list_ports_osx.py - only basenames are supported with ctypes imports!
22260 INFO: Analyzing run-time hooks ...
22266 INFO: Including run-time hook 'pyi_rth_inspect.py' from 'D:\\a\\Atlantic-Software\\Atlantic-Software\\GymSoft_ZTATTUZ_3.6.1_x64\\.venv\\Lib\\site-packages\\PyInstaller\\hooks\\rthooks'
22269 INFO: Including run-time hook 'pyi_rth_pkgutil.py' from 'D:\\a\\Atlantic-Software\\Atlantic-Software\\GymSoft_ZTATTUZ_3.6.1_x64\\.venv\\Lib\\site-packages\\PyInstaller\\hooks\\rthooks'
22271 INFO: Including run-time hook 'pyi_rth_multiprocessing.py' from 'D:\\a\\Atlantic-Software\\Atlantic-Software\\GymSoft_ZTATTUZ_3.6.1_x64\\.venv\\Lib\\site-packages\\PyInstaller\\hooks\\rthooks'
22273 INFO: Including run-time hook 'pyi_rth_setuptools.py' from 'D:\\a\\Atlantic-Software\\Atlantic-Software\\GymSoft_ZTATTUZ_3.6.1_x64\\.venv\\Lib\\site-packages\\PyInstaller\\hooks\\rthooks'
22274 INFO: Including run-time hook 'pyi_rth_cryptography_openssl.py' from 'D:\\a\\Atlantic-Software\\Atlantic-Software\\GymSoft_ZTATTUZ_3.6.1_x64\\.venv\\Lib\\site-packages\\_pyinstaller_hooks_contrib\\rthooks'
22275 INFO: Including run-time hook 'pyi_rth__tkinter.py' from 'D:\\a\\Atlantic-Software\\Atlantic-Software\\GymSoft_ZTATTUZ_3.6.1_x64\\.venv\\Lib\\site-packages\\PyInstaller\\hooks\\rthooks'
22299 INFO: Creating base_library.zip...
22314 INFO: Looking for dynamic libraries
23008 INFO: Extra DLL search directories (AddDllDirectory): []
23008 INFO: Extra DLL search directories (PATH): []
23527 INFO: Warnings written to D:\a\Atlantic-Software\Atlantic-Software\GymSoft_ZTATTUZ_3.6.1_x64\salida\validacion\paquete-tecnico\ejecuciones\20261009T033709Z-7736\build\work\ZTATTUZ Admin\warn-ZTATTUZ Admin.txt
23610 INFO: Graph cross-reference written to D:\a\Atlantic-Software\Atlantic-Software\GymSoft_ZTATTUZ_3.6.1_x64\salida\validacion\paquete-tecnico\ejecuciones\20261009T033709Z-7736\build\work\ZTATTUZ Admin\xref-ZTATTUZ Admin.html
23666 INFO: checking PYZ
23666 INFO: Building PYZ because PYZ-00.toc is non existent
23666 INFO: Building PYZ (ZlibArchive) D:\a\Atlantic-Software\Atlantic-Software\GymSoft_ZTATTUZ_3.6.1_x64\salida\validacion\paquete-tecnico\ejecuciones\20261009T033709Z-7736\build\work\ZTATTUZ Admin\PYZ-00.pyz
24204 INFO: Building PYZ (ZlibArchive) D:\a\Atlantic-Software\Atlantic-Software\GymSoft_ZTATTUZ_3.6.1_x64\salida\validacion\paquete-tecnico\ejecuciones\20261009T033709Z-7736\build\work\ZTATTUZ Admin\PYZ-00.pyz completed successfully.
24225 INFO: checking PKG
24225 INFO: Building PKG because PKG-00.toc is non existent
24225 INFO: Building PKG (CArchive) ZTATTUZ Admin.pkg
24307 INFO: Building PKG (CArchive) ZTATTUZ Admin.pkg completed successfully.
24308 INFO: Bootloader D:\a\Atlantic-Software\Atlantic-Software\GymSoft_ZTATTUZ_3.6.1_x64\.venv\Lib\site-packages\PyInstaller\bootloader\Windows-64bit-intel\runw.exe
24308 INFO: checking EXE
24308 INFO: Building EXE because EXE-00.toc is non existent
24308 INFO: Building EXE from EXE-00.toc
24308 INFO: Copying bootloader EXE to D:\a\Atlantic-Software\Atlantic-Software\GymSoft_ZTATTUZ_3.6.1_x64\salida\validacion\paquete-tecnico\ejecuciones\20261009T033709Z-7736\build\work\ZTATTUZ Admin\ZTATTUZ Admin.exe
24310 INFO: Copying icon to EXE
24311 INFO: Copying version information to EXE
24314 INFO: Copying 0 resources to EXE
24314 INFO: Embedding manifest in EXE
24315 INFO: Appending PKG archive to EXE
24319 INFO: Fixing EXE headers
24381 INFO: Building EXE from EXE-00.toc completed successfully.
24387 INFO: checking COLLECT
24387 INFO: Building COLLECT because COLLECT-00.toc is non existent
24387 INFO: Building COLLECT COLLECT-00.toc
24686 INFO: Building COLLECT COLLECT-00.toc completed successfully.
24704 INFO: Build complete! The results are available in: D:\a\Atlantic-Software\Atlantic-Software\GymSoft_ZTATTUZ_3.6.1_x64\salida\validacion\paquete-tecnico\ejecuciones\20261009T033709Z-7736\dist
