["D:\\a\\Atlantic-Software\\Atlantic-Software\\GymSoft_ZTATTUZ_3.6.1_x64\\.venv\\Scripts\\python.exe", "-m", "PyInstaller", "--noconfirm", "--clean", "--windowed", "--onedir", "--name", "ZTATTUZ Recepcion", "--icon", "D:\\a\\Atlantic-Software\\Atlantic-Software\\GymSoft_ZTATTUZ_3.6.1_x64\\icono_recepcion.ico", "--version-file", "D:\\a\\Atlantic-Software\\Atlantic-Software\\GymSoft_ZTATTUZ_3.6.1_x64\\salida\\validacion\\paquete-tecnico\\ejecuciones\\20261009T033709Z-7736\\build\\ZTATTUZ Recepcion_version.txt", "--paths", "D:\\a\\Atlantic-Software\\Atlantic-Software\\GymSoft_ZTATTUZ_3.6.1_x64", "--workpath", "D:\\a\\Atlantic-Software\\Atlantic-Software\\GymSoft_ZTATTUZ_3.6.1_x64\\salida\\validacion\\paquete-tecnico\\ejecuciones\\20261009T033709Z-7736\\build\\work", "--specpath", "D:\\a\\Atlantic-Software\\Atlantic-Software\\GymSoft_ZTATTUZ_3.6.1_x64\\salida\\validacion\\paquete-tecnico\\ejecuciones\\20261009T033709Z-7736\\build\\spec", "--distpath", "D:\\a\\Atlantic-Software\\Atlantic-Software\\GymSoft_ZTATTUZ_3.6.1_x64\\salida\\validacion\\paquete-tecnico\\ejecuciones\\20261009T033709Z-7736\\dist", "--add-data", "D:\\a\\Atlantic-Software\\Atlantic-Software\\GymSoft_ZTATTUZ_3.6.1_x64\\gymsoft_config.json;.", "--add-data", "D:\\a\\Atlantic-Software\\Atlantic-Software\\GymSoft_ZTATTUZ_3.6.1_x64\\icono.ico;.", "--add-data", "D:\\a\\Atlantic-Software\\Atlantic-Software\\GymSoft_ZTATTUZ_3.6.1_x64\\icono_recepcion.ico;.", "--hidden-import", "PIL._tkinter_finder", "--collect-all", "supabase", "--collect-all", "realtime", "--collect-all", "certifi", "--collect-all", "postgrest", "--collect-all", "supabase_auth", "--collect-all", "tzdata", "--collect-all", "serial", "D:\\a\\Atlantic-Software\\Atlantic-Software\\GymSoft_ZTATTUZ_3.6.1_x64\\reception_app.py"]
91 INFO: PyInstaller: 6.22.2, contrib hooks: 2026.8
92 INFO: Python: 3.14.8
107 INFO: Platform: Windows-2022Server-10.0.20348-SP0
107 INFO: Python environment: D:\a\Atlantic-Software\Atlantic-Software\GymSoft_ZTATTUZ_3.6.1_x64\.venv
107 INFO: wrote D:\a\Atlantic-Software\Atlantic-Software\GymSoft_ZTATTUZ_3.6.1_x64\salida\validacion\paquete-tecnico\ejecuciones\20261009T033709Z-7736\build\spec\ZTATTUZ Recepcion.spec
110 INFO: Removing temporary files and cleaning cache in D:\a\Atlantic-Software\Atlantic-Software\GymSoft_ZTATTUZ_3.6.1_x64\salida\validacion\paquete-tecnico\ejecuciones\20261009T033709Z-7736\cache-pyinstaller\pyinstaller
2881 INFO: Module search paths (PYTHONPATH):
['D:\\a\\Atlantic-Software\\Atlantic-Software\\GymSoft_ZTATTUZ_3.6.1_x64',
 'C:\\hostedtoolcache\\windows\\Python\\3.14.8\\x64\\python314.zip',
 'C:\\hostedtoolcache\\windows\\Python\\3.14.8\\x64\\DLLs',
 'C:\\hostedtoolcache\\windows\\Python\\3.14.8\\x64\\Lib',
 'C:\\hostedtoolcache\\windows\\Python\\3.14.8\\x64',
 'D:\\a\\Atlantic-Software\\Atlantic-Software\\GymSoft_ZTATTUZ_3.6.1_x64\\.venv',
 'D:\\a\\Atlantic-Software\\Atlantic-Software\\GymSoft_ZTATTUZ_3.6.1_x64\\.venv\\Lib\\site-packages',
 'D:\\a\\Atlantic-Software\\Atlantic-Software\\GymSoft_ZTATTUZ_3.6.1_x64']
3069 INFO: Appending 'datas' from .spec
3094 INFO: checking Analysis
3094 INFO: Building Analysis because Analysis-00.toc is non existent
3094 INFO: Looking for Python shared library...
3094 INFO: Using Python shared library: C:\hostedtoolcache\windows\Python\3.14.8\x64\python314.dll
3095 INFO: Running Analysis Analysis-00.toc
3095 INFO: Target bytecode optimization level: 0
3095 INFO: Initializing module dependency graph...
3095 INFO: Initializing module graph hook caches...
3105 INFO: Analyzing modules for base_library.zip ...
3668 INFO: Processing standard module hook 'hook-math.py' from 'D:\\a\\Atlantic-Software\\Atlantic-Software\\GymSoft_ZTATTUZ_3.6.1_x64\\.venv\\Lib\\site-packages\\PyInstaller\\hooks'
4284 INFO: Processing standard module hook 'hook-encodings.py' from 'D:\\a\\Atlantic-Software\\Atlantic-Software\\GymSoft_ZTATTUZ_3.6.1_x64\\.venv\\Lib\\site-packages\\PyInstaller\\hooks'
4685 INFO: Processing standard module hook 'hook-pickle.py' from 'D:\\a\\Atlantic-Software\\Atlantic-Software\\GymSoft_ZTATTUZ_3.6.1_x64\\.venv\\Lib\\site-packages\\PyInstaller\\hooks'
5002 INFO: Processing standard module hook 'hook-difflib.py' from 'D:\\a\\Atlantic-Software\\Atlantic-Software\\GymSoft_ZTATTUZ_3.6.1_x64\\.venv\\Lib\\site-packages\\PyInstaller\\hooks'
5013 INFO: Processing standard module hook 'hook-heapq.py' from 'D:\\a\\Atlantic-Software\\Atlantic-Software\\GymSoft_ZTATTUZ_3.6.1_x64\\.venv\\Lib\\site-packages\\PyInstaller\\hooks'
7303 INFO: Caching module dependency graph...
7335 INFO: Analyzing D:\a\Atlantic-Software\Atlantic-Software\GymSoft_ZTATTUZ_3.6.1_x64\reception_app.py
7436 INFO: Processing standard module hook 'hook-zoneinfo.py' from 'D:\\a\\Atlantic-Software\\Atlantic-Software\\GymSoft_ZTATTUZ_3.6.1_x64\\.venv\\Lib\\site-packages\\_pyinstaller_hooks_contrib\\stdhooks'
7459 INFO: Processing standard module hook 'hook-sysconfig.py' from 'D:\\a\\Atlantic-Software\\Atlantic-Software\\GymSoft_ZTATTUZ_3.6.1_x64\\.venv\\Lib\\site-packages\\PyInstaller\\hooks'
7560 INFO: Processing standard module hook 'hook-_ctypes.py' from 'D:\\a\\Atlantic-Software\\Atlantic-Software\\GymSoft_ZTATTUZ_3.6.1_x64\\.venv\\Lib\\site-packages\\PyInstaller\\hooks'
7563 INFO: Processing pre-find-module-path hook 'hook-tkinter.py' from 'D:\\a\\Atlantic-Software\\Atlantic-Software\\GymSoft_ZTATTUZ_3.6.1_x64\\.venv\\Lib\\site-packages\\PyInstaller\\hooks\\pre_find_module_path'
7564 INFO: TclTkInfo: initializing cached Tcl/Tk info...
7861 INFO: Processing standard module hook 'hook-_tkinter.py' from 'D:\\a\\Atlantic-Software\\Atlantic-Software\\GymSoft_ZTATTUZ_3.6.1_x64\\.venv\\Lib\\site-packages\\PyInstaller\\hooks'
7927 INFO: Processing standard module hook 'hook-sqlite3.py' from 'D:\\a\\Atlantic-Software\\Atlantic-Software\\GymSoft_ZTATTUZ_3.6.1_x64\\.venv\\Lib\\site-packages\\PyInstaller\\hooks'
8168 INFO: Processing standard module hook 'hook-PIL.py' from 'D:\\a\\Atlantic-Software\\Atlantic-Software\\GymSoft_ZTATTUZ_3.6.1_x64\\.venv\\Lib\\site-packages\\PyInstaller\\hooks'
8284 INFO: Processing standard module hook 'hook-PIL.Image.py' from 'D:\\a\\Atlantic-Software\\Atlantic-Software\\GymSoft_ZTATTUZ_3.6.1_x64\\.venv\\Lib\\site-packages\\PyInstaller\\hooks'
8568 INFO: Processing standard module hook 'hook-xml.py' from 'D:\\a\\Atlantic-Software\\Atlantic-Software\\GymSoft_ZTATTUZ_3.6.1_x64\\.venv\\Lib\\site-packages\\PyInstaller\\hooks'
8588 INFO: Processing standard module hook 'hook-xml.etree.cElementTree.py' from 'D:\\a\\Atlantic-Software\\Atlantic-Software\\GymSoft_ZTATTUZ_3.6.1_x64\\.venv\\Lib\\site-packages\\PyInstaller\\hooks'
8780 INFO: Processing standard module hook 'hook-PIL.ImageFilter.py' from 'D:\\a\\Atlantic-Software\\Atlantic-Software\\GymSoft_ZTATTUZ_3.6.1_x64\\.venv\\Lib\\site-packages\\PyInstaller\\hooks'
9443 INFO: Processing standard module hook 'hook-certifi.py' from 'D:\\a\\Atlantic-Software\\Atlantic-Software\\GymSoft_ZTATTUZ_3.6.1_x64\\.venv\\Lib\\site-packages\\_pyinstaller_hooks_contrib\\stdhooks'
9632 INFO: Processing standard module hook 'hook-multiprocessing.util.py' from 'D:\\a\\Atlantic-Software\\Atlantic-Software\\GymSoft_ZTATTUZ_3.6.1_x64\\.venv\\Lib\\site-packages\\PyInstaller\\hooks'
10408 INFO: Processing standard module hook 'hook-anyio.py' from 'D:\\a\\Atlantic-Software\\Atlantic-Software\\GymSoft_ZTATTUZ_3.6.1_x64\\.venv\\Lib\\site-packages\\_pyinstaller_hooks_contrib\\stdhooks'
10681 INFO: Processing pre-safe-import-module hook 'hook-typing_extensions.py' from 'D:\\a\\Atlantic-Software\\Atlantic-Software\\GymSoft_ZTATTUZ_3.6.1_x64\\.venv\\Lib\\site-packages\\PyInstaller\\hooks\\pre_safe_import_module'
10681 INFO: SetuptoolsInfo: initializing cached setuptools info...
12135 INFO: Processing standard module hook 'hook-platform.py' from 'D:\\a\\Atlantic-Software\\Atlantic-Software\\GymSoft_ZTATTUZ_3.6.1_x64\\.venv\\Lib\\site-packages\\PyInstaller\\hooks'
12143 INFO: Processing pre-safe-import-module hook 'hook-packaging.py' from 'D:\\a\\Atlantic-Software\\Atlantic-Software\\GymSoft_ZTATTUZ_3.6.1_x64\\.venv\\Lib\\site-packages\\PyInstaller\\hooks\\pre_safe_import_module'
12356 INFO: Processing standard module hook 'hook-pydantic.py' from 'D:\\a\\Atlantic-Software\\Atlantic-Software\\GymSoft_ZTATTUZ_3.6.1_x64\\.venv\\Lib\\site-packages\\_pyinstaller_hooks_contrib\\stdhooks'
14093 INFO: Processing standard module hook 'hook-websockets.py' from 'D:\\a\\Atlantic-Software\\Atlantic-Software\\GymSoft_ZTATTUZ_3.6.1_x64\\.venv\\Lib\\site-packages\\_pyinstaller_hooks_contrib\\stdhooks'
14766 INFO: Processing standard module hook 'hook-cryptography.py' from 'D:\\a\\Atlantic-Software\\Atlantic-Software\\GymSoft_ZTATTUZ_3.6.1_x64\\.venv\\Lib\\site-packages\\_pyinstaller_hooks_contrib\\stdhooks'
15716 INFO: hook-cryptography: cryptography does not seem to be using dynamically linked OpenSSL.
16321 INFO: Processing standard module hook 'hook-webbrowser.py' from 'D:\\a\\Atlantic-Software\\Atlantic-Software\\GymSoft_ZTATTUZ_3.6.1_x64\\.venv\\Lib\\site-packages\\PyInstaller\\hooks'
16716 INFO: Processing standard module hook 'hook-openpyxl.py' from 'D:\\a\\Atlantic-Software\\Atlantic-Software\\GymSoft_ZTATTUZ_3.6.1_x64\\.venv\\Lib\\site-packages\\_pyinstaller_hooks_contrib\\stdhooks'
17570 INFO: Analyzing hidden import 'PIL._tkinter_finder'
17571 INFO: Analyzing hidden import 'supabase.client'
17573 INFO: Analyzing hidden import 'certifi.__main__'
17573 INFO: Analyzing hidden import 'certifi.tests'
17574 INFO: Analyzing hidden import 'certifi.tests.test_certify'
17696 INFO: Analyzing hidden import 'tzdata'
17697 INFO: Analyzing hidden import 'tzdata.zoneinfo'
17697 INFO: Analyzing hidden import 'tzdata.zoneinfo.Africa'
17698 INFO: Analyzing hidden import 'tzdata.zoneinfo.America'
17698 INFO: Analyzing hidden import 'tzdata.zoneinfo.America.Argentina'
17698 INFO: Analyzing hidden import 'tzdata.zoneinfo.America.Indiana'
17699 INFO: Analyzing hidden import 'tzdata.zoneinfo.America.Kentucky'
17699 INFO: Analyzing hidden import 'tzdata.zoneinfo.America.North_Dakota'
17699 INFO: Analyzing hidden import 'tzdata.zoneinfo.Antarctica'
17700 INFO: Analyzing hidden import 'tzdata.zoneinfo.Arctic'
17700 INFO: Analyzing hidden import 'tzdata.zoneinfo.Asia'
17700 INFO: Analyzing hidden import 'tzdata.zoneinfo.Atlantic'
17701 INFO: Analyzing hidden import 'tzdata.zoneinfo.Australia'
17701 INFO: Analyzing hidden import 'tzdata.zoneinfo.Brazil'
17701 INFO: Analyzing hidden import 'tzdata.zoneinfo.Canada'
17701 INFO: Analyzing hidden import 'tzdata.zoneinfo.Chile'
17702 INFO: Analyzing hidden import 'tzdata.zoneinfo.Etc'
17702 INFO: Analyzing hidden import 'tzdata.zoneinfo.Europe'
17702 INFO: Analyzing hidden import 'tzdata.zoneinfo.Indian'
17702 INFO: Analyzing hidden import 'tzdata.zoneinfo.Mexico'
17703 INFO: Analyzing hidden import 'tzdata.zoneinfo.Pacific'
17703 INFO: Analyzing hidden import 'tzdata.zoneinfo.US'
17703 INFO: Analyzing hidden import 'serial.__main__'
17741 INFO: Analyzing hidden import 'serial.rfc2217'
17781 INFO: Analyzing hidden import 'serial.rs485'
17783 INFO: Analyzing hidden import 'serial.threaded'
17792 INFO: Analyzing hidden import 'serial.urlhandler'
17792 INFO: Analyzing hidden import 'serial.urlhandler.protocol_alt'
17794 INFO: Analyzing hidden import 'serial.urlhandler.protocol_cp2110'
17801 INFO: Analyzing hidden import 'serial.urlhandler.protocol_hwgrep'
17804 INFO: Analyzing hidden import 'serial.urlhandler.protocol_loop'
17813 INFO: Analyzing hidden import 'serial.urlhandler.protocol_rfc2217'
17813 INFO: Analyzing hidden import 'serial.urlhandler.protocol_socket'
17823 INFO: Analyzing hidden import 'serial.urlhandler.protocol_spy'
17833 INFO: Processing module hooks (post-graph stage)...
18200 INFO: Processing pre-safe-import-module hook 'hook-tomli.py' from 'D:\\a\\Atlantic-Software\\Atlantic-Software\\GymSoft_ZTATTUZ_3.6.1_x64\\.venv\\Lib\\site-packages\\PyInstaller\\hooks\\pre_safe_import_module'
18200 INFO: Setuptools: 'tomli' appears to be a setuptools-vendored copy - creating alias to 'setuptools._vendor.tomli'!
18206 INFO: Processing standard module hook 'hook-setuptools.py' from 'D:\\a\\Atlantic-Software\\Atlantic-Software\\GymSoft_ZTATTUZ_3.6.1_x64\\.venv\\Lib\\site-packages\\PyInstaller\\hooks'
18219 INFO: Processing pre-safe-import-module hook 'hook-distutils.py' from 'D:\\a\\Atlantic-Software\\Atlantic-Software\\GymSoft_ZTATTUZ_3.6.1_x64\\.venv\\Lib\\site-packages\\PyInstaller\\hooks\\pre_safe_import_module'
18247 INFO: Processing pre-safe-import-module hook 'hook-jaraco.py' from 'D:\\a\\Atlantic-Software\\Atlantic-Software\\GymSoft_ZTATTUZ_3.6.1_x64\\.venv\\Lib\\site-packages\\PyInstaller\\hooks\\pre_safe_import_module'
18247 INFO: Setuptools: 'jaraco' appears to be a full setuptools-vendored copy - creating alias to 'setuptools._vendor.jaraco'!
18257 INFO: Processing pre-safe-import-module hook 'hook-more_itertools.py' from 'D:\\a\\Atlantic-Software\\Atlantic-Software\\GymSoft_ZTATTUZ_3.6.1_x64\\.venv\\Lib\\site-packages\\PyInstaller\\hooks\\pre_safe_import_module'
18258 INFO: Setuptools: 'more_itertools' appears to be a setuptools-vendored copy - creating alias to 'setuptools._vendor.more_itertools'!
18402 INFO: Processing standard module hook 'hook-_osx_support.py' from 'D:\\a\\Atlantic-Software\\Atlantic-Software\\GymSoft_ZTATTUZ_3.6.1_x64\\.venv\\Lib\\site-packages\\PyInstaller\\hooks'
18676 INFO: Processing standard module hook 'hook-setuptools._vendor.jaraco.text.py' from 'D:\\a\\Atlantic-Software\\Atlantic-Software\\GymSoft_ZTATTUZ_3.6.1_x64\\.venv\\Lib\\site-packages\\PyInstaller\\hooks'
18677 INFO: Processing pre-safe-import-module hook 'hook-importlib_resources.py' from 'D:\\a\\Atlantic-Software\\Atlantic-Software\\GymSoft_ZTATTUZ_3.6.1_x64\\.venv\\Lib\\site-packages\\PyInstaller\\hooks\\pre_safe_import_module'
18685 INFO: Processing pre-safe-import-module hook 'hook-backports.py' from 'D:\\a\\Atlantic-Software\\Atlantic-Software\\GymSoft_ZTATTUZ_3.6.1_x64\\.venv\\Lib\\site-packages\\PyInstaller\\hooks\\pre_safe_import_module'
18686 INFO: Setuptools: 'backports' appears to be a full setuptools-vendored copy - creating alias to 'setuptools._vendor.backports'!
19691 INFO: Processing pre-safe-import-module hook 'hook-wheel.py' from 'D:\\a\\Atlantic-Software\\Atlantic-Software\\GymSoft_ZTATTUZ_3.6.1_x64\\.venv\\Lib\\site-packages\\PyInstaller\\hooks\\pre_safe_import_module'
19691 INFO: Setuptools: 'wheel' appears to be a setuptools-vendored copy - creating alias to 'setuptools._vendor.wheel'!
19821 INFO: Processing standard module hook 'hook-tzdata.py' from 'D:\\a\\Atlantic-Software\\Atlantic-Software\\GymSoft_ZTATTUZ_3.6.1_x64\\.venv\\Lib\\site-packages\\_pyinstaller_hooks_contrib\\stdhooks'
20627 INFO: Processing standard module hook 'hook-PIL.SpiderImagePlugin.py' from 'D:\\a\\Atlantic-Software\\Atlantic-Software\\GymSoft_ZTATTUZ_3.6.1_x64\\.venv\\Lib\\site-packages\\PyInstaller\\hooks'
21331 INFO: Processing standard module hook 'hook-_tkinter.py' from 'D:\\a\\Atlantic-Software\\Atlantic-Software\\GymSoft_ZTATTUZ_3.6.1_x64\\.venv\\Lib\\site-packages\\PyInstaller\\hooks'
21349 INFO: Performing binary vs. data reclassification (788 entries)
21382 INFO: Looking for ctypes DLLs
21435 WARNING: Ignoring /System/Library/Frameworks/IOKit.framework/IOKit imported from D:\a\Atlantic-Software\Atlantic-Software\GymSoft_ZTATTUZ_3.6.1_x64\.venv\Lib\site-packages\serial\tools\list_ports_osx.py - only basenames are supported with ctypes imports!
21435 WARNING: Ignoring /System/Library/Frameworks/CoreFoundation.framework/CoreFoundation imported from D:\a\Atlantic-Software\Atlantic-Software\GymSoft_ZTATTUZ_3.6.1_x64\.venv\Lib\site-packages\serial\tools\list_ports_osx.py - only basenames are supported with ctypes imports!
21467 INFO: Analyzing run-time hooks ...
21473 INFO: Including run-time hook 'pyi_rth_inspect.py' from 'D:\\a\\Atlantic-Software\\Atlantic-Software\\GymSoft_ZTATTUZ_3.6.1_x64\\.venv\\Lib\\site-packages\\PyInstaller\\hooks\\rthooks'
21475 INFO: Including run-time hook 'pyi_rth_pkgutil.py' from 'D:\\a\\Atlantic-Software\\Atlantic-Software\\GymSoft_ZTATTUZ_3.6.1_x64\\.venv\\Lib\\site-packages\\PyInstaller\\hooks\\rthooks'
21477 INFO: Including run-time hook 'pyi_rth_multiprocessing.py' from 'D:\\a\\Atlantic-Software\\Atlantic-Software\\GymSoft_ZTATTUZ_3.6.1_x64\\.venv\\Lib\\site-packages\\PyInstaller\\hooks\\rthooks'
21479 INFO: Including run-time hook 'pyi_rth_setuptools.py' from 'D:\\a\\Atlantic-Software\\Atlantic-Software\\GymSoft_ZTATTUZ_3.6.1_x64\\.venv\\Lib\\site-packages\\PyInstaller\\hooks\\rthooks'
21480 INFO: Including run-time hook 'pyi_rth_cryptography_openssl.py' from 'D:\\a\\Atlantic-Software\\Atlantic-Software\\GymSoft_ZTATTUZ_3.6.1_x64\\.venv\\Lib\\site-packages\\_pyinstaller_hooks_contrib\\rthooks'
21481 INFO: Including run-time hook 'pyi_rth__tkinter.py' from 'D:\\a\\Atlantic-Software\\Atlantic-Software\\GymSoft_ZTATTUZ_3.6.1_x64\\.venv\\Lib\\site-packages\\PyInstaller\\hooks\\rthooks'
21505 INFO: Creating base_library.zip...
21520 INFO: Looking for dynamic libraries
22256 INFO: Extra DLL search directories (AddDllDirectory): []
22256 INFO: Extra DLL search directories (PATH): []
22773 INFO: Warnings written to D:\a\Atlantic-Software\Atlantic-Software\GymSoft_ZTATTUZ_3.6.1_x64\salida\validacion\paquete-tecnico\ejecuciones\20261009T033709Z-7736\build\work\ZTATTUZ Recepcion\warn-ZTATTUZ Recepcion.txt
22856 INFO: Graph cross-reference written to D:\a\Atlantic-Software\Atlantic-Software\GymSoft_ZTATTUZ_3.6.1_x64\salida\validacion\paquete-tecnico\ejecuciones\20261009T033709Z-7736\build\work\ZTATTUZ Recepcion\xref-ZTATTUZ Recepcion.html
22912 INFO: checking PYZ
22912 INFO: Building PYZ because PYZ-00.toc is non existent
22912 INFO: Building PYZ (ZlibArchive) D:\a\Atlantic-Software\Atlantic-Software\GymSoft_ZTATTUZ_3.6.1_x64\salida\validacion\paquete-tecnico\ejecuciones\20261009T033709Z-7736\build\work\ZTATTUZ Recepcion\PYZ-00.pyz
23451 INFO: Building PYZ (ZlibArchive) D:\a\Atlantic-Software\Atlantic-Software\GymSoft_ZTATTUZ_3.6.1_x64\salida\validacion\paquete-tecnico\ejecuciones\20261009T033709Z-7736\build\work\ZTATTUZ Recepcion\PYZ-00.pyz completed successfully.
23472 INFO: checking PKG
23472 INFO: Building PKG because PKG-00.toc is non existent
23472 INFO: Building PKG (CArchive) ZTATTUZ Recepcion.pkg
23512 INFO: Building PKG (CArchive) ZTATTUZ Recepcion.pkg completed successfully.
23512 INFO: Bootloader D:\a\Atlantic-Software\Atlantic-Software\GymSoft_ZTATTUZ_3.6.1_x64\.venv\Lib\site-packages\PyInstaller\bootloader\Windows-64bit-intel\runw.exe
23512 INFO: checking EXE
23512 INFO: Building EXE because EXE-00.toc is non existent
23512 INFO: Building EXE from EXE-00.toc
23513 INFO: Copying bootloader EXE to D:\a\Atlantic-Software\Atlantic-Software\GymSoft_ZTATTUZ_3.6.1_x64\salida\validacion\paquete-tecnico\ejecuciones\20261009T033709Z-7736\build\work\ZTATTUZ Recepcion\ZTATTUZ Recepcion.exe
23514 INFO: Copying icon to EXE
23516 INFO: Copying version information to EXE
23518 INFO: Copying 0 resources to EXE
23518 INFO: Embedding manifest in EXE
23519 INFO: Appending PKG archive to EXE
23523 INFO: Fixing EXE headers
23619 INFO: Building EXE from EXE-00.toc completed successfully.
23625 INFO: checking COLLECT
23625 INFO: Building COLLECT because COLLECT-00.toc is non existent
23626 INFO: Building COLLECT COLLECT-00.toc
23928 INFO: Building COLLECT COLLECT-00.toc completed successfully.
23942 INFO: Build complete! The results are available in: D:\a\Atlantic-Software\Atlantic-Software\GymSoft_ZTATTUZ_3.6.1_x64\salida\validacion\paquete-tecnico\ejecuciones\20261009T033709Z-7736\dist
