TAP version 13
# Subtest: Meta uses raw bytes and rejects changed body, invalid signature and no secret
ok 1 - Meta uses raw bytes and rejects changed body, invalid signature and no secret
  ---
  duration_ms: 16.9314
  type: 'test'
  ...
# Subtest: Wompi dynamic property signature and header precedence
ok 2 - Wompi dynamic property signature and header precedence
  ---
  duration_ms: 3.0924
  type: 'test'
  ...
# Subtest: Signed checkout includes exact amount, unique reference and expiration
ok 3 - Signed checkout includes exact amount, unique reference and expiration
  ---
  duration_ms: 3.0273
  type: 'test'
  ...
# Subtest: Canonical Wompi lookup uses private key and validates returned id
ok 4 - Canonical Wompi lookup uses private key and validates returned id
  ---
  duration_ms: 36.0901
  type: 'test'
  ...
# Subtest: Session messages reject a closed 24 hour window
ok 5 - Session messages reject a closed 24 hour window
  ---
  duration_ms: 0.3904
  type: 'test'
  ...
# Subtest: Trigger MEMBERSHIP_BEFORE
ok 6 - Trigger MEMBERSHIP_BEFORE
  ---
  duration_ms: 31.1671
  type: 'test'
  ...
# Subtest: Trigger MEMBERSHIP_TODAY
ok 7 - Trigger MEMBERSHIP_TODAY
  ---
  duration_ms: 0.7727
  type: 'test'
  ...
# Subtest: Trigger MEMBERSHIP_AFTER
ok 8 - Trigger MEMBERSHIP_AFTER
  ---
  duration_ms: 0.4921
  type: 'test'
  ...
# Subtest: Trigger BIRTHDAY
ok 9 - Trigger BIRTHDAY
  ---
  duration_ms: 0.9028
  type: 'test'
  ...
# Subtest: Trigger BIRTHDAY_BEFORE
ok 10 - Trigger BIRTHDAY_BEFORE
  ---
  duration_ms: 1.1411
  type: 'test'
  ...
# Subtest: Trigger INACTIVITY
ok 11 - Trigger INACTIVITY
  ---
  duration_ms: 1.019
  type: 'test'
  ...
# Subtest: Trigger DAILY
ok 12 - Trigger DAILY
  ---
  duration_ms: 0.835
  type: 'test'
  ...
# Subtest: Trigger TICKET_REMAINING
ok 13 - Trigger TICKET_REMAINING
  ---
  duration_ms: 0.6056
  type: 'test'
  ...
# Subtest: Ticket threshold is deduped by membership, not calendar day
ok 14 - Ticket threshold is deduped by membership, not calendar day
  ---
  duration_ms: 1.384
  type: 'test'
  ...
# Subtest: Disabled, no consent, invalid phone, before send hour do not enqueue
ok 15 - Disabled, no consent, invalid phone, before send hour do not enqueue
  ---
  duration_ms: 0.3508
  type: 'test'
  ...
# Subtest: Event CHECK_IN_SUCCESS
ok 16 - Event CHECK_IN_SUCCESS
  ---
  duration_ms: 0.7132
  type: 'test'
  ...
# Subtest: Event FIRST_CHECK_IN_DAY
ok 17 - Event FIRST_CHECK_IN_DAY
  ---
  duration_ms: 0.7864
  type: 'test'
  ...
# Subtest: Event EVERY_N_CHECKINS
ok 18 - Event EVERY_N_CHECKINS
  ---
  duration_ms: 0.607
  type: 'test'
  ...
# Subtest: Event FIRST_CHECK_IN_RENEWAL
ok 19 - Event FIRST_CHECK_IN_RENEWAL
  ---
  duration_ms: 0.6315
  type: 'test'
  ...
# Subtest: Event TICKET_CONSUMED
ok 20 - Event TICKET_CONSUMED
  ---
  duration_ms: 0.5711
  type: 'test'
  ...
# Subtest: Online renewal is never counted as a manual payment
ok 21 - Online renewal is never counted as a manual payment
  ---
  duration_ms: 0.8585
  type: 'test'
  ...
# Subtest: Filters, dates and variable preview
ok 22 - Filters, dates and variable preview
  ---
  duration_ms: 7.1859
  type: 'test'
  ...
# Subtest: Birthday parser rejects invalid dates
ok 23 - Birthday parser rejects invalid dates
  ---
  duration_ms: 0.359
  type: 'test'
  ...
# Subtest: Chatbot never reveals membership before verification
ok 24 - Chatbot never reveals membership before verification
  ---
  duration_ms: 0.8851
  type: 'test'
  ...
# Subtest: Human handoff stops bot responses
ok 25 - Human handoff stops bot responses
  ---
  duration_ms: 0.1975
  type: 'test'
  ...
# Subtest: Unknown phone requests reception approval, no membership lookup
ok 26 - Unknown phone requests reception approval, no membership lookup
  ---
  duration_ms: 1.1899
  type: 'test'
  ...
# Subtest: Missing Wompi hands off to reception
ok 27 - Missing Wompi hands off to reception
  ---
  duration_ms: 0.2994
  type: 'test'
  ...
# Subtest: Verified member can see only supplied verified profile
ok 28 - Verified member can see only supplied verified profile
  ---
  duration_ms: 0.2254
  type: 'test'
  ...
# Subtest: 09 AM Bogotá is 14 UTC, independently of server timezone
ok 29 - 09 AM Bogotá is 14 UTC, independently of server timezone
  ---
  duration_ms: 34.6215
  type: 'test'
  ...
# Subtest: A second gym uses its own zone and daylight saving
ok 30 - A second gym uses its own zone and daylight saving
  ---
  duration_ms: 2.1309
  type: 'test'
  ...
# Subtest: Expiry moved to October 27 sends on October 24, never October 17 or while frozen
ok 31 - Expiry moved to October 27 sends on October 24, never October 17 or while frozen
  ---
  duration_ms: 1.9574
  type: 'test'
  ...
# Subtest: Verified chatbot shows freeze last day, resume day and extended expiry
ok 32 - Verified chatbot shows freeze last day, resume day and extended expiry
  ---
  duration_ms: 1.0177
  type: 'test'
  ...
# Subtest: Worker completes freezes even when automation jobs are disabled
ok 33 - Worker completes freezes even when automation jobs are disabled
  ---
  duration_ms: 1.6089
  type: 'test'
  ...
# Subtest: Frozen guard prevents an already claimed message from calling Meta
ok 34 - Frozen guard prevents an already claimed message from calling Meta
  ---
  duration_ms: 0.6131
  type: 'test'
  ...
# Subtest: Admin mutations require authorization before provider access
ok 35 - Admin mutations require authorization before provider access
  ---
  duration_ms: 41.9951
  type: 'test'
  ...
# Subtest: Scheduler rejects missing token
ok 36 - Scheduler rejects missing token
  ---
  duration_ms: 0.9521
  type: 'test'
  ...
# Subtest: Hosted Edge mount resolves health and still authenticates scheduler requests
ok 37 - Hosted Edge mount resolves health and still authenticates scheduler requests
  ---
  duration_ms: 2.5149
  type: 'test'
  ...
# Subtest: A similarly named function cannot match the protected mount
ok 38 - A similarly named function cannot match the protected mount
  ---
  duration_ms: 3.0851
  type: 'test'
  ...
# Subtest: Health probes the database and requires an installed scheduler
ok 39 - Health probes the database and requires an installed scheduler
  ---
  duration_ms: 1.2495
  type: 'test'
  ...
# Subtest: A failed database is never reported healthy or exposes its response
ok 40 - A failed database is never reported healthy or exposes its response
  ---
  duration_ms: 0.613
  type: 'test'
  ...
# Subtest: Browser origin must match configured authorization page
ok 41 - Browser origin must match configured authorization page
  ---
  duration_ms: 0.7536
  type: 'test'
  ...
# Subtest: Wompi invalid signature cannot call payment processing
ok 42 - Wompi invalid signature cannot call payment processing
  ---
  duration_ms: 1.0315
  type: 'test'
  ...
# Subtest: Wompi trusts canonical merchant transaction, not unsigned currency/reference fields
ok 43 - Wompi trusts canonical merchant transaction, not unsigned currency/reference fields
  ---
  duration_ms: 11.2124
  type: 'test'
  ...
# Subtest: Duplicate provider receipt does not reapply payment
ok 44 - Duplicate provider receipt does not reapply payment
  ---
  duration_ms: 2.8182
  type: 'test'
  ...
# Subtest: Meta history synchronization does not invoke chatbot
ok 45 - Meta history synchronization does not invoke chatbot
  ---
  duration_ms: 3.2226
  type: 'test'
  ...
# Subtest: Coexistence human echo pauses chatbot on the correct gym
ok 46 - Coexistence human echo pauses chatbot on the correct gym
  ---
  duration_ms: 1.4078
  type: 'test'
  ...
# Subtest: Consent revoked after queuing blocks the actual provider call
ok 47 - Consent revoked after queuing blocks the actual provider call
  ---
  duration_ms: 0.3688
  type: 'test'
  ...
# Subtest: Ambiguous Meta timeout is UNCERTAIN, never blindly queued for resend
ok 48 - Ambiguous Meta timeout is UNCERTAIN, never blindly queued for resend
  ---
  duration_ms: 0.7899
  type: 'test'
  ...
# Subtest: WABA template updates reach every authorized gym phone
ok 49 - WABA template updates reach every authorized gym phone
  ---
  duration_ms: 1.5085
  type: 'test'
  ...
# Subtest: Inbound without destination phone cannot choose an arbitrary gym
ok 50 - Inbound without destination phone cannot choose an arbitrary gym
  ---
  duration_ms: 1.0686
  type: 'test'
  ...
# Subtest: Authorization page obtains configuration from a live, gym-bound state
ok 51 - Authorization page obtains configuration from a live, gym-bound state
  ---
  duration_ms: 35.3143
  type: 'test'
  ...
# Subtest: Unknown backend, missing state and malformed state never contact a server
ok 52 - Unknown backend, missing state and malformed state never contact a server
  ---
  duration_ms: 3.3058
  type: 'test'
  ...
# Subtest: Expired authorization never loads Meta or enables authorization
ok 53 - Expired authorization never loads Meta or enables authorization
  ---
  duration_ms: 1.7749
  type: 'test'
  ...
# Subtest: A bootstrap cannot redirect authorization codes to another host
ok 54 - A bootstrap cannot redirect authorization codes to another host
  ---
  duration_ms: 1.7869
  type: 'test'
  ...
# Subtest: Failed completion requires a new authorization instead of replaying a consumed state
ok 55 - Failed completion requires a new authorization instead of replaying a consumed state
  ---
  duration_ms: 2.2456
  type: 'test'
  ...
# Subtest: Authorization configuration is encoded as JSON, not executable HTML
ok 56 - Authorization configuration is encoded as JSON, not executable HTML
  ---
  duration_ms: 0.3052
  type: 'test'
  ...
1..56
# tests 56
# suites 0
# pass 56
# fail 0
# cancelled 0
# skipped 0
# todo 0
# duration_ms 294.7194
