["D:\\a\\Atlantic-Software\\Atlantic-Software\\GymSoft_Comercial_3.6.0\\.venv\\Scripts\\python.exe", "-m", "PyInstaller", "--noconfirm", "--clean", "--windowed", "--onedir", "--name", "GymSoftAdmin", "--icon", "D:\\a\\Atlantic-Software\\Atlantic-Software\\GymSoft_Comercial_3.6.0\\icono.ico", "--version-file", "D:\\a\\Atlantic-Software\\Atlantic-Software\\GymSoft_Comercial_3.6.0\\salida\\validacion\\paquete-tecnico\\ejecuciones\\20261009T032059Z-6132\\build\\GymSoftAdmin_version.txt", "--paths", "D:\\a\\Atlantic-Software\\Atlantic-Software\\GymSoft_Comercial_3.6.0", "--workpath", "D:\\a\\Atlantic-Software\\Atlantic-Software\\GymSoft_Comercial_3.6.0\\salida\\validacion\\paquete-tecnico\\ejecuciones\\20261009T032059Z-6132\\build\\work", "--specpath", "D:\\a\\Atlantic-Software\\Atlantic-Software\\GymSoft_Comercial_3.6.0\\salida\\validacion\\paquete-tecnico\\ejecuciones\\20261009T032059Z-6132\\build\\spec", "--distpath", "D:\\a\\Atlantic-Software\\Atlantic-Software\\GymSoft_Comercial_3.6.0\\salida\\validacion\\paquete-tecnico\\ejecuciones\\20261009T032059Z-6132\\dist", "--add-data", "D:\\a\\Atlantic-Software\\Atlantic-Software\\GymSoft_Comercial_3.6.0\\gymsoft_config.json;.", "--add-data", "D:\\a\\Atlantic-Software\\Atlantic-Software\\GymSoft_Comercial_3.6.0\\icono.ico;.", "--add-data", "D:\\a\\Atlantic-Software\\Atlantic-Software\\GymSoft_Comercial_3.6.0\\icono_recepcion.ico;.", "--hidden-import", "PIL._tkinter_finder", "--collect-all", "supabase", "--collect-all", "realtime", "--collect-all", "postgrest", "--collect-all", "supabase_auth", "--collect-all", "tzdata", "D:\\a\\Atlantic-Software\\Atlantic-Software\\GymSoft_Comercial_3.6.0\\app.py"]
93 INFO: PyInstaller: 6.22.2, contrib hooks: 2026.8
94 INFO: Python: 3.14.8
109 INFO: Platform: Windows-2022Server-10.0.20348-SP0
109 INFO: Python environment: D:\a\Atlantic-Software\Atlantic-Software\GymSoft_Comercial_3.6.0\.venv
110 INFO: wrote D:\a\Atlantic-Software\Atlantic-Software\GymSoft_Comercial_3.6.0\salida\validacion\paquete-tecnico\ejecuciones\20261009T032059Z-6132\build\spec\GymSoftAdmin.spec
112 INFO: Removing temporary files and cleaning cache in D:\a\Atlantic-Software\Atlantic-Software\GymSoft_Comercial_3.6.0\salida\validacion\paquete-tecnico\ejecuciones\20261009T032059Z-6132\cache-pyinstaller\pyinstaller
2353 INFO: Module search paths (PYTHONPATH):
['D:\\a\\Atlantic-Software\\Atlantic-Software\\GymSoft_Comercial_3.6.0',
 'C:\\hostedtoolcache\\windows\\Python\\3.14.8\\x64\\python314.zip',
 'C:\\hostedtoolcache\\windows\\Python\\3.14.8\\x64\\DLLs',
 'C:\\hostedtoolcache\\windows\\Python\\3.14.8\\x64\\Lib',
 'C:\\hostedtoolcache\\windows\\Python\\3.14.8\\x64',
 'D:\\a\\Atlantic-Software\\Atlantic-Software\\GymSoft_Comercial_3.6.0\\.venv',
 'D:\\a\\Atlantic-Software\\Atlantic-Software\\GymSoft_Comercial_3.6.0\\.venv\\Lib\\site-packages',
 'D:\\a\\Atlantic-Software\\Atlantic-Software\\GymSoft_Comercial_3.6.0']
2540 INFO: Appending 'datas' from .spec
2563 INFO: checking Analysis
2564 INFO: Building Analysis because Analysis-00.toc is non existent
2564 INFO: Looking for Python shared library...
2564 INFO: Using Python shared library: C:\hostedtoolcache\windows\Python\3.14.8\x64\python314.dll
2564 INFO: Running Analysis Analysis-00.toc
2564 INFO: Target bytecode optimization level: 0
2564 INFO: Initializing module dependency graph...
2564 INFO: Initializing module graph hook caches...
2574 INFO: Analyzing modules for base_library.zip ...
3781 INFO: Processing standard module hook 'hook-encodings.py' from 'D:\\a\\Atlantic-Software\\Atlantic-Software\\GymSoft_Comercial_3.6.0\\.venv\\Lib\\site-packages\\PyInstaller\\hooks'
4095 INFO: Processing standard module hook 'hook-math.py' from 'D:\\a\\Atlantic-Software\\Atlantic-Software\\GymSoft_Comercial_3.6.0\\.venv\\Lib\\site-packages\\PyInstaller\\hooks'
5314 INFO: Processing standard module hook 'hook-difflib.py' from 'D:\\a\\Atlantic-Software\\Atlantic-Software\\GymSoft_Comercial_3.6.0\\.venv\\Lib\\site-packages\\PyInstaller\\hooks'
5326 INFO: Processing standard module hook 'hook-heapq.py' from 'D:\\a\\Atlantic-Software\\Atlantic-Software\\GymSoft_Comercial_3.6.0\\.venv\\Lib\\site-packages\\PyInstaller\\hooks'
5424 INFO: Processing standard module hook 'hook-pickle.py' from 'D:\\a\\Atlantic-Software\\Atlantic-Software\\GymSoft_Comercial_3.6.0\\.venv\\Lib\\site-packages\\PyInstaller\\hooks'
6771 INFO: Caching module dependency graph...
6807 INFO: Analyzing D:\a\Atlantic-Software\Atlantic-Software\GymSoft_Comercial_3.6.0\app.py
7081 INFO: Processing standard module hook 'hook-zoneinfo.py' from 'D:\\a\\Atlantic-Software\\Atlantic-Software\\GymSoft_Comercial_3.6.0\\.venv\\Lib\\site-packages\\_pyinstaller_hooks_contrib\\stdhooks'
7104 INFO: Processing standard module hook 'hook-sysconfig.py' from 'D:\\a\\Atlantic-Software\\Atlantic-Software\\GymSoft_Comercial_3.6.0\\.venv\\Lib\\site-packages\\PyInstaller\\hooks'
7154 INFO: Processing standard module hook 'hook-_ctypes.py' from 'D:\\a\\Atlantic-Software\\Atlantic-Software\\GymSoft_Comercial_3.6.0\\.venv\\Lib\\site-packages\\PyInstaller\\hooks'
7159 INFO: Processing standard module hook 'hook-sqlite3.py' from 'D:\\a\\Atlantic-Software\\Atlantic-Software\\GymSoft_Comercial_3.6.0\\.venv\\Lib\\site-packages\\PyInstaller\\hooks'
7379 INFO: Processing pre-find-module-path hook 'hook-tkinter.py' from 'D:\\a\\Atlantic-Software\\Atlantic-Software\\GymSoft_Comercial_3.6.0\\.venv\\Lib\\site-packages\\PyInstaller\\hooks\\pre_find_module_path'
7380 INFO: TclTkInfo: initializing cached Tcl/Tk info...
7792 INFO: Processing standard module hook 'hook-_tkinter.py' from 'D:\\a\\Atlantic-Software\\Atlantic-Software\\GymSoft_Comercial_3.6.0\\.venv\\Lib\\site-packages\\PyInstaller\\hooks'
7944 INFO: Processing standard module hook 'hook-PIL.py' from 'D:\\a\\Atlantic-Software\\Atlantic-Software\\GymSoft_Comercial_3.6.0\\.venv\\Lib\\site-packages\\PyInstaller\\hooks'
8057 INFO: Processing standard module hook 'hook-PIL.Image.py' from 'D:\\a\\Atlantic-Software\\Atlantic-Software\\GymSoft_Comercial_3.6.0\\.venv\\Lib\\site-packages\\PyInstaller\\hooks'
8336 INFO: Processing standard module hook 'hook-xml.py' from 'D:\\a\\Atlantic-Software\\Atlantic-Software\\GymSoft_Comercial_3.6.0\\.venv\\Lib\\site-packages\\PyInstaller\\hooks'
8356 INFO: Processing standard module hook 'hook-xml.etree.cElementTree.py' from 'D:\\a\\Atlantic-Software\\Atlantic-Software\\GymSoft_Comercial_3.6.0\\.venv\\Lib\\site-packages\\PyInstaller\\hooks'
8545 INFO: Processing standard module hook 'hook-PIL.ImageFilter.py' from 'D:\\a\\Atlantic-Software\\Atlantic-Software\\GymSoft_Comercial_3.6.0\\.venv\\Lib\\site-packages\\PyInstaller\\hooks'
8985 INFO: Processing standard module hook 'hook-platform.py' from 'D:\\a\\Atlantic-Software\\Atlantic-Software\\GymSoft_Comercial_3.6.0\\.venv\\Lib\\site-packages\\PyInstaller\\hooks'
9431 INFO: Processing standard module hook 'hook-certifi.py' from 'D:\\a\\Atlantic-Software\\Atlantic-Software\\GymSoft_Comercial_3.6.0\\.venv\\Lib\\site-packages\\_pyinstaller_hooks_contrib\\stdhooks'
9608 INFO: Processing standard module hook 'hook-multiprocessing.util.py' from 'D:\\a\\Atlantic-Software\\Atlantic-Software\\GymSoft_Comercial_3.6.0\\.venv\\Lib\\site-packages\\PyInstaller\\hooks'
10375 INFO: Processing standard module hook 'hook-anyio.py' from 'D:\\a\\Atlantic-Software\\Atlantic-Software\\GymSoft_Comercial_3.6.0\\.venv\\Lib\\site-packages\\_pyinstaller_hooks_contrib\\stdhooks'
10652 INFO: Processing pre-safe-import-module hook 'hook-typing_extensions.py' from 'D:\\a\\Atlantic-Software\\Atlantic-Software\\GymSoft_Comercial_3.6.0\\.venv\\Lib\\site-packages\\PyInstaller\\hooks\\pre_safe_import_module'
10653 INFO: SetuptoolsInfo: initializing cached setuptools info...
12110 INFO: Processing pre-safe-import-module hook 'hook-packaging.py' from 'D:\\a\\Atlantic-Software\\Atlantic-Software\\GymSoft_Comercial_3.6.0\\.venv\\Lib\\site-packages\\PyInstaller\\hooks\\pre_safe_import_module'
12324 INFO: Processing standard module hook 'hook-pydantic.py' from 'D:\\a\\Atlantic-Software\\Atlantic-Software\\GymSoft_Comercial_3.6.0\\.venv\\Lib\\site-packages\\_pyinstaller_hooks_contrib\\stdhooks'
14028 INFO: Processing standard module hook 'hook-websockets.py' from 'D:\\a\\Atlantic-Software\\Atlantic-Software\\GymSoft_Comercial_3.6.0\\.venv\\Lib\\site-packages\\_pyinstaller_hooks_contrib\\stdhooks'
14691 INFO: Processing standard module hook 'hook-cryptography.py' from 'D:\\a\\Atlantic-Software\\Atlantic-Software\\GymSoft_Comercial_3.6.0\\.venv\\Lib\\site-packages\\_pyinstaller_hooks_contrib\\stdhooks'
15889 INFO: hook-cryptography: cryptography does not seem to be using dynamically linked OpenSSL.
16557 INFO: Processing standard module hook 'hook-openpyxl.py' from 'D:\\a\\Atlantic-Software\\Atlantic-Software\\GymSoft_Comercial_3.6.0\\.venv\\Lib\\site-packages\\_pyinstaller_hooks_contrib\\stdhooks'
17515 INFO: Processing standard module hook 'hook-webbrowser.py' from 'D:\\a\\Atlantic-Software\\Atlantic-Software\\GymSoft_Comercial_3.6.0\\.venv\\Lib\\site-packages\\PyInstaller\\hooks'
17810 INFO: Analyzing hidden import 'PIL._tkinter_finder'
17811 INFO: Analyzing hidden import 'supabase.client'
17813 INFO: Analyzing hidden import 'tzdata'
17814 INFO: Analyzing hidden import 'tzdata.zoneinfo'
17814 INFO: Analyzing hidden import 'tzdata.zoneinfo.Africa'
17815 INFO: Analyzing hidden import 'tzdata.zoneinfo.America'
17815 INFO: Analyzing hidden import 'tzdata.zoneinfo.America.Argentina'
17815 INFO: Analyzing hidden import 'tzdata.zoneinfo.America.Indiana'
17816 INFO: Analyzing hidden import 'tzdata.zoneinfo.America.Kentucky'
17816 INFO: Analyzing hidden import 'tzdata.zoneinfo.America.North_Dakota'
17816 INFO: Analyzing hidden import 'tzdata.zoneinfo.Antarctica'
17817 INFO: Analyzing hidden import 'tzdata.zoneinfo.Arctic'
17817 INFO: Analyzing hidden import 'tzdata.zoneinfo.Asia'
17817 INFO: Analyzing hidden import 'tzdata.zoneinfo.Atlantic'
17818 INFO: Analyzing hidden import 'tzdata.zoneinfo.Australia'
17818 INFO: Analyzing hidden import 'tzdata.zoneinfo.Brazil'
17818 INFO: Analyzing hidden import 'tzdata.zoneinfo.Canada'
17818 INFO: Analyzing hidden import 'tzdata.zoneinfo.Chile'
17819 INFO: Analyzing hidden import 'tzdata.zoneinfo.Etc'
17819 INFO: Analyzing hidden import 'tzdata.zoneinfo.Europe'
17819 INFO: Analyzing hidden import 'tzdata.zoneinfo.Indian'
17820 INFO: Analyzing hidden import 'tzdata.zoneinfo.Mexico'
17820 INFO: Analyzing hidden import 'tzdata.zoneinfo.Pacific'
17820 INFO: Analyzing hidden import 'tzdata.zoneinfo.US'
17820 INFO: Processing module hooks (post-graph stage)...
18185 INFO: Processing pre-safe-import-module hook 'hook-tomli.py' from 'D:\\a\\Atlantic-Software\\Atlantic-Software\\GymSoft_Comercial_3.6.0\\.venv\\Lib\\site-packages\\PyInstaller\\hooks\\pre_safe_import_module'
18185 INFO: Setuptools: 'tomli' appears to be a setuptools-vendored copy - creating alias to 'setuptools._vendor.tomli'!
18191 INFO: Processing standard module hook 'hook-setuptools.py' from 'D:\\a\\Atlantic-Software\\Atlantic-Software\\GymSoft_Comercial_3.6.0\\.venv\\Lib\\site-packages\\PyInstaller\\hooks'
18204 INFO: Processing pre-safe-import-module hook 'hook-distutils.py' from 'D:\\a\\Atlantic-Software\\Atlantic-Software\\GymSoft_Comercial_3.6.0\\.venv\\Lib\\site-packages\\PyInstaller\\hooks\\pre_safe_import_module'
18231 INFO: Processing pre-safe-import-module hook 'hook-jaraco.py' from 'D:\\a\\Atlantic-Software\\Atlantic-Software\\GymSoft_Comercial_3.6.0\\.venv\\Lib\\site-packages\\PyInstaller\\hooks\\pre_safe_import_module'
18231 INFO: Setuptools: 'jaraco' appears to be a full setuptools-vendored copy - creating alias to 'setuptools._vendor.jaraco'!
18242 INFO: Processing pre-safe-import-module hook 'hook-more_itertools.py' from 'D:\\a\\Atlantic-Software\\Atlantic-Software\\GymSoft_Comercial_3.6.0\\.venv\\Lib\\site-packages\\PyInstaller\\hooks\\pre_safe_import_module'
18242 INFO: Setuptools: 'more_itertools' appears to be a setuptools-vendored copy - creating alias to 'setuptools._vendor.more_itertools'!
18380 INFO: Processing standard module hook 'hook-_osx_support.py' from 'D:\\a\\Atlantic-Software\\Atlantic-Software\\GymSoft_Comercial_3.6.0\\.venv\\Lib\\site-packages\\PyInstaller\\hooks'
18649 INFO: Processing standard module hook 'hook-setuptools._vendor.jaraco.text.py' from 'D:\\a\\Atlantic-Software\\Atlantic-Software\\GymSoft_Comercial_3.6.0\\.venv\\Lib\\site-packages\\PyInstaller\\hooks'
18650 INFO: Processing pre-safe-import-module hook 'hook-importlib_resources.py' from 'D:\\a\\Atlantic-Software\\Atlantic-Software\\GymSoft_Comercial_3.6.0\\.venv\\Lib\\site-packages\\PyInstaller\\hooks\\pre_safe_import_module'
18658 INFO: Processing pre-safe-import-module hook 'hook-backports.py' from 'D:\\a\\Atlantic-Software\\Atlantic-Software\\GymSoft_Comercial_3.6.0\\.venv\\Lib\\site-packages\\PyInstaller\\hooks\\pre_safe_import_module'
18658 INFO: Setuptools: 'backports' appears to be a full setuptools-vendored copy - creating alias to 'setuptools._vendor.backports'!
19669 INFO: Processing pre-safe-import-module hook 'hook-wheel.py' from 'D:\\a\\Atlantic-Software\\Atlantic-Software\\GymSoft_Comercial_3.6.0\\.venv\\Lib\\site-packages\\PyInstaller\\hooks\\pre_safe_import_module'
19669 INFO: Setuptools: 'wheel' appears to be a setuptools-vendored copy - creating alias to 'setuptools._vendor.wheel'!
19798 INFO: Processing standard module hook 'hook-tzdata.py' from 'D:\\a\\Atlantic-Software\\Atlantic-Software\\GymSoft_Comercial_3.6.0\\.venv\\Lib\\site-packages\\_pyinstaller_hooks_contrib\\stdhooks'
20585 INFO: Processing standard module hook 'hook-PIL.SpiderImagePlugin.py' from 'D:\\a\\Atlantic-Software\\Atlantic-Software\\GymSoft_Comercial_3.6.0\\.venv\\Lib\\site-packages\\PyInstaller\\hooks'
21284 INFO: Processing standard module hook 'hook-_tkinter.py' from 'D:\\a\\Atlantic-Software\\Atlantic-Software\\GymSoft_Comercial_3.6.0\\.venv\\Lib\\site-packages\\PyInstaller\\hooks'
21301 INFO: Performing binary vs. data reclassification (739 entries)
21333 INFO: Looking for ctypes DLLs
21477 INFO: Analyzing run-time hooks ...
21483 INFO: Including run-time hook 'pyi_rth_pkgutil.py' from 'D:\\a\\Atlantic-Software\\Atlantic-Software\\GymSoft_Comercial_3.6.0\\.venv\\Lib\\site-packages\\PyInstaller\\hooks\\rthooks'
21485 INFO: Including run-time hook 'pyi_rth_multiprocessing.py' from 'D:\\a\\Atlantic-Software\\Atlantic-Software\\GymSoft_Comercial_3.6.0\\.venv\\Lib\\site-packages\\PyInstaller\\hooks\\rthooks'
21487 INFO: Including run-time hook 'pyi_rth_inspect.py' from 'D:\\a\\Atlantic-Software\\Atlantic-Software\\GymSoft_Comercial_3.6.0\\.venv\\Lib\\site-packages\\PyInstaller\\hooks\\rthooks'
21489 INFO: Including run-time hook 'pyi_rth_setuptools.py' from 'D:\\a\\Atlantic-Software\\Atlantic-Software\\GymSoft_Comercial_3.6.0\\.venv\\Lib\\site-packages\\PyInstaller\\hooks\\rthooks'
21491 INFO: Including run-time hook 'pyi_rth_cryptography_openssl.py' from 'D:\\a\\Atlantic-Software\\Atlantic-Software\\GymSoft_Comercial_3.6.0\\.venv\\Lib\\site-packages\\_pyinstaller_hooks_contrib\\rthooks'
21491 INFO: Including run-time hook 'pyi_rth__tkinter.py' from 'D:\\a\\Atlantic-Software\\Atlantic-Software\\GymSoft_Comercial_3.6.0\\.venv\\Lib\\site-packages\\PyInstaller\\hooks\\rthooks'
21516 INFO: Creating base_library.zip...
21530 INFO: Looking for dynamic libraries
22216 INFO: Extra DLL search directories (AddDllDirectory): []
22216 INFO: Extra DLL search directories (PATH): []
22741 INFO: Warnings written to D:\a\Atlantic-Software\Atlantic-Software\GymSoft_Comercial_3.6.0\salida\validacion\paquete-tecnico\ejecuciones\20261009T032059Z-6132\build\work\GymSoftAdmin\warn-GymSoftAdmin.txt
22824 INFO: Graph cross-reference written to D:\a\Atlantic-Software\Atlantic-Software\GymSoft_Comercial_3.6.0\salida\validacion\paquete-tecnico\ejecuciones\20261009T032059Z-6132\build\work\GymSoftAdmin\xref-GymSoftAdmin.html
22878 INFO: checking PYZ
22878 INFO: Building PYZ because PYZ-00.toc is non existent
22878 INFO: Building PYZ (ZlibArchive) D:\a\Atlantic-Software\Atlantic-Software\GymSoft_Comercial_3.6.0\salida\validacion\paquete-tecnico\ejecuciones\20261009T032059Z-6132\build\work\GymSoftAdmin\PYZ-00.pyz
23408 INFO: Building PYZ (ZlibArchive) D:\a\Atlantic-Software\Atlantic-Software\GymSoft_Comercial_3.6.0\salida\validacion\paquete-tecnico\ejecuciones\20261009T032059Z-6132\build\work\GymSoftAdmin\PYZ-00.pyz completed successfully.
23429 INFO: checking PKG
23429 INFO: Building PKG because PKG-00.toc is non existent
23429 INFO: Building PKG (CArchive) GymSoftAdmin.pkg
23516 INFO: Building PKG (CArchive) GymSoftAdmin.pkg completed successfully.
23516 INFO: Bootloader D:\a\Atlantic-Software\Atlantic-Software\GymSoft_Comercial_3.6.0\.venv\Lib\site-packages\PyInstaller\bootloader\Windows-64bit-intel\runw.exe
23516 INFO: checking EXE
23517 INFO: Building EXE because EXE-00.toc is non existent
23517 INFO: Building EXE from EXE-00.toc
23517 INFO: Copying bootloader EXE to D:\a\Atlantic-Software\Atlantic-Software\GymSoft_Comercial_3.6.0\salida\validacion\paquete-tecnico\ejecuciones\20261009T032059Z-6132\build\work\GymSoftAdmin\GymSoftAdmin.exe
23518 INFO: Copying icon to EXE
23520 INFO: Copying version information to EXE
23523 INFO: Copying 0 resources to EXE
23523 INFO: Embedding manifest in EXE
23524 INFO: Appending PKG archive to EXE
23528 INFO: Fixing EXE headers
23591 INFO: Building EXE from EXE-00.toc completed successfully.
23597 INFO: checking COLLECT
23597 INFO: Building COLLECT because COLLECT-00.toc is non existent
23597 INFO: Building COLLECT COLLECT-00.toc
23916 INFO: Building COLLECT COLLECT-00.toc completed successfully.
23930 INFO: Build complete! The results are available in: D:\a\Atlantic-Software\Atlantic-Software\GymSoft_Comercial_3.6.0\salida\validacion\paquete-tecnico\ejecuciones\20261009T032059Z-6132\dist
