{
  "status": "PASS",
  "final": false,
  "scope": "Instalación técnica Windows en runner efímero; NO FINAL. No acredita cuentas, WhatsApp/Wompi reales, lector/relé físico, PostgreSQL concurrente ni aceptación de release_gate.",
  "edition": "GymSoft_ZTATTUZ_3.6.1_x64",
  "date_utc": "2026-10-09T22:59:03.938912+00:00",
  "release_gate_modified": false,
  "commands": [
    {
      "command": [
        "D:\\a\\Atlantic-Software\\Atlantic-Software\\GymSoft_ZTATTUZ_3.6.1_x64\\salida\\validacion\\paquete-tecnico\\ejecuciones\\20261009T225054Z-2892\\instaladores\\VALIDACION_NO_FINAL_ZTATTUZ_Instalar_o_Actualizar_3.6.1_x64.exe",
        "/VERYSILENT",
        "/SUPPRESSMSGBOXES",
        "/NORESTART",
        "/QAInstallRoot=D:\\a\\_temp\\agym-z64-38001250527-7324-fmcl3eru",
        "/LOG=D:\\a\\Atlantic-Software\\Atlantic-Software\\GymSoft_ZTATTUZ_3.6.1_x64\\salida\\validacion\\instalacion-tecnica\\ejecuciones\\20261009T225903Z-7324\\instalar-completo.log"
      ],
      "log": "D:\\a\\Atlantic-Software\\Atlantic-Software\\GymSoft_ZTATTUZ_3.6.1_x64\\salida\\validacion\\instalacion-tecnica\\ejecuciones\\20261009T225903Z-7324\\logs\\01-instalar-completo.log",
      "status": "PASS",
      "returncode": 0
    },
    {
      "command": [
        "D:\\a\\_temp\\agym-z64-38001250527-7324-fmcl3eru\\admin\\ZTATTUZ Admin.exe",
        "--diagnostico",
        "--sin-red",
        "--silencioso",
        "--informe",
        "D:\\a\\Atlantic-Software\\Atlantic-Software\\GymSoft_ZTATTUZ_3.6.1_x64\\salida\\validacion\\instalacion-tecnica\\ejecuciones\\20261009T225903Z-7324\\diagnosticos\\ZTATTUZ_Admin.json"
      ],
      "log": "D:\\a\\Atlantic-Software\\Atlantic-Software\\GymSoft_ZTATTUZ_3.6.1_x64\\salida\\validacion\\instalacion-tecnica\\ejecuciones\\20261009T225903Z-7324\\logs\\02-diagnostico-ZTATTUZ_Admin.log",
      "status": "PASS",
      "returncode": 0
    },
    {
      "command": [
        "D:\\a\\_temp\\agym-z64-38001250527-7324-fmcl3eru\\reception\\ZTATTUZ Recepcion.exe",
        "--diagnostico",
        "--sin-red",
        "--silencioso",
        "--informe",
        "D:\\a\\Atlantic-Software\\Atlantic-Software\\GymSoft_ZTATTUZ_3.6.1_x64\\salida\\validacion\\instalacion-tecnica\\ejecuciones\\20261009T225903Z-7324\\diagnosticos\\ZTATTUZ_Recepcion.json"
      ],
      "log": "D:\\a\\Atlantic-Software\\Atlantic-Software\\GymSoft_ZTATTUZ_3.6.1_x64\\salida\\validacion\\instalacion-tecnica\\ejecuciones\\20261009T225903Z-7324\\logs\\03-diagnostico-ZTATTUZ_Recepcion.log",
      "status": "PASS",
      "returncode": 0
    },
    {
      "command": [
        "powershell.exe",
        "-NoProfile",
        "-NonInteractive",
        "-ExecutionPolicy",
        "Bypass",
        "-File",
        "D:\\a\\Atlantic-Software\\Atlantic-Software\\GymSoft_ZTATTUZ_3.6.1_x64\\salida\\validacion\\instalacion-tecnica\\ejecuciones\\20261009T225903Z-7324\\shortcut-audit.ps1",
        "-InstallationRoot",
        "D:\\a\\_temp\\agym-z64-38001250527-7324-fmcl3eru",
        "-OutputPath",
        "D:\\a\\Atlantic-Software\\Atlantic-Software\\GymSoft_ZTATTUZ_3.6.1_x64\\salida\\validacion\\instalacion-tecnica\\ejecuciones\\20261009T225903Z-7324\\accesos-directos.json"
      ],
      "log": "D:\\a\\Atlantic-Software\\Atlantic-Software\\GymSoft_ZTATTUZ_3.6.1_x64\\salida\\validacion\\instalacion-tecnica\\ejecuciones\\20261009T225903Z-7324\\logs\\04-accesos-directos.log",
      "status": "PASS",
      "returncode": 0
    },
    {
      "command": [
        "D:\\a\\Atlantic-Software\\Atlantic-Software\\GymSoft_ZTATTUZ_3.6.1_x64\\salida\\validacion\\paquete-tecnico\\ejecuciones\\20261009T225054Z-2892\\instaladores\\VALIDACION_NO_FINAL_ZTATTUZ_Instalar_o_Actualizar_3.6.1_x64.exe",
        "/VERYSILENT",
        "/SUPPRESSMSGBOXES",
        "/NORESTART",
        "/LOG=D:\\a\\Atlantic-Software\\Atlantic-Software\\GymSoft_ZTATTUZ_3.6.1_x64\\salida\\validacion\\instalacion-tecnica\\ejecuciones\\20261009T225903Z-7324\\actualizar-completo.log"
      ],
      "log": "D:\\a\\Atlantic-Software\\Atlantic-Software\\GymSoft_ZTATTUZ_3.6.1_x64\\salida\\validacion\\instalacion-tecnica\\ejecuciones\\20261009T225903Z-7324\\logs\\05-actualizar-completo.log",
      "status": "PASS",
      "returncode": 0
    },
    {
      "command": [
        "D:\\a\\_temp\\agym-z64-38001250527-7324-fmcl3eru\\admin\\ZTATTUZ Admin.exe",
        "--diagnostico",
        "--sin-red",
        "--silencioso",
        "--informe",
        "D:\\a\\Atlantic-Software\\Atlantic-Software\\GymSoft_ZTATTUZ_3.6.1_x64\\salida\\validacion\\instalacion-tecnica\\ejecuciones\\20261009T225903Z-7324\\actualizacion\\diagnosticos\\ZTATTUZ_Admin.json"
      ],
      "log": "D:\\a\\Atlantic-Software\\Atlantic-Software\\GymSoft_ZTATTUZ_3.6.1_x64\\salida\\validacion\\instalacion-tecnica\\ejecuciones\\20261009T225903Z-7324\\logs\\06-diagnostico-ZTATTUZ_Admin.log",
      "status": "PASS",
      "returncode": 0
    },
    {
      "command": [
        "D:\\a\\_temp\\agym-z64-38001250527-7324-fmcl3eru\\reception\\ZTATTUZ Recepcion.exe",
        "--diagnostico",
        "--sin-red",
        "--silencioso",
        "--informe",
        "D:\\a\\Atlantic-Software\\Atlantic-Software\\GymSoft_ZTATTUZ_3.6.1_x64\\salida\\validacion\\instalacion-tecnica\\ejecuciones\\20261009T225903Z-7324\\actualizacion\\diagnosticos\\ZTATTUZ_Recepcion.json"
      ],
      "log": "D:\\a\\Atlantic-Software\\Atlantic-Software\\GymSoft_ZTATTUZ_3.6.1_x64\\salida\\validacion\\instalacion-tecnica\\ejecuciones\\20261009T225903Z-7324\\logs\\07-diagnostico-ZTATTUZ_Recepcion.log",
      "status": "PASS",
      "returncode": 0
    },
    {
      "command": [
        "powershell.exe",
        "-NoProfile",
        "-NonInteractive",
        "-ExecutionPolicy",
        "Bypass",
        "-File",
        "D:\\a\\Atlantic-Software\\Atlantic-Software\\GymSoft_ZTATTUZ_3.6.1_x64\\salida\\validacion\\instalacion-tecnica\\ejecuciones\\20261009T225903Z-7324\\shortcut-audit.ps1",
        "-InstallationRoot",
        "D:\\a\\_temp\\agym-z64-38001250527-7324-fmcl3eru",
        "-OutputPath",
        "D:\\a\\Atlantic-Software\\Atlantic-Software\\GymSoft_ZTATTUZ_3.6.1_x64\\salida\\validacion\\instalacion-tecnica\\ejecuciones\\20261009T225903Z-7324\\accesos-actualizados.json"
      ],
      "log": "D:\\a\\Atlantic-Software\\Atlantic-Software\\GymSoft_ZTATTUZ_3.6.1_x64\\salida\\validacion\\instalacion-tecnica\\ejecuciones\\20261009T225903Z-7324\\logs\\08-accesos-actualizados.log",
      "status": "PASS",
      "returncode": 0
    },
    {
      "command": [
        "D:\\a\\_temp\\agym-z64-38001250527-7324-fmcl3eru\\admin\\unins000.exe",
        "/VERYSILENT",
        "/SUPPRESSMSGBOXES",
        "/NORESTART",
        "/LOG=D:\\a\\Atlantic-Software\\Atlantic-Software\\GymSoft_ZTATTUZ_3.6.1_x64\\salida\\validacion\\instalacion-tecnica\\ejecuciones\\20261009T225903Z-7324\\desinstalar-admin.log"
      ],
      "log": "D:\\a\\Atlantic-Software\\Atlantic-Software\\GymSoft_ZTATTUZ_3.6.1_x64\\salida\\validacion\\instalacion-tecnica\\ejecuciones\\20261009T225903Z-7324\\logs\\09-desinstalar-admin.log",
      "status": "PASS",
      "returncode": 0
    },
    {
      "command": [
        "D:\\a\\_temp\\agym-z64-38001250527-7324-fmcl3eru\\reception\\unins000.exe",
        "/VERYSILENT",
        "/SUPPRESSMSGBOXES",
        "/NORESTART",
        "/LOG=D:\\a\\Atlantic-Software\\Atlantic-Software\\GymSoft_ZTATTUZ_3.6.1_x64\\salida\\validacion\\instalacion-tecnica\\ejecuciones\\20261009T225903Z-7324\\desinstalar-reception.log"
      ],
      "log": "D:\\a\\Atlantic-Software\\Atlantic-Software\\GymSoft_ZTATTUZ_3.6.1_x64\\salida\\validacion\\instalacion-tecnica\\ejecuciones\\20261009T225903Z-7324\\logs\\10-desinstalar-reception.log",
      "status": "PASS",
      "returncode": 0
    },
    {
      "command": [
        "powershell.exe",
        "-NoProfile",
        "-NonInteractive",
        "-ExecutionPolicy",
        "Bypass",
        "-File",
        "D:\\a\\Atlantic-Software\\Atlantic-Software\\GymSoft_ZTATTUZ_3.6.1_x64\\salida\\validacion\\instalacion-tecnica\\ejecuciones\\20261009T225903Z-7324\\shortcut-audit.ps1",
        "-InstallationRoot",
        "D:\\a\\_temp\\agym-z64-38001250527-7324-fmcl3eru",
        "-OutputPath",
        "D:\\a\\Atlantic-Software\\Atlantic-Software\\GymSoft_ZTATTUZ_3.6.1_x64\\salida\\validacion\\instalacion-tecnica\\ejecuciones\\20261009T225903Z-7324\\accesos-despues-desinstalar.json"
      ],
      "log": "D:\\a\\Atlantic-Software\\Atlantic-Software\\GymSoft_ZTATTUZ_3.6.1_x64\\salida\\validacion\\instalacion-tecnica\\ejecuciones\\20261009T225903Z-7324\\logs\\11-accesos-despues-desinstalar.log",
      "status": "PASS",
      "returncode": 0
    }
  ],
  "installed_executables": [
    {
      "executable": "D:\\a\\_temp\\agym-z64-38001250527-7324-fmcl3eru\\admin\\ZTATTUZ Admin.exe",
      "sha256": "d4bc063f18f04a57cba1b9f6886909324df1254242c229f671909b422e88fa3e",
      "status": "PASS",
      "icon": "icono.ico",
      "diagnostic": {
        "producto": "Gym soft · ZTATTUZ",
        "version": "3.6.1",
        "fecha": "2026-10-09T22:59:54.501516+00:00",
        "estado": "OK",
        "comprobaciones": [
          {
            "comprobacion": "Sistema",
            "estado": "OK",
            "detalle": "Windows 10.0, compilación 20348, proceso de 64 bits"
          },
          {
            "comprobacion": "Almacenamiento local",
            "estado": "OK",
            "detalle": "Carpeta local accesible"
          },
          {
            "comprobacion": "Interfaz",
            "estado": "OK",
            "detalle": "Tk 9.0.4; imágenes y formularios disponibles"
          },
          {
            "comprobacion": "Componentes incluidos",
            "estado": "OK",
            "detalle": "SSL, certificados, base en nube, Excel y zona horaria disponibles"
          },
          {
            "comprobacion": "Configuración ZTATTUZ",
            "estado": "OK",
            "detalle": "True"
          }
        ],
        "alcance": "Diagnóstico de componentes; no certifica todas las variantes de Windows Mini ni el lector físico."
      }
    },
    {
      "executable": "D:\\a\\_temp\\agym-z64-38001250527-7324-fmcl3eru\\reception\\ZTATTUZ Recepcion.exe",
      "sha256": "34ee65f6fea90eaf3d532101379aa87e2303bcb33e5415e643e5ed19da82bd6e",
      "status": "PASS",
      "icon": "icono_recepcion.ico",
      "diagnostic": {
        "producto": "Gym soft · ZTATTUZ",
        "version": "3.6.1",
        "fecha": "2026-10-09T22:59:56.136134+00:00",
        "estado": "OK",
        "comprobaciones": [
          {
            "comprobacion": "Sistema",
            "estado": "OK",
            "detalle": "Windows 10.0, compilación 20348, proceso de 64 bits"
          },
          {
            "comprobacion": "Almacenamiento local",
            "estado": "OK",
            "detalle": "Carpeta local accesible"
          },
          {
            "comprobacion": "Interfaz",
            "estado": "OK",
            "detalle": "Tk 9.0.4; imágenes y formularios disponibles"
          },
          {
            "comprobacion": "Componentes incluidos",
            "estado": "OK",
            "detalle": "SSL, certificados, base en nube, Excel y zona horaria disponibles"
          },
          {
            "comprobacion": "Configuración ZTATTUZ",
            "estado": "OK",
            "detalle": "True"
          }
        ],
        "alcance": "Diagnóstico de componentes; no certifica todas las variantes de Windows Mini ni el lector físico."
      }
    }
  ],
  "cleanup": {
    "status": "PASS",
    "application_registrations_removed": true,
    "application_executables_removed": true,
    "shortcuts_removed": true,
    "system_runtime_removed": false,
    "exclusive_installation_directory_removed": true
  },
  "stage": "verify_updated_executables",
  "explicit_ephemeral_runner": true,
  "runner_context": {
    "GITHUB_ACTIONS": "true",
    "RUNNER_ENVIRONMENT": "github-hosted",
    "RUNNER_OS": "Windows",
    "GITHUB_RUN_ID": "38001250527",
    "RUNNER_TEMP": "D:\\a\\_temp",
    "GITHUB_WORKSPACE": "D:\\a\\Atlantic-Software\\Atlantic-Software"
  },
  "runner": {
    "environment": "github-hosted",
    "github_run_id": "38001250527",
    "runner_temp": "D:\\a\\_temp",
    "workspace": "D:\\a\\Atlantic-Software\\Atlantic-Software"
  },
  "run_id": "20261009T225903Z-7324",
  "packaging_report": "D:\\a\\Atlantic-Software\\Atlantic-Software\\GymSoft_ZTATTUZ_3.6.1_x64\\salida\\validacion\\paquete-tecnico\\informe_empaquetado.json",
  "packaging_report_sha256": "926bac3e59b58356ac3d70d736e326036b8be7dc84ce39cd800df910ee86b24f",
  "native_windows_architecture": "x64",
  "version": "3.6.1",
  "installer_metadata": [
    {
      "script": "instalador_admin.iss",
      "status": "PASS",
      "product_names": [
        "Atlantic Gym · Validación técnica (no final)                ",
        "Atlantic Gym · Validación técnica (no final)                "
      ]
    },
    {
      "script": "instalador_recepcion.iss",
      "status": "PASS",
      "product_names": [
        "Atlantic Gym · Validación técnica (no final)                ",
        "Atlantic Gym · Validación técnica (no final)                "
      ]
    },
    {
      "script": "instalador_completo.iss",
      "status": "PASS",
      "product_names": [
        "Atlantic Gym · Validación técnica (no final)                ",
        "Atlantic Gym · Validación técnica (no final)                "
      ]
    }
  ],
  "runtime_source_sha256": {
    "0x0409.ini": "8b76df0ffc9a226b532b60936765b852b89780c6e475c152f7c320e085e43948",
    "Data1.cab": "9f70dbfc451ec29a2bb4c95a67e5bfa1e94c2500f383c69dc1fafcdce4c42569",
    "InstallOnly.bat": "2a8bec7ba26f606e9ecc8d190ae2883473df1094869d55996224f9ce1657926a",
    "ISSetupPrerequisites/{5193621C-1E00-428D-8F59-9220277BE61E}/LumiDvcSvcWin10_x64_v7.0.34450.exe": "fe096e332ca2cd60b696f60d6c79e5d5f344485498ab0120e490c8e62a2402df",
    "setup.exe": "116afd7c0eb43e2d8bf505b0717a62e8b9c95a0ff8fbd3fe44c89586a95833da",
    "Setup.ini": "95335532a7046daecad28fa40ad7741f4c8018c1896af11bf84306f1697c1959",
    "setup.msi": "5bb67b70ffb3ba75f2360d68f9ef79bd66b4c76de34194d6d768bb210fc72ff6",
    "UninstallOnly.bat": "adadcbb0af915d9ffdc570bc4bcec7e9b49781ef0b8fe10ea928a7ed932e9d42",
    "Licenses/EULA SDK.rtf": "a223167d079d999ba2f58e865e217e6fd9cace432b816bcf620f954984547ec9"
  },
  "installation_root": "D:\\a\\_temp\\agym-z64-38001250527-7324-fmcl3eru",
  "fresh_installation": {
    "entry_points": [
      "VALIDACION_NO_FINAL_ZTATTUZ_Instalar_o_Actualizar_3.6.1_x64.exe"
    ],
    "status": "PASS"
  },
  "runtime": {
    "status": "PASS",
    "libraries": [
      {
        "library": "dpfpdd.dll",
        "path": "C:\\Windows\\System32\\dpfpdd.dll",
        "version": "3.4.0.127",
        "sha256": "aae20aff139a69f89b3592602c4a81e4479ca91008c1e12383e57d9eaa53439a",
        "architecture": "x64"
      },
      {
        "library": "dpfj.dll",
        "path": "C:\\Windows\\System32\\dpfj.dll",
        "version": "3.4.0.127",
        "sha256": "3bd05b4af0bb5e1023c6150d72d5a87fb82d5573a51bda70ceca3fa7ff20ee1a",
        "architecture": "x64"
      }
    ],
    "scope": "Archivos del runtime instalado; no conecta ni prueba el lector.",
    "cleanup": "Runtime del sistema conservado hasta destruir el runner efímero."
  },
  "shortcuts": {
    "status": "PASS",
    "counts": {
      "D:\\a\\_temp\\agym-z64-38001250527-7324-fmcl3eru\\admin\\ZTATTUZ Admin.exe": 3,
      "D:\\a\\_temp\\agym-z64-38001250527-7324-fmcl3eru\\reception\\ZTATTUZ Recepcion.exe": 3
    },
    "entries": [
      {
        "shortcut": "C:\\Users\\runneradmin\\Desktop\\Atlantic Gym · ZTATTUZ Administrador.lnk",
        "kind": "Desktop",
        "target": "D:\\a\\_temp\\agym-z64-38001250527-7324-fmcl3eru\\admin\\ZTATTUZ Admin.exe",
        "icon": "D:\\a\\_temp\\agym-z64-38001250527-7324-fmcl3eru\\admin\\ZTATTUZ-3.6.1.ico,0",
        "working_directory": "D:\\a\\_temp\\agym-z64-38001250527-7324-fmcl3eru\\admin",
        "arguments": ""
      },
      {
        "shortcut": "C:\\Users\\runneradmin\\Desktop\\Atlantic Gym · ZTATTUZ Recepción.lnk",
        "kind": "Desktop",
        "target": "D:\\a\\_temp\\agym-z64-38001250527-7324-fmcl3eru\\reception\\ZTATTUZ Recepcion.exe",
        "icon": "D:\\a\\_temp\\agym-z64-38001250527-7324-fmcl3eru\\reception\\ZTATTUZ-Recepcion-3.6.1.ico,0",
        "working_directory": "D:\\a\\_temp\\agym-z64-38001250527-7324-fmcl3eru\\reception",
        "arguments": ""
      },
      {
        "shortcut": "C:\\Users\\runneradmin\\AppData\\Roaming\\Microsoft\\Windows\\Start Menu\\Programs\\ZTATTUZ\\Atlantic Gym · ZTATTUZ Administrador.lnk",
        "kind": "Programs",
        "target": "D:\\a\\_temp\\agym-z64-38001250527-7324-fmcl3eru\\admin\\ZTATTUZ Admin.exe",
        "icon": "D:\\a\\_temp\\agym-z64-38001250527-7324-fmcl3eru\\admin\\ZTATTUZ-3.6.1.ico,0",
        "working_directory": "D:\\a\\_temp\\agym-z64-38001250527-7324-fmcl3eru\\admin",
        "arguments": ""
      },
      {
        "shortcut": "C:\\Users\\runneradmin\\AppData\\Roaming\\Microsoft\\Windows\\Start Menu\\Programs\\ZTATTUZ\\Atlantic Gym · ZTATTUZ Recepción.lnk",
        "kind": "Programs",
        "target": "D:\\a\\_temp\\agym-z64-38001250527-7324-fmcl3eru\\reception\\ZTATTUZ Recepcion.exe",
        "icon": "D:\\a\\_temp\\agym-z64-38001250527-7324-fmcl3eru\\reception\\ZTATTUZ-Recepcion-3.6.1.ico,0",
        "working_directory": "D:\\a\\_temp\\agym-z64-38001250527-7324-fmcl3eru\\reception",
        "arguments": ""
      },
      {
        "shortcut": "C:\\Users\\runneradmin\\AppData\\Roaming\\Microsoft\\Windows\\Start Menu\\Programs\\ZTATTUZ\\Diagnóstico de Atlantic Gym · ZTATTUZ Administrador.lnk",
        "kind": "Programs",
        "target": "D:\\a\\_temp\\agym-z64-38001250527-7324-fmcl3eru\\admin\\ZTATTUZ Admin.exe",
        "icon": "D:\\a\\_temp\\agym-z64-38001250527-7324-fmcl3eru\\admin\\ZTATTUZ-3.6.1.ico,0",
        "working_directory": "D:\\a\\_temp\\agym-z64-38001250527-7324-fmcl3eru\\admin",
        "arguments": "--diagnostico"
      },
      {
        "shortcut": "C:\\Users\\runneradmin\\AppData\\Roaming\\Microsoft\\Windows\\Start Menu\\Programs\\ZTATTUZ\\Diagnóstico de Atlantic Gym · ZTATTUZ Recepción.lnk",
        "kind": "Programs",
        "target": "D:\\a\\_temp\\agym-z64-38001250527-7324-fmcl3eru\\reception\\ZTATTUZ Recepcion.exe",
        "icon": "D:\\a\\_temp\\agym-z64-38001250527-7324-fmcl3eru\\reception\\ZTATTUZ-Recepcion-3.6.1.ico,0",
        "working_directory": "D:\\a\\_temp\\agym-z64-38001250527-7324-fmcl3eru\\reception",
        "arguments": "--diagnostico"
      }
    ]
  },
  "update": {
    "status": "PASS",
    "same_registration_and_locations": true,
    "entry_points": [
      "VALIDACION_NO_FINAL_ZTATTUZ_Instalar_o_Actualizar_3.6.1_x64.exe"
    ],
    "existing_directories_reused_without_override": true,
    "executables": [
      {
        "executable": "D:\\a\\_temp\\agym-z64-38001250527-7324-fmcl3eru\\admin\\ZTATTUZ Admin.exe",
        "sha256": "d4bc063f18f04a57cba1b9f6886909324df1254242c229f671909b422e88fa3e",
        "status": "PASS",
        "icon": "icono.ico",
        "diagnostic": {
          "producto": "Gym soft · ZTATTUZ",
          "version": "3.6.1",
          "fecha": "2026-10-09T23:00:10.281204+00:00",
          "estado": "OK",
          "comprobaciones": [
            {
              "comprobacion": "Sistema",
              "estado": "OK",
              "detalle": "Windows 10.0, compilación 20348, proceso de 64 bits"
            },
            {
              "comprobacion": "Almacenamiento local",
              "estado": "OK",
              "detalle": "Carpeta local accesible"
            },
            {
              "comprobacion": "Interfaz",
              "estado": "OK",
              "detalle": "Tk 9.0.4; imágenes y formularios disponibles"
            },
            {
              "comprobacion": "Componentes incluidos",
              "estado": "OK",
              "detalle": "SSL, certificados, base en nube, Excel y zona horaria disponibles"
            },
            {
              "comprobacion": "Configuración ZTATTUZ",
              "estado": "OK",
              "detalle": "True"
            }
          ],
          "alcance": "Diagnóstico de componentes; no certifica todas las variantes de Windows Mini ni el lector físico."
        }
      },
      {
        "executable": "D:\\a\\_temp\\agym-z64-38001250527-7324-fmcl3eru\\reception\\ZTATTUZ Recepcion.exe",
        "sha256": "34ee65f6fea90eaf3d532101379aa87e2303bcb33e5415e643e5ed19da82bd6e",
        "status": "PASS",
        "icon": "icono_recepcion.ico",
        "diagnostic": {
          "producto": "Gym soft · ZTATTUZ",
          "version": "3.6.1",
          "fecha": "2026-10-09T23:00:11.880745+00:00",
          "estado": "OK",
          "comprobaciones": [
            {
              "comprobacion": "Sistema",
              "estado": "OK",
              "detalle": "Windows 10.0, compilación 20348, proceso de 64 bits"
            },
            {
              "comprobacion": "Almacenamiento local",
              "estado": "OK",
              "detalle": "Carpeta local accesible"
            },
            {
              "comprobacion": "Interfaz",
              "estado": "OK",
              "detalle": "Tk 9.0.4; imágenes y formularios disponibles"
            },
            {
              "comprobacion": "Componentes incluidos",
              "estado": "OK",
              "detalle": "SSL, certificados, base en nube, Excel y zona horaria disponibles"
            },
            {
              "comprobacion": "Configuración ZTATTUZ",
              "estado": "OK",
              "detalle": "True"
            }
          ],
          "alcance": "Diagnóstico de componentes; no certifica todas las variantes de Windows Mini ni el lector físico."
        }
      }
    ],
    "shortcuts": [
      {
        "shortcut": "C:\\Users\\runneradmin\\Desktop\\Atlantic Gym · ZTATTUZ Administrador.lnk",
        "kind": "Desktop",
        "target": "D:\\a\\_temp\\agym-z64-38001250527-7324-fmcl3eru\\admin\\ZTATTUZ Admin.exe",
        "icon": "D:\\a\\_temp\\agym-z64-38001250527-7324-fmcl3eru\\admin\\ZTATTUZ-3.6.1.ico,0",
        "working_directory": "D:\\a\\_temp\\agym-z64-38001250527-7324-fmcl3eru\\admin",
        "arguments": ""
      },
      {
        "shortcut": "C:\\Users\\runneradmin\\Desktop\\Atlantic Gym · ZTATTUZ Recepción.lnk",
        "kind": "Desktop",
        "target": "D:\\a\\_temp\\agym-z64-38001250527-7324-fmcl3eru\\reception\\ZTATTUZ Recepcion.exe",
        "icon": "D:\\a\\_temp\\agym-z64-38001250527-7324-fmcl3eru\\reception\\ZTATTUZ-Recepcion-3.6.1.ico,0",
        "working_directory": "D:\\a\\_temp\\agym-z64-38001250527-7324-fmcl3eru\\reception",
        "arguments": ""
      },
      {
        "shortcut": "C:\\Users\\runneradmin\\AppData\\Roaming\\Microsoft\\Windows\\Start Menu\\Programs\\ZTATTUZ\\Atlantic Gym · ZTATTUZ Administrador.lnk",
        "kind": "Programs",
        "target": "D:\\a\\_temp\\agym-z64-38001250527-7324-fmcl3eru\\admin\\ZTATTUZ Admin.exe",
        "icon": "D:\\a\\_temp\\agym-z64-38001250527-7324-fmcl3eru\\admin\\ZTATTUZ-3.6.1.ico,0",
        "working_directory": "D:\\a\\_temp\\agym-z64-38001250527-7324-fmcl3eru\\admin",
        "arguments": ""
      },
      {
        "shortcut": "C:\\Users\\runneradmin\\AppData\\Roaming\\Microsoft\\Windows\\Start Menu\\Programs\\ZTATTUZ\\Atlantic Gym · ZTATTUZ Recepción.lnk",
        "kind": "Programs",
        "target": "D:\\a\\_temp\\agym-z64-38001250527-7324-fmcl3eru\\reception\\ZTATTUZ Recepcion.exe",
        "icon": "D:\\a\\_temp\\agym-z64-38001250527-7324-fmcl3eru\\reception\\ZTATTUZ-Recepcion-3.6.1.ico,0",
        "working_directory": "D:\\a\\_temp\\agym-z64-38001250527-7324-fmcl3eru\\reception",
        "arguments": ""
      },
      {
        "shortcut": "C:\\Users\\runneradmin\\AppData\\Roaming\\Microsoft\\Windows\\Start Menu\\Programs\\ZTATTUZ\\Diagnóstico de Atlantic Gym · ZTATTUZ Administrador.lnk",
        "kind": "Programs",
        "target": "D:\\a\\_temp\\agym-z64-38001250527-7324-fmcl3eru\\admin\\ZTATTUZ Admin.exe",
        "icon": "D:\\a\\_temp\\agym-z64-38001250527-7324-fmcl3eru\\admin\\ZTATTUZ-3.6.1.ico,0",
        "working_directory": "D:\\a\\_temp\\agym-z64-38001250527-7324-fmcl3eru\\admin",
        "arguments": "--diagnostico"
      },
      {
        "shortcut": "C:\\Users\\runneradmin\\AppData\\Roaming\\Microsoft\\Windows\\Start Menu\\Programs\\ZTATTUZ\\Diagnóstico de Atlantic Gym · ZTATTUZ Recepción.lnk",
        "kind": "Programs",
        "target": "D:\\a\\_temp\\agym-z64-38001250527-7324-fmcl3eru\\reception\\ZTATTUZ Recepcion.exe",
        "icon": "D:\\a\\_temp\\agym-z64-38001250527-7324-fmcl3eru\\reception\\ZTATTUZ-Recepcion-3.6.1.ico,0",
        "working_directory": "D:\\a\\_temp\\agym-z64-38001250527-7324-fmcl3eru\\reception",
        "arguments": "--diagnostico"
      }
    ]
  },
  "sdk_log": {
    "status": "PRESERVED",
    "log": "D:\\a\\Atlantic-Software\\Atlantic-Software\\GymSoft_ZTATTUZ_3.6.1_x64\\salida\\validacion\\instalacion-tecnica\\ejecuciones\\20261009T225903Z-7324\\logs\\DigitalPersona_instalacion.log",
    "sha256": "4547e1e5fbedbb9d7e30d0d59ffa613307a209ee97fce9ee2fe41ab1e52f3a58"
  }
}
