198 INFO: PyInstaller: 6.22.2, contrib hooks: 2026.8
199 INFO: Python: 3.14.8
219 INFO: Platform: Windows-2022Server-10.0.20348-SP0
219 INFO: Python environment: D:\a\Atlantic-Software\Atlantic-Software\GymSoft_Comercial_3.6.0\.venv
220 INFO: wrote build/frozen-probe\FrozenWindowsProbe.spec
223 INFO: Removing temporary files and cleaning cache in C:\Users\runneradmin\AppData\Local\pyinstaller
775 INFO: Module search paths (PYTHONPATH):
['D:\\a\\Atlantic-Software\\Atlantic-Software\\GymSoft_Comercial_3.6.0',
 'C:\\hostedtoolcache\\windows\\Python\\3.14.8\\x64\\python314.zip',
 'C:\\hostedtoolcache\\windows\\Python\\3.14.8\\x64\\DLLs',
 'C:\\hostedtoolcache\\windows\\Python\\3.14.8\\x64\\Lib',
 'C:\\hostedtoolcache\\windows\\Python\\3.14.8\\x64',
 'D:\\a\\Atlantic-Software\\Atlantic-Software\\GymSoft_Comercial_3.6.0\\.venv',
 'D:\\a\\Atlantic-Software\\Atlantic-Software\\GymSoft_Comercial_3.6.0\\.venv\\Lib\\site-packages',
 'D:\\a\\Atlantic-Software\\Atlantic-Software\\tools',
 'D:\\a\\Atlantic-Software\\Atlantic-Software\\GymSoft_Comercial_3.6.0']
1035 INFO: Appending 'datas' from .spec
1059 INFO: checking Analysis
1059 INFO: Building Analysis because Analysis-00.toc is non existent
1059 INFO: Looking for Python shared library...
1059 INFO: Using Python shared library: C:\hostedtoolcache\windows\Python\3.14.8\x64\python314.dll
1060 INFO: Running Analysis Analysis-00.toc
1060 INFO: Target bytecode optimization level: 0
1060 INFO: Initializing module dependency graph...
1063 INFO: Initializing module graph hook caches...
1080 INFO: Analyzing modules for base_library.zip ...
2420 INFO: Processing standard module hook 'hook-math.py' from 'D:\\a\\Atlantic-Software\\Atlantic-Software\\GymSoft_Comercial_3.6.0\\.venv\\Lib\\site-packages\\PyInstaller\\hooks'
2453 INFO: Processing standard module hook 'hook-heapq.py' from 'D:\\a\\Atlantic-Software\\Atlantic-Software\\GymSoft_Comercial_3.6.0\\.venv\\Lib\\site-packages\\PyInstaller\\hooks'
2968 INFO: Processing standard module hook 'hook-encodings.py' from 'D:\\a\\Atlantic-Software\\Atlantic-Software\\GymSoft_Comercial_3.6.0\\.venv\\Lib\\site-packages\\PyInstaller\\hooks'
5191 INFO: Processing standard module hook 'hook-difflib.py' from 'D:\\a\\Atlantic-Software\\Atlantic-Software\\GymSoft_Comercial_3.6.0\\.venv\\Lib\\site-packages\\PyInstaller\\hooks'
5335 INFO: Processing standard module hook 'hook-pickle.py' from 'D:\\a\\Atlantic-Software\\Atlantic-Software\\GymSoft_Comercial_3.6.0\\.venv\\Lib\\site-packages\\PyInstaller\\hooks'
7640 INFO: Caching module dependency graph...
7675 INFO: Analyzing D:\a\Atlantic-Software\Atlantic-Software\tools\windows_frozen_probe.py
7683 INFO: Processing pre-find-module-path hook 'hook-tkinter.py' from 'D:\\a\\Atlantic-Software\\Atlantic-Software\\GymSoft_Comercial_3.6.0\\.venv\\Lib\\site-packages\\PyInstaller\\hooks\\pre_find_module_path'
7684 INFO: TclTkInfo: initializing cached Tcl/Tk info...
8029 INFO: Processing standard module hook 'hook-_tkinter.py' from 'D:\\a\\Atlantic-Software\\Atlantic-Software\\GymSoft_Comercial_3.6.0\\.venv\\Lib\\site-packages\\PyInstaller\\hooks'
8054 INFO: Processing standard module hook 'hook-zoneinfo.py' from 'D:\\a\\Atlantic-Software\\Atlantic-Software\\GymSoft_Comercial_3.6.0\\.venv\\Lib\\site-packages\\_pyinstaller_hooks_contrib\\stdhooks'
8106 INFO: Processing standard module hook 'hook-sysconfig.py' from 'D:\\a\\Atlantic-Software\\Atlantic-Software\\GymSoft_Comercial_3.6.0\\.venv\\Lib\\site-packages\\PyInstaller\\hooks'
8156 INFO: Processing standard module hook 'hook-certifi.py' from 'D:\\a\\Atlantic-Software\\Atlantic-Software\\GymSoft_Comercial_3.6.0\\.venv\\Lib\\site-packages\\_pyinstaller_hooks_contrib\\stdhooks'
8846 INFO: Processing standard module hook 'hook-multiprocessing.util.py' from 'D:\\a\\Atlantic-Software\\Atlantic-Software\\GymSoft_Comercial_3.6.0\\.venv\\Lib\\site-packages\\PyInstaller\\hooks'
8988 INFO: Processing standard module hook 'hook-xml.py' from 'D:\\a\\Atlantic-Software\\Atlantic-Software\\GymSoft_Comercial_3.6.0\\.venv\\Lib\\site-packages\\PyInstaller\\hooks'
9370 INFO: Processing standard module hook 'hook-_ctypes.py' from 'D:\\a\\Atlantic-Software\\Atlantic-Software\\GymSoft_Comercial_3.6.0\\.venv\\Lib\\site-packages\\PyInstaller\\hooks'
10072 INFO: Processing standard module hook 'hook-anyio.py' from 'D:\\a\\Atlantic-Software\\Atlantic-Software\\GymSoft_Comercial_3.6.0\\.venv\\Lib\\site-packages\\_pyinstaller_hooks_contrib\\stdhooks'
10420 INFO: Processing pre-safe-import-module hook 'hook-typing_extensions.py' from 'D:\\a\\Atlantic-Software\\Atlantic-Software\\GymSoft_Comercial_3.6.0\\.venv\\Lib\\site-packages\\PyInstaller\\hooks\\pre_safe_import_module'
10421 INFO: SetuptoolsInfo: initializing cached setuptools info...
12468 INFO: Processing standard module hook 'hook-openpyxl.py' from 'D:\\a\\Atlantic-Software\\Atlantic-Software\\GymSoft_Comercial_3.6.0\\.venv\\Lib\\site-packages\\_pyinstaller_hooks_contrib\\stdhooks'
12772 INFO: Processing standard module hook 'hook-xml.etree.cElementTree.py' from 'D:\\a\\Atlantic-Software\\Atlantic-Software\\GymSoft_Comercial_3.6.0\\.venv\\Lib\\site-packages\\PyInstaller\\hooks'
13218 INFO: Processing standard module hook 'hook-PIL.py' from 'D:\\a\\Atlantic-Software\\Atlantic-Software\\GymSoft_Comercial_3.6.0\\.venv\\Lib\\site-packages\\PyInstaller\\hooks'
13395 INFO: Processing standard module hook 'hook-PIL.Image.py' from 'D:\\a\\Atlantic-Software\\Atlantic-Software\\GymSoft_Comercial_3.6.0\\.venv\\Lib\\site-packages\\PyInstaller\\hooks'
13939 INFO: Processing standard module hook 'hook-PIL.ImageFilter.py' from 'D:\\a\\Atlantic-Software\\Atlantic-Software\\GymSoft_Comercial_3.6.0\\.venv\\Lib\\site-packages\\PyInstaller\\hooks'
14873 INFO: Processing standard module hook 'hook-pydantic.py' from 'D:\\a\\Atlantic-Software\\Atlantic-Software\\GymSoft_Comercial_3.6.0\\.venv\\Lib\\site-packages\\_pyinstaller_hooks_contrib\\stdhooks'
15349 INFO: Processing standard module hook 'hook-platform.py' from 'D:\\a\\Atlantic-Software\\Atlantic-Software\\GymSoft_Comercial_3.6.0\\.venv\\Lib\\site-packages\\PyInstaller\\hooks'
17078 INFO: Processing standard module hook 'hook-websockets.py' from 'D:\\a\\Atlantic-Software\\Atlantic-Software\\GymSoft_Comercial_3.6.0\\.venv\\Lib\\site-packages\\_pyinstaller_hooks_contrib\\stdhooks'
17653 INFO: Processing pre-safe-import-module hook 'hook-packaging.py' from 'D:\\a\\Atlantic-Software\\Atlantic-Software\\GymSoft_Comercial_3.6.0\\.venv\\Lib\\site-packages\\PyInstaller\\hooks\\pre_safe_import_module'
18384 INFO: Processing standard module hook 'hook-cryptography.py' from 'D:\\a\\Atlantic-Software\\Atlantic-Software\\GymSoft_Comercial_3.6.0\\.venv\\Lib\\site-packages\\_pyinstaller_hooks_contrib\\stdhooks'
19478 INFO: hook-cryptography: cryptography does not seem to be using dynamically linked OpenSSL.
20858 INFO: Processing standard module hook 'hook-sqlite3.py' from 'D:\\a\\Atlantic-Software\\Atlantic-Software\\GymSoft_Comercial_3.6.0\\.venv\\Lib\\site-packages\\PyInstaller\\hooks'
21837 INFO: Processing standard module hook 'hook-webbrowser.py' from 'D:\\a\\Atlantic-Software\\Atlantic-Software\\GymSoft_Comercial_3.6.0\\.venv\\Lib\\site-packages\\PyInstaller\\hooks'
22135 INFO: Analyzing hidden import 'PIL._tkinter_finder'
22137 INFO: Analyzing hidden import 'tzdata'
22138 INFO: Analyzing hidden import 'tzdata.zoneinfo'
22139 INFO: Analyzing hidden import 'tzdata.zoneinfo.Africa'
22140 INFO: Analyzing hidden import 'tzdata.zoneinfo.America'
22140 INFO: Analyzing hidden import 'tzdata.zoneinfo.America.Argentina'
22141 INFO: Analyzing hidden import 'tzdata.zoneinfo.America.Indiana'
22142 INFO: Analyzing hidden import 'tzdata.zoneinfo.America.Kentucky'
22142 INFO: Analyzing hidden import 'tzdata.zoneinfo.America.North_Dakota'
22143 INFO: Analyzing hidden import 'tzdata.zoneinfo.Antarctica'
22143 INFO: Analyzing hidden import 'tzdata.zoneinfo.Arctic'
22144 INFO: Analyzing hidden import 'tzdata.zoneinfo.Asia'
22144 INFO: Analyzing hidden import 'tzdata.zoneinfo.Atlantic'
22145 INFO: Analyzing hidden import 'tzdata.zoneinfo.Australia'
22145 INFO: Analyzing hidden import 'tzdata.zoneinfo.Brazil'
22146 INFO: Analyzing hidden import 'tzdata.zoneinfo.Canada'
22147 INFO: Analyzing hidden import 'tzdata.zoneinfo.Chile'
22147 INFO: Analyzing hidden import 'tzdata.zoneinfo.Etc'
22148 INFO: Analyzing hidden import 'tzdata.zoneinfo.Europe'
22148 INFO: Analyzing hidden import 'tzdata.zoneinfo.Indian'
22149 INFO: Analyzing hidden import 'tzdata.zoneinfo.Mexico'
22149 INFO: Analyzing hidden import 'tzdata.zoneinfo.Pacific'
22150 INFO: Analyzing hidden import 'tzdata.zoneinfo.US'
22150 INFO: Processing module hooks (post-graph stage)...
22686 INFO: Processing pre-safe-import-module hook 'hook-tomli.py' from 'D:\\a\\Atlantic-Software\\Atlantic-Software\\GymSoft_Comercial_3.6.0\\.venv\\Lib\\site-packages\\PyInstaller\\hooks\\pre_safe_import_module'
22686 INFO: Setuptools: 'tomli' appears to be a setuptools-vendored copy - creating alias to 'setuptools._vendor.tomli'!
22695 INFO: Processing standard module hook 'hook-setuptools.py' from 'D:\\a\\Atlantic-Software\\Atlantic-Software\\GymSoft_Comercial_3.6.0\\.venv\\Lib\\site-packages\\PyInstaller\\hooks'
22713 INFO: Processing pre-safe-import-module hook 'hook-distutils.py' from 'D:\\a\\Atlantic-Software\\Atlantic-Software\\GymSoft_Comercial_3.6.0\\.venv\\Lib\\site-packages\\PyInstaller\\hooks\\pre_safe_import_module'
22754 INFO: Processing pre-safe-import-module hook 'hook-jaraco.py' from 'D:\\a\\Atlantic-Software\\Atlantic-Software\\GymSoft_Comercial_3.6.0\\.venv\\Lib\\site-packages\\PyInstaller\\hooks\\pre_safe_import_module'
22754 INFO: Setuptools: 'jaraco' appears to be a full setuptools-vendored copy - creating alias to 'setuptools._vendor.jaraco'!
22769 INFO: Processing pre-safe-import-module hook 'hook-more_itertools.py' from 'D:\\a\\Atlantic-Software\\Atlantic-Software\\GymSoft_Comercial_3.6.0\\.venv\\Lib\\site-packages\\PyInstaller\\hooks\\pre_safe_import_module'
22770 INFO: Setuptools: 'more_itertools' appears to be a setuptools-vendored copy - creating alias to 'setuptools._vendor.more_itertools'!
22972 INFO: Processing standard module hook 'hook-_osx_support.py' from 'D:\\a\\Atlantic-Software\\Atlantic-Software\\GymSoft_Comercial_3.6.0\\.venv\\Lib\\site-packages\\PyInstaller\\hooks'
23356 INFO: Processing standard module hook 'hook-setuptools._vendor.jaraco.text.py' from 'D:\\a\\Atlantic-Software\\Atlantic-Software\\GymSoft_Comercial_3.6.0\\.venv\\Lib\\site-packages\\PyInstaller\\hooks'
23358 INFO: Processing pre-safe-import-module hook 'hook-importlib_resources.py' from 'D:\\a\\Atlantic-Software\\Atlantic-Software\\GymSoft_Comercial_3.6.0\\.venv\\Lib\\site-packages\\PyInstaller\\hooks\\pre_safe_import_module'
23369 INFO: Processing pre-safe-import-module hook 'hook-backports.py' from 'D:\\a\\Atlantic-Software\\Atlantic-Software\\GymSoft_Comercial_3.6.0\\.venv\\Lib\\site-packages\\PyInstaller\\hooks\\pre_safe_import_module'
23370 INFO: Setuptools: 'backports' appears to be a full setuptools-vendored copy - creating alias to 'setuptools._vendor.backports'!
24688 INFO: Processing pre-safe-import-module hook 'hook-wheel.py' from 'D:\\a\\Atlantic-Software\\Atlantic-Software\\GymSoft_Comercial_3.6.0\\.venv\\Lib\\site-packages\\PyInstaller\\hooks\\pre_safe_import_module'
24689 INFO: Setuptools: 'wheel' appears to be a setuptools-vendored copy - creating alias to 'setuptools._vendor.wheel'!
24864 INFO: Processing standard module hook 'hook-tzdata.py' from 'D:\\a\\Atlantic-Software\\Atlantic-Software\\GymSoft_Comercial_3.6.0\\.venv\\Lib\\site-packages\\_pyinstaller_hooks_contrib\\stdhooks'
25929 INFO: Processing standard module hook 'hook-PIL.SpiderImagePlugin.py' from 'D:\\a\\Atlantic-Software\\Atlantic-Software\\GymSoft_Comercial_3.6.0\\.venv\\Lib\\site-packages\\PyInstaller\\hooks'
26958 INFO: Processing standard module hook 'hook-_tkinter.py' from 'D:\\a\\Atlantic-Software\\Atlantic-Software\\GymSoft_Comercial_3.6.0\\.venv\\Lib\\site-packages\\PyInstaller\\hooks'
26979 INFO: Performing binary vs. data reclassification (650 entries)
27015 INFO: Looking for ctypes DLLs
27173 INFO: Analyzing run-time hooks ...
27180 INFO: Including run-time hook 'pyi_rth_inspect.py' from 'D:\\a\\Atlantic-Software\\Atlantic-Software\\GymSoft_Comercial_3.6.0\\.venv\\Lib\\site-packages\\PyInstaller\\hooks\\rthooks'
27184 INFO: Including run-time hook 'pyi_rth_pkgutil.py' from 'D:\\a\\Atlantic-Software\\Atlantic-Software\\GymSoft_Comercial_3.6.0\\.venv\\Lib\\site-packages\\PyInstaller\\hooks\\rthooks'
27186 INFO: Including run-time hook 'pyi_rth_multiprocessing.py' from 'D:\\a\\Atlantic-Software\\Atlantic-Software\\GymSoft_Comercial_3.6.0\\.venv\\Lib\\site-packages\\PyInstaller\\hooks\\rthooks'
27189 INFO: Including run-time hook 'pyi_rth_setuptools.py' from 'D:\\a\\Atlantic-Software\\Atlantic-Software\\GymSoft_Comercial_3.6.0\\.venv\\Lib\\site-packages\\PyInstaller\\hooks\\rthooks'
27191 INFO: Including run-time hook 'pyi_rth_cryptography_openssl.py' from 'D:\\a\\Atlantic-Software\\Atlantic-Software\\GymSoft_Comercial_3.6.0\\.venv\\Lib\\site-packages\\_pyinstaller_hooks_contrib\\rthooks'
27192 INFO: Including run-time hook 'pyi_rth__tkinter.py' from 'D:\\a\\Atlantic-Software\\Atlantic-Software\\GymSoft_Comercial_3.6.0\\.venv\\Lib\\site-packages\\PyInstaller\\hooks\\rthooks'
27225 INFO: Creating base_library.zip...
27250 INFO: Looking for dynamic libraries
28255 INFO: Extra DLL search directories (AddDllDirectory): []
28255 INFO: Extra DLL search directories (PATH): []
29279 INFO: Warnings written to D:\a\Atlantic-Software\Atlantic-Software\GymSoft_Comercial_3.6.0\build\frozen-probe\FrozenWindowsProbe\warn-FrozenWindowsProbe.txt
29394 INFO: Graph cross-reference written to D:\a\Atlantic-Software\Atlantic-Software\GymSoft_Comercial_3.6.0\build\frozen-probe\FrozenWindowsProbe\xref-FrozenWindowsProbe.html
29463 INFO: checking PYZ
29463 INFO: Building PYZ because PYZ-00.toc is non existent
29464 INFO: Building PYZ (ZlibArchive) D:\a\Atlantic-Software\Atlantic-Software\GymSoft_Comercial_3.6.0\build\frozen-probe\FrozenWindowsProbe\PYZ-00.pyz
30121 INFO: Building PYZ (ZlibArchive) D:\a\Atlantic-Software\Atlantic-Software\GymSoft_Comercial_3.6.0\build\frozen-probe\FrozenWindowsProbe\PYZ-00.pyz completed successfully.
30162 INFO: checking PKG
30162 INFO: Building PKG because PKG-00.toc is non existent
30162 INFO: Building PKG (CArchive) FrozenWindowsProbe.pkg
30179 INFO: Building PKG (CArchive) FrozenWindowsProbe.pkg completed successfully.
30180 INFO: Bootloader D:\a\Atlantic-Software\Atlantic-Software\GymSoft_Comercial_3.6.0\.venv\Lib\site-packages\PyInstaller\bootloader\Windows-64bit-intel\run.exe
30180 INFO: checking EXE
30180 INFO: Building EXE because EXE-00.toc is non existent
30180 INFO: Building EXE from EXE-00.toc
30180 INFO: Copying bootloader EXE to D:\a\Atlantic-Software\Atlantic-Software\GymSoft_Comercial_3.6.0\build\frozen-probe\FrozenWindowsProbe\FrozenWindowsProbe.exe
30187 INFO: Copying icon to EXE
30189 INFO: Copying 0 resources to EXE
30189 INFO: Embedding manifest in EXE
30190 INFO: Appending PKG archive to EXE
30196 INFO: Fixing EXE headers
30290 INFO: Building EXE from EXE-00.toc completed successfully.
30298 INFO: checking COLLECT
30298 INFO: Building COLLECT because COLLECT-00.toc is non existent
30298 INFO: Building COLLECT COLLECT-00.toc
30718 INFO: Building COLLECT COLLECT-00.toc completed successfully.
30736 INFO: Build complete! The results are available in: D:\a\Atlantic-Software\Atlantic-Software\GymSoft_Comercial_3.6.0\salida\validacion\frozen-probe
