**********************
PowerShell transcript start
Start time: 20261009225002
Username: runnervmtn0fv\runneradmin
RunAs User: runnervmtn0fv\runneradmin
Configuration Name: 
Machine: runnervmtn0fv (Microsoft Windows NT 10.0.20348.0)
Host Application: C:\Program Files\PowerShell\7\pwsh.dll -command . 'D:\a\_temp\b68500ed-66e2-4eee-ab40-22af4f210e39.ps1'
Process ID: 3112
PSVersion: 7.6.6
PSEdition: Core
GitCommitId: 7.6.6
OS: Microsoft Windows 10.0.20348
Platform: Win32NT
PSCompatibleVersions: 1.0, 2.0, 3.0, 4.0, 5.0, 5.1, 6.0, 7.0
PSRemotingProtocolVersion: 2.4
SerializationVersion: 1.1.0.1
WSManStackVersion: 3.0
**********************
Transcript started, output file is salida\validacion\display-setup.log


**********************
PowerShell transcript end
End time: 20261009225007
**********************
