node:internal/modules/esm/resolve:201
  const resolvedOption = FSLegacyMainResolve(pkgPath, packageConfig.main, baseStringified);
                         ^

Error: Cannot find package '/workspace/multigym-source/GymSoft_Comercial_3.6.0/node_modules/@electric-sql/pglite/index.js' imported from /workspace/multigym-source/GymSoft_Comercial_3.6.0/tests/migrations.mjs
    at legacyMainResolve (node:internal/modules/esm/resolve:201:26)
    at packageResolve (node:internal/modules/esm/resolve:778:12)
    at moduleResolve (node:internal/modules/esm/resolve:859:18)
    at defaultResolve (node:internal/modules/esm/resolve:992:11)
    at #cachedDefaultResolve (node:internal/modules/esm/loader:701:20)
    at #resolveAndMaybeBlockOnLoaderThread (node:internal/modules/esm/loader:721:38)
    at ModuleLoader.resolveSync (node:internal/modules/esm/loader:759:56)
    at #resolve (node:internal/modules/esm/loader:683:17)
    at ModuleLoader.getOrCreateModuleJob (node:internal/modules/esm/loader:603:35)
    at ModuleJob.syncLink (node:internal/modules/esm/module_job:163:33) {
  code: 'ERR_MODULE_NOT_FOUND'
}

Node.js v24.19.0
Traceback (most recent call last):
  File "/workspace/multigym-source/GymSoft_Comercial_3.6.0/tests/fingerprint_journey.py", line 126, in <module>
    with patch('fingerprint_service.ReaderLease',return_value=NS(acquire=lambda:True,close=lambda:None)):main()
                                                                                                         ~~~~^^
  File "/workspace/multigym-source/GymSoft_Comercial_3.6.0/tests/fingerprint_journey.py", line 43, in main
    engine=Engine();services=[]
  File "/workspace/multigym-source/GymSoft_Comercial_3.6.0/tests/local_service.py", line 43, in __init__
    raise RuntimeError('No se pudo iniciar la base local de prueba.')
RuntimeError: No se pudo iniciar la base local de prueba.
