["D:\\a\\Atlantic-Software\\Atlantic-Software\\GymSoft_ZTATTUZ_3.6.1_x64\\.venv\\Scripts\\python.exe", "-m", "PyInstaller", "--noconfirm", "--clean", "--windowed", "--onedir", "--name", "ZTATTUZ Recepcion", "--icon", "D:\\a\\Atlantic-Software\\Atlantic-Software\\GymSoft_ZTATTUZ_3.6.1_x64\\icono_recepcion.ico", "--version-file", "D:\\a\\Atlantic-Software\\Atlantic-Software\\GymSoft_ZTATTUZ_3.6.1_x64\\salida\\validacion\\paquete-tecnico\\ejecuciones\\20261009T225054Z-2892\\build\\ZTATTUZ Recepcion_version.txt", "--paths", "D:\\a\\Atlantic-Software\\Atlantic-Software\\GymSoft_ZTATTUZ_3.6.1_x64", "--workpath", "D:\\a\\Atlantic-Software\\Atlantic-Software\\GymSoft_ZTATTUZ_3.6.1_x64\\salida\\validacion\\paquete-tecnico\\ejecuciones\\20261009T225054Z-2892\\build\\work", "--specpath", "D:\\a\\Atlantic-Software\\Atlantic-Software\\GymSoft_ZTATTUZ_3.6.1_x64\\salida\\validacion\\paquete-tecnico\\ejecuciones\\20261009T225054Z-2892\\build\\spec", "--distpath", "D:\\a\\Atlantic-Software\\Atlantic-Software\\GymSoft_ZTATTUZ_3.6.1_x64\\salida\\validacion\\paquete-tecnico\\ejecuciones\\20261009T225054Z-2892\\dist", "--add-data", "D:\\a\\Atlantic-Software\\Atlantic-Software\\GymSoft_ZTATTUZ_3.6.1_x64\\gymsoft_config.json;.", "--add-data", "D:\\a\\Atlantic-Software\\Atlantic-Software\\GymSoft_ZTATTUZ_3.6.1_x64\\icono.ico;.", "--add-data", "D:\\a\\Atlantic-Software\\Atlantic-Software\\GymSoft_ZTATTUZ_3.6.1_x64\\icono_recepcion.ico;.", "--hidden-import", "PIL._tkinter_finder", "--collect-all", "supabase", "--collect-all", "realtime", "--collect-all", "certifi", "--collect-all", "postgrest", "--collect-all", "supabase_auth", "--collect-all", "tzdata", "--collect-all", "serial", "D:\\a\\Atlantic-Software\\Atlantic-Software\\GymSoft_ZTATTUZ_3.6.1_x64\\reception_app.py"]
101 INFO: PyInstaller: 6.22.2, contrib hooks: 2026.8
101 INFO: Python: 3.14.8
119 INFO: Platform: Windows-2022Server-10.0.20348-SP0
119 INFO: Python environment: D:\a\Atlantic-Software\Atlantic-Software\GymSoft_ZTATTUZ_3.6.1_x64\.venv
120 INFO: wrote D:\a\Atlantic-Software\Atlantic-Software\GymSoft_ZTATTUZ_3.6.1_x64\salida\validacion\paquete-tecnico\ejecuciones\20261009T225054Z-2892\build\spec\ZTATTUZ Recepcion.spec
122 INFO: Removing temporary files and cleaning cache in D:\a\Atlantic-Software\Atlantic-Software\GymSoft_ZTATTUZ_3.6.1_x64\salida\validacion\paquete-tecnico\ejecuciones\20261009T225054Z-2892\cache-pyinstaller\pyinstaller
3216 INFO: Module search paths (PYTHONPATH):
['D:\\a\\Atlantic-Software\\Atlantic-Software\\GymSoft_ZTATTUZ_3.6.1_x64',
 'C:\\hostedtoolcache\\windows\\Python\\3.14.8\\x64\\python314.zip',
 'C:\\hostedtoolcache\\windows\\Python\\3.14.8\\x64\\DLLs',
 'C:\\hostedtoolcache\\windows\\Python\\3.14.8\\x64\\Lib',
 'C:\\hostedtoolcache\\windows\\Python\\3.14.8\\x64',
 'D:\\a\\Atlantic-Software\\Atlantic-Software\\GymSoft_ZTATTUZ_3.6.1_x64\\.venv',
 'D:\\a\\Atlantic-Software\\Atlantic-Software\\GymSoft_ZTATTUZ_3.6.1_x64\\.venv\\Lib\\site-packages',
 'D:\\a\\Atlantic-Software\\Atlantic-Software\\GymSoft_ZTATTUZ_3.6.1_x64']
3435 INFO: Appending 'datas' from .spec
3460 INFO: checking Analysis
3461 INFO: Building Analysis because Analysis-00.toc is non existent
3461 INFO: Looking for Python shared library...
3461 INFO: Using Python shared library: C:\hostedtoolcache\windows\Python\3.14.8\x64\python314.dll
3461 INFO: Running Analysis Analysis-00.toc
3461 INFO: Target bytecode optimization level: 0
3461 INFO: Initializing module dependency graph...
3461 INFO: Initializing module graph hook caches...
3473 INFO: Analyzing modules for base_library.zip ...
4837 INFO: Processing standard module hook 'hook-encodings.py' from 'D:\\a\\Atlantic-Software\\Atlantic-Software\\GymSoft_ZTATTUZ_3.6.1_x64\\.venv\\Lib\\site-packages\\PyInstaller\\hooks'
5266 INFO: Processing standard module hook 'hook-pickle.py' from 'D:\\a\\Atlantic-Software\\Atlantic-Software\\GymSoft_ZTATTUZ_3.6.1_x64\\.venv\\Lib\\site-packages\\PyInstaller\\hooks'
5499 INFO: Processing standard module hook 'hook-math.py' from 'D:\\a\\Atlantic-Software\\Atlantic-Software\\GymSoft_ZTATTUZ_3.6.1_x64\\.venv\\Lib\\site-packages\\PyInstaller\\hooks'
5629 INFO: Processing standard module hook 'hook-difflib.py' from 'D:\\a\\Atlantic-Software\\Atlantic-Software\\GymSoft_ZTATTUZ_3.6.1_x64\\.venv\\Lib\\site-packages\\PyInstaller\\hooks'
5642 INFO: Processing standard module hook 'hook-heapq.py' from 'D:\\a\\Atlantic-Software\\Atlantic-Software\\GymSoft_ZTATTUZ_3.6.1_x64\\.venv\\Lib\\site-packages\\PyInstaller\\hooks'
8152 INFO: Caching module dependency graph...
8188 INFO: Analyzing D:\a\Atlantic-Software\Atlantic-Software\GymSoft_ZTATTUZ_3.6.1_x64\reception_app.py
8298 INFO: Processing standard module hook 'hook-zoneinfo.py' from 'D:\\a\\Atlantic-Software\\Atlantic-Software\\GymSoft_ZTATTUZ_3.6.1_x64\\.venv\\Lib\\site-packages\\_pyinstaller_hooks_contrib\\stdhooks'
8323 INFO: Processing standard module hook 'hook-sysconfig.py' from 'D:\\a\\Atlantic-Software\\Atlantic-Software\\GymSoft_ZTATTUZ_3.6.1_x64\\.venv\\Lib\\site-packages\\PyInstaller\\hooks'
8432 INFO: Processing standard module hook 'hook-_ctypes.py' from 'D:\\a\\Atlantic-Software\\Atlantic-Software\\GymSoft_ZTATTUZ_3.6.1_x64\\.venv\\Lib\\site-packages\\PyInstaller\\hooks'
8436 INFO: Processing pre-find-module-path hook 'hook-tkinter.py' from 'D:\\a\\Atlantic-Software\\Atlantic-Software\\GymSoft_ZTATTUZ_3.6.1_x64\\.venv\\Lib\\site-packages\\PyInstaller\\hooks\\pre_find_module_path'
8436 INFO: TclTkInfo: initializing cached Tcl/Tk info...
8787 INFO: Processing standard module hook 'hook-_tkinter.py' from 'D:\\a\\Atlantic-Software\\Atlantic-Software\\GymSoft_ZTATTUZ_3.6.1_x64\\.venv\\Lib\\site-packages\\PyInstaller\\hooks'
8854 INFO: Processing standard module hook 'hook-sqlite3.py' from 'D:\\a\\Atlantic-Software\\Atlantic-Software\\GymSoft_ZTATTUZ_3.6.1_x64\\.venv\\Lib\\site-packages\\PyInstaller\\hooks'
9122 INFO: Processing standard module hook 'hook-PIL.py' from 'D:\\a\\Atlantic-Software\\Atlantic-Software\\GymSoft_ZTATTUZ_3.6.1_x64\\.venv\\Lib\\site-packages\\PyInstaller\\hooks'
9248 INFO: Processing standard module hook 'hook-PIL.Image.py' from 'D:\\a\\Atlantic-Software\\Atlantic-Software\\GymSoft_ZTATTUZ_3.6.1_x64\\.venv\\Lib\\site-packages\\PyInstaller\\hooks'
9572 INFO: Processing standard module hook 'hook-xml.py' from 'D:\\a\\Atlantic-Software\\Atlantic-Software\\GymSoft_ZTATTUZ_3.6.1_x64\\.venv\\Lib\\site-packages\\PyInstaller\\hooks'
9594 INFO: Processing standard module hook 'hook-xml.etree.cElementTree.py' from 'D:\\a\\Atlantic-Software\\Atlantic-Software\\GymSoft_ZTATTUZ_3.6.1_x64\\.venv\\Lib\\site-packages\\PyInstaller\\hooks'
9797 INFO: Processing standard module hook 'hook-PIL.ImageFilter.py' from 'D:\\a\\Atlantic-Software\\Atlantic-Software\\GymSoft_ZTATTUZ_3.6.1_x64\\.venv\\Lib\\site-packages\\PyInstaller\\hooks'
10514 INFO: Processing standard module hook 'hook-certifi.py' from 'D:\\a\\Atlantic-Software\\Atlantic-Software\\GymSoft_ZTATTUZ_3.6.1_x64\\.venv\\Lib\\site-packages\\_pyinstaller_hooks_contrib\\stdhooks'
10714 INFO: Processing standard module hook 'hook-multiprocessing.util.py' from 'D:\\a\\Atlantic-Software\\Atlantic-Software\\GymSoft_ZTATTUZ_3.6.1_x64\\.venv\\Lib\\site-packages\\PyInstaller\\hooks'
11599 INFO: Processing standard module hook 'hook-anyio.py' from 'D:\\a\\Atlantic-Software\\Atlantic-Software\\GymSoft_ZTATTUZ_3.6.1_x64\\.venv\\Lib\\site-packages\\_pyinstaller_hooks_contrib\\stdhooks'
11910 INFO: Processing pre-safe-import-module hook 'hook-typing_extensions.py' from 'D:\\a\\Atlantic-Software\\Atlantic-Software\\GymSoft_ZTATTUZ_3.6.1_x64\\.venv\\Lib\\site-packages\\PyInstaller\\hooks\\pre_safe_import_module'
11910 INFO: SetuptoolsInfo: initializing cached setuptools info...
13501 INFO: Processing standard module hook 'hook-platform.py' from 'D:\\a\\Atlantic-Software\\Atlantic-Software\\GymSoft_ZTATTUZ_3.6.1_x64\\.venv\\Lib\\site-packages\\PyInstaller\\hooks'
13508 INFO: Processing pre-safe-import-module hook 'hook-packaging.py' from 'D:\\a\\Atlantic-Software\\Atlantic-Software\\GymSoft_ZTATTUZ_3.6.1_x64\\.venv\\Lib\\site-packages\\PyInstaller\\hooks\\pre_safe_import_module'
13744 INFO: Processing standard module hook 'hook-pydantic.py' from 'D:\\a\\Atlantic-Software\\Atlantic-Software\\GymSoft_ZTATTUZ_3.6.1_x64\\.venv\\Lib\\site-packages\\_pyinstaller_hooks_contrib\\stdhooks'
15652 INFO: Processing standard module hook 'hook-websockets.py' from 'D:\\a\\Atlantic-Software\\Atlantic-Software\\GymSoft_ZTATTUZ_3.6.1_x64\\.venv\\Lib\\site-packages\\_pyinstaller_hooks_contrib\\stdhooks'
16387 INFO: Processing standard module hook 'hook-cryptography.py' from 'D:\\a\\Atlantic-Software\\Atlantic-Software\\GymSoft_ZTATTUZ_3.6.1_x64\\.venv\\Lib\\site-packages\\_pyinstaller_hooks_contrib\\stdhooks'
17400 INFO: hook-cryptography: cryptography does not seem to be using dynamically linked OpenSSL.
18061 INFO: Processing standard module hook 'hook-webbrowser.py' from 'D:\\a\\Atlantic-Software\\Atlantic-Software\\GymSoft_ZTATTUZ_3.6.1_x64\\.venv\\Lib\\site-packages\\PyInstaller\\hooks'
18490 INFO: Processing standard module hook 'hook-openpyxl.py' from 'D:\\a\\Atlantic-Software\\Atlantic-Software\\GymSoft_ZTATTUZ_3.6.1_x64\\.venv\\Lib\\site-packages\\_pyinstaller_hooks_contrib\\stdhooks'
19425 INFO: Analyzing hidden import 'PIL._tkinter_finder'
19426 INFO: Analyzing hidden import 'supabase.client'
19428 INFO: Analyzing hidden import 'certifi.__main__'
19429 INFO: Analyzing hidden import 'certifi.tests'
19430 INFO: Analyzing hidden import 'certifi.tests.test_certify'
19563 INFO: Analyzing hidden import 'tzdata'
19564 INFO: Analyzing hidden import 'tzdata.zoneinfo'
19564 INFO: Analyzing hidden import 'tzdata.zoneinfo.Africa'
19565 INFO: Analyzing hidden import 'tzdata.zoneinfo.America'
19565 INFO: Analyzing hidden import 'tzdata.zoneinfo.America.Argentina'
19565 INFO: Analyzing hidden import 'tzdata.zoneinfo.America.Indiana'
19566 INFO: Analyzing hidden import 'tzdata.zoneinfo.America.Kentucky'
19566 INFO: Analyzing hidden import 'tzdata.zoneinfo.America.North_Dakota'
19566 INFO: Analyzing hidden import 'tzdata.zoneinfo.Antarctica'
19567 INFO: Analyzing hidden import 'tzdata.zoneinfo.Arctic'
19567 INFO: Analyzing hidden import 'tzdata.zoneinfo.Asia'
19567 INFO: Analyzing hidden import 'tzdata.zoneinfo.Atlantic'
19567 INFO: Analyzing hidden import 'tzdata.zoneinfo.Australia'
19568 INFO: Analyzing hidden import 'tzdata.zoneinfo.Brazil'
19568 INFO: Analyzing hidden import 'tzdata.zoneinfo.Canada'
19568 INFO: Analyzing hidden import 'tzdata.zoneinfo.Chile'
19568 INFO: Analyzing hidden import 'tzdata.zoneinfo.Etc'
19569 INFO: Analyzing hidden import 'tzdata.zoneinfo.Europe'
19569 INFO: Analyzing hidden import 'tzdata.zoneinfo.Indian'
19569 INFO: Analyzing hidden import 'tzdata.zoneinfo.Mexico'
19570 INFO: Analyzing hidden import 'tzdata.zoneinfo.Pacific'
19570 INFO: Analyzing hidden import 'tzdata.zoneinfo.US'
19570 INFO: Analyzing hidden import 'serial.__main__'
19610 INFO: Analyzing hidden import 'serial.rfc2217'
19654 INFO: Analyzing hidden import 'serial.rs485'
19656 INFO: Analyzing hidden import 'serial.threaded'
19664 INFO: Analyzing hidden import 'serial.urlhandler'
19664 INFO: Analyzing hidden import 'serial.urlhandler.protocol_alt'
19666 INFO: Analyzing hidden import 'serial.urlhandler.protocol_cp2110'
19674 INFO: Analyzing hidden import 'serial.urlhandler.protocol_hwgrep'
19677 INFO: Analyzing hidden import 'serial.urlhandler.protocol_loop'
19687 INFO: Analyzing hidden import 'serial.urlhandler.protocol_rfc2217'
19687 INFO: Analyzing hidden import 'serial.urlhandler.protocol_socket'
19698 INFO: Analyzing hidden import 'serial.urlhandler.protocol_spy'
19708 INFO: Processing module hooks (post-graph stage)...
20111 INFO: Processing pre-safe-import-module hook 'hook-tomli.py' from 'D:\\a\\Atlantic-Software\\Atlantic-Software\\GymSoft_ZTATTUZ_3.6.1_x64\\.venv\\Lib\\site-packages\\PyInstaller\\hooks\\pre_safe_import_module'
20111 INFO: Setuptools: 'tomli' appears to be a setuptools-vendored copy - creating alias to 'setuptools._vendor.tomli'!
20118 INFO: Processing standard module hook 'hook-setuptools.py' from 'D:\\a\\Atlantic-Software\\Atlantic-Software\\GymSoft_ZTATTUZ_3.6.1_x64\\.venv\\Lib\\site-packages\\PyInstaller\\hooks'
20133 INFO: Processing pre-safe-import-module hook 'hook-distutils.py' from 'D:\\a\\Atlantic-Software\\Atlantic-Software\\GymSoft_ZTATTUZ_3.6.1_x64\\.venv\\Lib\\site-packages\\PyInstaller\\hooks\\pre_safe_import_module'
20164 INFO: Processing pre-safe-import-module hook 'hook-jaraco.py' from 'D:\\a\\Atlantic-Software\\Atlantic-Software\\GymSoft_ZTATTUZ_3.6.1_x64\\.venv\\Lib\\site-packages\\PyInstaller\\hooks\\pre_safe_import_module'
20164 INFO: Setuptools: 'jaraco' appears to be a full setuptools-vendored copy - creating alias to 'setuptools._vendor.jaraco'!
20175 INFO: Processing pre-safe-import-module hook 'hook-more_itertools.py' from 'D:\\a\\Atlantic-Software\\Atlantic-Software\\GymSoft_ZTATTUZ_3.6.1_x64\\.venv\\Lib\\site-packages\\PyInstaller\\hooks\\pre_safe_import_module'
20176 INFO: Setuptools: 'more_itertools' appears to be a setuptools-vendored copy - creating alias to 'setuptools._vendor.more_itertools'!
20332 INFO: Processing standard module hook 'hook-_osx_support.py' from 'D:\\a\\Atlantic-Software\\Atlantic-Software\\GymSoft_ZTATTUZ_3.6.1_x64\\.venv\\Lib\\site-packages\\PyInstaller\\hooks'
20622 INFO: Processing standard module hook 'hook-setuptools._vendor.jaraco.text.py' from 'D:\\a\\Atlantic-Software\\Atlantic-Software\\GymSoft_ZTATTUZ_3.6.1_x64\\.venv\\Lib\\site-packages\\PyInstaller\\hooks'
20623 INFO: Processing pre-safe-import-module hook 'hook-importlib_resources.py' from 'D:\\a\\Atlantic-Software\\Atlantic-Software\\GymSoft_ZTATTUZ_3.6.1_x64\\.venv\\Lib\\site-packages\\PyInstaller\\hooks\\pre_safe_import_module'
20632 INFO: Processing pre-safe-import-module hook 'hook-backports.py' from 'D:\\a\\Atlantic-Software\\Atlantic-Software\\GymSoft_ZTATTUZ_3.6.1_x64\\.venv\\Lib\\site-packages\\PyInstaller\\hooks\\pre_safe_import_module'
20632 INFO: Setuptools: 'backports' appears to be a full setuptools-vendored copy - creating alias to 'setuptools._vendor.backports'!
21710 INFO: Processing pre-safe-import-module hook 'hook-wheel.py' from 'D:\\a\\Atlantic-Software\\Atlantic-Software\\GymSoft_ZTATTUZ_3.6.1_x64\\.venv\\Lib\\site-packages\\PyInstaller\\hooks\\pre_safe_import_module'
21710 INFO: Setuptools: 'wheel' appears to be a setuptools-vendored copy - creating alias to 'setuptools._vendor.wheel'!
21851 INFO: Processing standard module hook 'hook-tzdata.py' from 'D:\\a\\Atlantic-Software\\Atlantic-Software\\GymSoft_ZTATTUZ_3.6.1_x64\\.venv\\Lib\\site-packages\\_pyinstaller_hooks_contrib\\stdhooks'
22711 INFO: Processing standard module hook 'hook-PIL.SpiderImagePlugin.py' from 'D:\\a\\Atlantic-Software\\Atlantic-Software\\GymSoft_ZTATTUZ_3.6.1_x64\\.venv\\Lib\\site-packages\\PyInstaller\\hooks'
23444 INFO: Processing standard module hook 'hook-_tkinter.py' from 'D:\\a\\Atlantic-Software\\Atlantic-Software\\GymSoft_ZTATTUZ_3.6.1_x64\\.venv\\Lib\\site-packages\\PyInstaller\\hooks'
23464 INFO: Performing binary vs. data reclassification (788 entries)
23494 INFO: Looking for ctypes DLLs
23552 WARNING: Ignoring /System/Library/Frameworks/CoreFoundation.framework/CoreFoundation imported from D:\a\Atlantic-Software\Atlantic-Software\GymSoft_ZTATTUZ_3.6.1_x64\.venv\Lib\site-packages\serial\tools\list_ports_osx.py - only basenames are supported with ctypes imports!
23552 WARNING: Ignoring /System/Library/Frameworks/IOKit.framework/IOKit imported from D:\a\Atlantic-Software\Atlantic-Software\GymSoft_ZTATTUZ_3.6.1_x64\.venv\Lib\site-packages\serial\tools\list_ports_osx.py - only basenames are supported with ctypes imports!
23586 INFO: Analyzing run-time hooks ...
23591 INFO: Including run-time hook 'pyi_rth_inspect.py' from 'D:\\a\\Atlantic-Software\\Atlantic-Software\\GymSoft_ZTATTUZ_3.6.1_x64\\.venv\\Lib\\site-packages\\PyInstaller\\hooks\\rthooks'
23594 INFO: Including run-time hook 'pyi_rth_pkgutil.py' from 'D:\\a\\Atlantic-Software\\Atlantic-Software\\GymSoft_ZTATTUZ_3.6.1_x64\\.venv\\Lib\\site-packages\\PyInstaller\\hooks\\rthooks'
23596 INFO: Including run-time hook 'pyi_rth_multiprocessing.py' from 'D:\\a\\Atlantic-Software\\Atlantic-Software\\GymSoft_ZTATTUZ_3.6.1_x64\\.venv\\Lib\\site-packages\\PyInstaller\\hooks\\rthooks'
23599 INFO: Including run-time hook 'pyi_rth_setuptools.py' from 'D:\\a\\Atlantic-Software\\Atlantic-Software\\GymSoft_ZTATTUZ_3.6.1_x64\\.venv\\Lib\\site-packages\\PyInstaller\\hooks\\rthooks'
23600 INFO: Including run-time hook 'pyi_rth_cryptography_openssl.py' from 'D:\\a\\Atlantic-Software\\Atlantic-Software\\GymSoft_ZTATTUZ_3.6.1_x64\\.venv\\Lib\\site-packages\\_pyinstaller_hooks_contrib\\rthooks'
23601 INFO: Including run-time hook 'pyi_rth__tkinter.py' from 'D:\\a\\Atlantic-Software\\Atlantic-Software\\GymSoft_ZTATTUZ_3.6.1_x64\\.venv\\Lib\\site-packages\\PyInstaller\\hooks\\rthooks'
23627 INFO: Creating base_library.zip...
23644 INFO: Looking for dynamic libraries
24403 INFO: Extra DLL search directories (AddDllDirectory): []
24403 INFO: Extra DLL search directories (PATH): []
24976 INFO: Warnings written to D:\a\Atlantic-Software\Atlantic-Software\GymSoft_ZTATTUZ_3.6.1_x64\salida\validacion\paquete-tecnico\ejecuciones\20261009T225054Z-2892\build\work\ZTATTUZ Recepcion\warn-ZTATTUZ Recepcion.txt
25062 INFO: Graph cross-reference written to D:\a\Atlantic-Software\Atlantic-Software\GymSoft_ZTATTUZ_3.6.1_x64\salida\validacion\paquete-tecnico\ejecuciones\20261009T225054Z-2892\build\work\ZTATTUZ Recepcion\xref-ZTATTUZ Recepcion.html
25122 INFO: checking PYZ
25122 INFO: Building PYZ because PYZ-00.toc is non existent
25122 INFO: Building PYZ (ZlibArchive) D:\a\Atlantic-Software\Atlantic-Software\GymSoft_ZTATTUZ_3.6.1_x64\salida\validacion\paquete-tecnico\ejecuciones\20261009T225054Z-2892\build\work\ZTATTUZ Recepcion\PYZ-00.pyz
25724 INFO: Building PYZ (ZlibArchive) D:\a\Atlantic-Software\Atlantic-Software\GymSoft_ZTATTUZ_3.6.1_x64\salida\validacion\paquete-tecnico\ejecuciones\20261009T225054Z-2892\build\work\ZTATTUZ Recepcion\PYZ-00.pyz completed successfully.
25746 INFO: checking PKG
25746 INFO: Building PKG because PKG-00.toc is non existent
25746 INFO: Building PKG (CArchive) ZTATTUZ Recepcion.pkg
25789 INFO: Building PKG (CArchive) ZTATTUZ Recepcion.pkg completed successfully.
25790 INFO: Bootloader D:\a\Atlantic-Software\Atlantic-Software\GymSoft_ZTATTUZ_3.6.1_x64\.venv\Lib\site-packages\PyInstaller\bootloader\Windows-64bit-intel\runw.exe
25790 INFO: checking EXE
25790 INFO: Building EXE because EXE-00.toc is non existent
25790 INFO: Building EXE from EXE-00.toc
25790 INFO: Copying bootloader EXE to D:\a\Atlantic-Software\Atlantic-Software\GymSoft_ZTATTUZ_3.6.1_x64\salida\validacion\paquete-tecnico\ejecuciones\20261009T225054Z-2892\build\work\ZTATTUZ Recepcion\ZTATTUZ Recepcion.exe
25792 INFO: Copying icon to EXE
25793 INFO: Copying version information to EXE
25795 INFO: Copying 0 resources to EXE
25796 INFO: Embedding manifest in EXE
25797 INFO: Appending PKG archive to EXE
25801 INFO: Fixing EXE headers
25895 INFO: Building EXE from EXE-00.toc completed successfully.
25901 INFO: checking COLLECT
25901 INFO: Building COLLECT because COLLECT-00.toc is non existent
25901 INFO: Building COLLECT COLLECT-00.toc
26223 INFO: Building COLLECT COLLECT-00.toc completed successfully.
26238 INFO: Build complete! The results are available in: D:\a\Atlantic-Software\Atlantic-Software\GymSoft_ZTATTUZ_3.6.1_x64\salida\validacion\paquete-tecnico\ejecuciones\20261009T225054Z-2892\dist
