["D:\\a\\Atlantic-Software\\Atlantic-Software\\GymSoft_ZTATTUZ_3.6.1_x86\\.venv\\Scripts\\python.exe", "-m", "PyInstaller", "--noconfirm", "--clean", "--windowed", "--onedir", "--name", "ZTATTUZ Admin", "--icon", "D:\\a\\Atlantic-Software\\Atlantic-Software\\GymSoft_ZTATTUZ_3.6.1_x86\\icono.ico", "--version-file", "D:\\a\\Atlantic-Software\\Atlantic-Software\\GymSoft_ZTATTUZ_3.6.1_x86\\salida\\validacion\\paquete-tecnico\\ejecuciones\\20261009T032125Z-4448\\build\\ZTATTUZ Admin_version.txt", "--paths", "D:\\a\\Atlantic-Software\\Atlantic-Software\\GymSoft_ZTATTUZ_3.6.1_x86", "--workpath", "D:\\a\\Atlantic-Software\\Atlantic-Software\\GymSoft_ZTATTUZ_3.6.1_x86\\salida\\validacion\\paquete-tecnico\\ejecuciones\\20261009T032125Z-4448\\build\\work", "--specpath", "D:\\a\\Atlantic-Software\\Atlantic-Software\\GymSoft_ZTATTUZ_3.6.1_x86\\salida\\validacion\\paquete-tecnico\\ejecuciones\\20261009T032125Z-4448\\build\\spec", "--distpath", "D:\\a\\Atlantic-Software\\Atlantic-Software\\GymSoft_ZTATTUZ_3.6.1_x86\\salida\\validacion\\paquete-tecnico\\ejecuciones\\20261009T032125Z-4448\\dist", "--add-data", "D:\\a\\Atlantic-Software\\Atlantic-Software\\GymSoft_ZTATTUZ_3.6.1_x86\\gymsoft_config.json;.", "--add-data", "D:\\a\\Atlantic-Software\\Atlantic-Software\\GymSoft_ZTATTUZ_3.6.1_x86\\icono.ico;.", "--add-data", "D:\\a\\Atlantic-Software\\Atlantic-Software\\GymSoft_ZTATTUZ_3.6.1_x86\\icono_recepcion.ico;.", "--hidden-import", "PIL._tkinter_finder", "--collect-all", "supabase", "--collect-all", "realtime", "--collect-all", "certifi", "--collect-all", "postgrest", "--collect-all", "supabase_auth", "--collect-all", "tzdata", "--collect-all", "serial", "D:\\a\\Atlantic-Software\\Atlantic-Software\\GymSoft_ZTATTUZ_3.6.1_x86\\app.py"]
94 INFO: PyInstaller: 6.22.2, contrib hooks: 2026.8
95 INFO: Python: 3.14.8
116 INFO: Platform: Windows-2022Server-10.0.20348-SP0
116 INFO: Python environment: D:\a\Atlantic-Software\Atlantic-Software\GymSoft_ZTATTUZ_3.6.1_x86\.venv
116 INFO: wrote D:\a\Atlantic-Software\Atlantic-Software\GymSoft_ZTATTUZ_3.6.1_x86\salida\validacion\paquete-tecnico\ejecuciones\20261009T032125Z-4448\build\spec\ZTATTUZ Admin.spec
118 INFO: Removing temporary files and cleaning cache in D:\a\Atlantic-Software\Atlantic-Software\GymSoft_ZTATTUZ_3.6.1_x86\salida\validacion\paquete-tecnico\ejecuciones\20261009T032125Z-4448\cache-pyinstaller\pyinstaller
2756 INFO: Module search paths (PYTHONPATH):
['D:\\a\\Atlantic-Software\\Atlantic-Software\\GymSoft_ZTATTUZ_3.6.1_x86',
 'C:\\hostedtoolcache\\windows\\Python\\3.14.8\\x86\\python314.zip',
 'C:\\hostedtoolcache\\windows\\Python\\3.14.8\\x86\\DLLs',
 'C:\\hostedtoolcache\\windows\\Python\\3.14.8\\x86\\Lib',
 'C:\\hostedtoolcache\\windows\\Python\\3.14.8\\x86',
 'D:\\a\\Atlantic-Software\\Atlantic-Software\\GymSoft_ZTATTUZ_3.6.1_x86\\.venv',
 'D:\\a\\Atlantic-Software\\Atlantic-Software\\GymSoft_ZTATTUZ_3.6.1_x86\\.venv\\Lib\\site-packages',
 'D:\\a\\Atlantic-Software\\Atlantic-Software\\GymSoft_ZTATTUZ_3.6.1_x86']
2944 INFO: Appending 'datas' from .spec
2967 INFO: checking Analysis
2967 INFO: Building Analysis because Analysis-00.toc is non existent
2967 INFO: Looking for Python shared library...
2967 INFO: Using Python shared library: C:\hostedtoolcache\windows\Python\3.14.8\x86\python314.dll
2967 INFO: Running Analysis Analysis-00.toc
2967 INFO: Target bytecode optimization level: 0
2967 INFO: Initializing module dependency graph...
2968 INFO: Initializing module graph hook caches...
2978 INFO: Analyzing modules for base_library.zip ...
4204 INFO: Processing standard module hook 'hook-encodings.py' from 'D:\\a\\Atlantic-Software\\Atlantic-Software\\GymSoft_ZTATTUZ_3.6.1_x86\\.venv\\Lib\\site-packages\\PyInstaller\\hooks'
4591 INFO: Processing standard module hook 'hook-pickle.py' from 'D:\\a\\Atlantic-Software\\Atlantic-Software\\GymSoft_ZTATTUZ_3.6.1_x86\\.venv\\Lib\\site-packages\\PyInstaller\\hooks'
4814 INFO: Processing standard module hook 'hook-math.py' from 'D:\\a\\Atlantic-Software\\Atlantic-Software\\GymSoft_ZTATTUZ_3.6.1_x86\\.venv\\Lib\\site-packages\\PyInstaller\\hooks'
4939 INFO: Processing standard module hook 'hook-difflib.py' from 'D:\\a\\Atlantic-Software\\Atlantic-Software\\GymSoft_ZTATTUZ_3.6.1_x86\\.venv\\Lib\\site-packages\\PyInstaller\\hooks'
4951 INFO: Processing standard module hook 'hook-heapq.py' from 'D:\\a\\Atlantic-Software\\Atlantic-Software\\GymSoft_ZTATTUZ_3.6.1_x86\\.venv\\Lib\\site-packages\\PyInstaller\\hooks'
7358 INFO: Caching module dependency graph...
7388 INFO: Analyzing D:\a\Atlantic-Software\Atlantic-Software\GymSoft_ZTATTUZ_3.6.1_x86\app.py
7660 INFO: Processing standard module hook 'hook-zoneinfo.py' from 'D:\\a\\Atlantic-Software\\Atlantic-Software\\GymSoft_ZTATTUZ_3.6.1_x86\\.venv\\Lib\\site-packages\\_pyinstaller_hooks_contrib\\stdhooks'
7698 INFO: Processing standard module hook 'hook-sysconfig.py' from 'D:\\a\\Atlantic-Software\\Atlantic-Software\\GymSoft_ZTATTUZ_3.6.1_x86\\.venv\\Lib\\site-packages\\PyInstaller\\hooks'
7755 INFO: Processing standard module hook 'hook-_ctypes.py' from 'D:\\a\\Atlantic-Software\\Atlantic-Software\\GymSoft_ZTATTUZ_3.6.1_x86\\.venv\\Lib\\site-packages\\PyInstaller\\hooks'
7760 INFO: Processing standard module hook 'hook-sqlite3.py' from 'D:\\a\\Atlantic-Software\\Atlantic-Software\\GymSoft_ZTATTUZ_3.6.1_x86\\.venv\\Lib\\site-packages\\PyInstaller\\hooks'
7960 INFO: Processing pre-find-module-path hook 'hook-tkinter.py' from 'D:\\a\\Atlantic-Software\\Atlantic-Software\\GymSoft_ZTATTUZ_3.6.1_x86\\.venv\\Lib\\site-packages\\PyInstaller\\hooks\\pre_find_module_path'
7960 INFO: TclTkInfo: initializing cached Tcl/Tk info...
8341 INFO: Processing standard module hook 'hook-_tkinter.py' from 'D:\\a\\Atlantic-Software\\Atlantic-Software\\GymSoft_ZTATTUZ_3.6.1_x86\\.venv\\Lib\\site-packages\\PyInstaller\\hooks'
8499 INFO: Processing standard module hook 'hook-PIL.py' from 'D:\\a\\Atlantic-Software\\Atlantic-Software\\GymSoft_ZTATTUZ_3.6.1_x86\\.venv\\Lib\\site-packages\\PyInstaller\\hooks'
8614 INFO: Processing standard module hook 'hook-PIL.Image.py' from 'D:\\a\\Atlantic-Software\\Atlantic-Software\\GymSoft_ZTATTUZ_3.6.1_x86\\.venv\\Lib\\site-packages\\PyInstaller\\hooks'
8902 INFO: Processing standard module hook 'hook-xml.py' from 'D:\\a\\Atlantic-Software\\Atlantic-Software\\GymSoft_ZTATTUZ_3.6.1_x86\\.venv\\Lib\\site-packages\\PyInstaller\\hooks'
8923 INFO: Processing standard module hook 'hook-xml.etree.cElementTree.py' from 'D:\\a\\Atlantic-Software\\Atlantic-Software\\GymSoft_ZTATTUZ_3.6.1_x86\\.venv\\Lib\\site-packages\\PyInstaller\\hooks'
9121 INFO: Processing standard module hook 'hook-PIL.ImageFilter.py' from 'D:\\a\\Atlantic-Software\\Atlantic-Software\\GymSoft_ZTATTUZ_3.6.1_x86\\.venv\\Lib\\site-packages\\PyInstaller\\hooks'
9612 INFO: Processing standard module hook 'hook-platform.py' from 'D:\\a\\Atlantic-Software\\Atlantic-Software\\GymSoft_ZTATTUZ_3.6.1_x86\\.venv\\Lib\\site-packages\\PyInstaller\\hooks'
9687 INFO: Processing standard module hook 'hook-webbrowser.py' from 'D:\\a\\Atlantic-Software\\Atlantic-Software\\GymSoft_ZTATTUZ_3.6.1_x86\\.venv\\Lib\\site-packages\\PyInstaller\\hooks'
10272 INFO: Processing standard module hook 'hook-certifi.py' from 'D:\\a\\Atlantic-Software\\Atlantic-Software\\GymSoft_ZTATTUZ_3.6.1_x86\\.venv\\Lib\\site-packages\\_pyinstaller_hooks_contrib\\stdhooks'
10455 INFO: Processing standard module hook 'hook-multiprocessing.util.py' from 'D:\\a\\Atlantic-Software\\Atlantic-Software\\GymSoft_ZTATTUZ_3.6.1_x86\\.venv\\Lib\\site-packages\\PyInstaller\\hooks'
11288 INFO: Processing standard module hook 'hook-anyio.py' from 'D:\\a\\Atlantic-Software\\Atlantic-Software\\GymSoft_ZTATTUZ_3.6.1_x86\\.venv\\Lib\\site-packages\\_pyinstaller_hooks_contrib\\stdhooks'
11559 INFO: Processing pre-safe-import-module hook 'hook-typing_extensions.py' from 'D:\\a\\Atlantic-Software\\Atlantic-Software\\GymSoft_ZTATTUZ_3.6.1_x86\\.venv\\Lib\\site-packages\\PyInstaller\\hooks\\pre_safe_import_module'
11559 INFO: SetuptoolsInfo: initializing cached setuptools info...
13085 INFO: Processing pre-safe-import-module hook 'hook-packaging.py' from 'D:\\a\\Atlantic-Software\\Atlantic-Software\\GymSoft_ZTATTUZ_3.6.1_x86\\.venv\\Lib\\site-packages\\PyInstaller\\hooks\\pre_safe_import_module'
13302 INFO: Processing standard module hook 'hook-pydantic.py' from 'D:\\a\\Atlantic-Software\\Atlantic-Software\\GymSoft_ZTATTUZ_3.6.1_x86\\.venv\\Lib\\site-packages\\_pyinstaller_hooks_contrib\\stdhooks'
15087 INFO: Processing standard module hook 'hook-websockets.py' from 'D:\\a\\Atlantic-Software\\Atlantic-Software\\GymSoft_ZTATTUZ_3.6.1_x86\\.venv\\Lib\\site-packages\\_pyinstaller_hooks_contrib\\stdhooks'
15788 INFO: Processing standard module hook 'hook-cryptography.py' from 'D:\\a\\Atlantic-Software\\Atlantic-Software\\GymSoft_ZTATTUZ_3.6.1_x86\\.venv\\Lib\\site-packages\\_pyinstaller_hooks_contrib\\stdhooks'
D:\a\Atlantic-Software\Atlantic-Software\GymSoft_ZTATTUZ_3.6.1_x86\.venv\Lib\site-packages\cryptography\hazmat\backends\openssl\backend.py:8: UserWarning: You are using cryptography on a 32-bit Python on a 64-bit Windows Operating System. Cryptography will be significantly faster if you switch to using a 64-bit Python.
  from cryptography.hazmat.bindings.openssl import binding
D:\a\Atlantic-Software\Atlantic-Software\GymSoft_ZTATTUZ_3.6.1_x86\.venv\Lib\site-packages\cryptography\hazmat\backends\openssl\backend.py:8: UserWarning: You are using cryptography on a 32-bit Python on a 64-bit Windows Operating System. Cryptography will be significantly faster if you switch to using a 64-bit Python.
  from cryptography.hazmat.bindings.openssl import binding
17095 INFO: hook-cryptography: cryptography does not seem to be using dynamically linked OpenSSL.
17807 INFO: Processing standard module hook 'hook-openpyxl.py' from 'D:\\a\\Atlantic-Software\\Atlantic-Software\\GymSoft_ZTATTUZ_3.6.1_x86\\.venv\\Lib\\site-packages\\_pyinstaller_hooks_contrib\\stdhooks'
18827 INFO: Analyzing hidden import 'PIL._tkinter_finder'
18828 INFO: Analyzing hidden import 'supabase.client'
18830 INFO: Analyzing hidden import 'certifi.__main__'
18831 INFO: Analyzing hidden import 'certifi.tests'
18831 INFO: Analyzing hidden import 'certifi.tests.test_certify'
18962 INFO: Analyzing hidden import 'tzdata'
18963 INFO: Analyzing hidden import 'tzdata.zoneinfo'
18963 INFO: Analyzing hidden import 'tzdata.zoneinfo.Africa'
18963 INFO: Analyzing hidden import 'tzdata.zoneinfo.America'
18964 INFO: Analyzing hidden import 'tzdata.zoneinfo.America.Argentina'
18964 INFO: Analyzing hidden import 'tzdata.zoneinfo.America.Indiana'
18964 INFO: Analyzing hidden import 'tzdata.zoneinfo.America.Kentucky'
18965 INFO: Analyzing hidden import 'tzdata.zoneinfo.America.North_Dakota'
18965 INFO: Analyzing hidden import 'tzdata.zoneinfo.Antarctica'
18965 INFO: Analyzing hidden import 'tzdata.zoneinfo.Arctic'
18965 INFO: Analyzing hidden import 'tzdata.zoneinfo.Asia'
18966 INFO: Analyzing hidden import 'tzdata.zoneinfo.Atlantic'
18966 INFO: Analyzing hidden import 'tzdata.zoneinfo.Australia'
18966 INFO: Analyzing hidden import 'tzdata.zoneinfo.Brazil'
18966 INFO: Analyzing hidden import 'tzdata.zoneinfo.Canada'
18967 INFO: Analyzing hidden import 'tzdata.zoneinfo.Chile'
18967 INFO: Analyzing hidden import 'tzdata.zoneinfo.Etc'
18967 INFO: Analyzing hidden import 'tzdata.zoneinfo.Europe'
18967 INFO: Analyzing hidden import 'tzdata.zoneinfo.Indian'
18968 INFO: Analyzing hidden import 'tzdata.zoneinfo.Mexico'
18968 INFO: Analyzing hidden import 'tzdata.zoneinfo.Pacific'
18968 INFO: Analyzing hidden import 'tzdata.zoneinfo.US'
18968 INFO: Analyzing hidden import 'serial.__main__'
19011 INFO: Analyzing hidden import 'serial.rfc2217'
19054 INFO: Analyzing hidden import 'serial.rs485'
19056 INFO: Analyzing hidden import 'serial.threaded'
19065 INFO: Analyzing hidden import 'serial.urlhandler'
19065 INFO: Analyzing hidden import 'serial.urlhandler.protocol_alt'
19067 INFO: Analyzing hidden import 'serial.urlhandler.protocol_cp2110'
19075 INFO: Analyzing hidden import 'serial.urlhandler.protocol_hwgrep'
19078 INFO: Analyzing hidden import 'serial.urlhandler.protocol_loop'
19087 INFO: Analyzing hidden import 'serial.urlhandler.protocol_rfc2217'
19087 INFO: Analyzing hidden import 'serial.urlhandler.protocol_socket'
19098 INFO: Analyzing hidden import 'serial.urlhandler.protocol_spy'
19108 INFO: Processing module hooks (post-graph stage)...
19494 INFO: Processing pre-safe-import-module hook 'hook-tomli.py' from 'D:\\a\\Atlantic-Software\\Atlantic-Software\\GymSoft_ZTATTUZ_3.6.1_x86\\.venv\\Lib\\site-packages\\PyInstaller\\hooks\\pre_safe_import_module'
19494 INFO: Setuptools: 'tomli' appears to be a setuptools-vendored copy - creating alias to 'setuptools._vendor.tomli'!
19500 INFO: Processing standard module hook 'hook-setuptools.py' from 'D:\\a\\Atlantic-Software\\Atlantic-Software\\GymSoft_ZTATTUZ_3.6.1_x86\\.venv\\Lib\\site-packages\\PyInstaller\\hooks'
19516 INFO: Processing pre-safe-import-module hook 'hook-distutils.py' from 'D:\\a\\Atlantic-Software\\Atlantic-Software\\GymSoft_ZTATTUZ_3.6.1_x86\\.venv\\Lib\\site-packages\\PyInstaller\\hooks\\pre_safe_import_module'
19545 INFO: Processing pre-safe-import-module hook 'hook-jaraco.py' from 'D:\\a\\Atlantic-Software\\Atlantic-Software\\GymSoft_ZTATTUZ_3.6.1_x86\\.venv\\Lib\\site-packages\\PyInstaller\\hooks\\pre_safe_import_module'
19545 INFO: Setuptools: 'jaraco' appears to be a full setuptools-vendored copy - creating alias to 'setuptools._vendor.jaraco'!
19556 INFO: Processing pre-safe-import-module hook 'hook-more_itertools.py' from 'D:\\a\\Atlantic-Software\\Atlantic-Software\\GymSoft_ZTATTUZ_3.6.1_x86\\.venv\\Lib\\site-packages\\PyInstaller\\hooks\\pre_safe_import_module'
19556 INFO: Setuptools: 'more_itertools' appears to be a setuptools-vendored copy - creating alias to 'setuptools._vendor.more_itertools'!
19702 INFO: Processing standard module hook 'hook-_osx_support.py' from 'D:\\a\\Atlantic-Software\\Atlantic-Software\\GymSoft_ZTATTUZ_3.6.1_x86\\.venv\\Lib\\site-packages\\PyInstaller\\hooks'
19991 INFO: Processing standard module hook 'hook-setuptools._vendor.jaraco.text.py' from 'D:\\a\\Atlantic-Software\\Atlantic-Software\\GymSoft_ZTATTUZ_3.6.1_x86\\.venv\\Lib\\site-packages\\PyInstaller\\hooks'
19992 INFO: Processing pre-safe-import-module hook 'hook-importlib_resources.py' from 'D:\\a\\Atlantic-Software\\Atlantic-Software\\GymSoft_ZTATTUZ_3.6.1_x86\\.venv\\Lib\\site-packages\\PyInstaller\\hooks\\pre_safe_import_module'
20000 INFO: Processing pre-safe-import-module hook 'hook-backports.py' from 'D:\\a\\Atlantic-Software\\Atlantic-Software\\GymSoft_ZTATTUZ_3.6.1_x86\\.venv\\Lib\\site-packages\\PyInstaller\\hooks\\pre_safe_import_module'
20000 INFO: Setuptools: 'backports' appears to be a full setuptools-vendored copy - creating alias to 'setuptools._vendor.backports'!
21049 INFO: Processing pre-safe-import-module hook 'hook-wheel.py' from 'D:\\a\\Atlantic-Software\\Atlantic-Software\\GymSoft_ZTATTUZ_3.6.1_x86\\.venv\\Lib\\site-packages\\PyInstaller\\hooks\\pre_safe_import_module'
21049 INFO: Setuptools: 'wheel' appears to be a setuptools-vendored copy - creating alias to 'setuptools._vendor.wheel'!
21188 INFO: Processing standard module hook 'hook-tzdata.py' from 'D:\\a\\Atlantic-Software\\Atlantic-Software\\GymSoft_ZTATTUZ_3.6.1_x86\\.venv\\Lib\\site-packages\\_pyinstaller_hooks_contrib\\stdhooks'
22023 INFO: Processing standard module hook 'hook-PIL.SpiderImagePlugin.py' from 'D:\\a\\Atlantic-Software\\Atlantic-Software\\GymSoft_ZTATTUZ_3.6.1_x86\\.venv\\Lib\\site-packages\\PyInstaller\\hooks'
22753 INFO: Processing standard module hook 'hook-_tkinter.py' from 'D:\\a\\Atlantic-Software\\Atlantic-Software\\GymSoft_ZTATTUZ_3.6.1_x86\\.venv\\Lib\\site-packages\\PyInstaller\\hooks'
22771 INFO: Performing binary vs. data reclassification (788 entries)
22800 INFO: Looking for ctypes DLLs
22873 WARNING: Ignoring /System/Library/Frameworks/CoreFoundation.framework/CoreFoundation imported from D:\a\Atlantic-Software\Atlantic-Software\GymSoft_ZTATTUZ_3.6.1_x86\.venv\Lib\site-packages\serial\tools\list_ports_osx.py - only basenames are supported with ctypes imports!
22874 WARNING: Ignoring /System/Library/Frameworks/IOKit.framework/IOKit imported from D:\a\Atlantic-Software\Atlantic-Software\GymSoft_ZTATTUZ_3.6.1_x86\.venv\Lib\site-packages\serial\tools\list_ports_osx.py - only basenames are supported with ctypes imports!
22904 INFO: Analyzing run-time hooks ...
22910 INFO: Including run-time hook 'pyi_rth_inspect.py' from 'D:\\a\\Atlantic-Software\\Atlantic-Software\\GymSoft_ZTATTUZ_3.6.1_x86\\.venv\\Lib\\site-packages\\PyInstaller\\hooks\\rthooks'
22912 INFO: Including run-time hook 'pyi_rth_pkgutil.py' from 'D:\\a\\Atlantic-Software\\Atlantic-Software\\GymSoft_ZTATTUZ_3.6.1_x86\\.venv\\Lib\\site-packages\\PyInstaller\\hooks\\rthooks'
22914 INFO: Including run-time hook 'pyi_rth_multiprocessing.py' from 'D:\\a\\Atlantic-Software\\Atlantic-Software\\GymSoft_ZTATTUZ_3.6.1_x86\\.venv\\Lib\\site-packages\\PyInstaller\\hooks\\rthooks'
22917 INFO: Including run-time hook 'pyi_rth_setuptools.py' from 'D:\\a\\Atlantic-Software\\Atlantic-Software\\GymSoft_ZTATTUZ_3.6.1_x86\\.venv\\Lib\\site-packages\\PyInstaller\\hooks\\rthooks'
22918 INFO: Including run-time hook 'pyi_rth_cryptography_openssl.py' from 'D:\\a\\Atlantic-Software\\Atlantic-Software\\GymSoft_ZTATTUZ_3.6.1_x86\\.venv\\Lib\\site-packages\\_pyinstaller_hooks_contrib\\rthooks'
22918 INFO: Including run-time hook 'pyi_rth__tkinter.py' from 'D:\\a\\Atlantic-Software\\Atlantic-Software\\GymSoft_ZTATTUZ_3.6.1_x86\\.venv\\Lib\\site-packages\\PyInstaller\\hooks\\rthooks'
22945 INFO: Creating base_library.zip...
22960 INFO: Looking for dynamic libraries
D:\a\Atlantic-Software\Atlantic-Software\GymSoft_ZTATTUZ_3.6.1_x86\.venv\Lib\site-packages\cryptography\hazmat\backends\openssl\backend.py:8: UserWarning: You are using cryptography on a 32-bit Python on a 64-bit Windows Operating System. Cryptography will be significantly faster if you switch to using a 64-bit Python.
  from cryptography.hazmat.bindings.openssl import binding
23614 INFO: Extra DLL search directories (AddDllDirectory): []
23614 INFO: Extra DLL search directories (PATH): []
24070 INFO: Warnings written to D:\a\Atlantic-Software\Atlantic-Software\GymSoft_ZTATTUZ_3.6.1_x86\salida\validacion\paquete-tecnico\ejecuciones\20261009T032125Z-4448\build\work\ZTATTUZ Admin\warn-ZTATTUZ Admin.txt
24156 INFO: Graph cross-reference written to D:\a\Atlantic-Software\Atlantic-Software\GymSoft_ZTATTUZ_3.6.1_x86\salida\validacion\paquete-tecnico\ejecuciones\20261009T032125Z-4448\build\work\ZTATTUZ Admin\xref-ZTATTUZ Admin.html
24216 INFO: checking PYZ
24216 INFO: Building PYZ because PYZ-00.toc is non existent
24216 INFO: Building PYZ (ZlibArchive) D:\a\Atlantic-Software\Atlantic-Software\GymSoft_ZTATTUZ_3.6.1_x86\salida\validacion\paquete-tecnico\ejecuciones\20261009T032125Z-4448\build\work\ZTATTUZ Admin\PYZ-00.pyz
24787 INFO: Building PYZ (ZlibArchive) D:\a\Atlantic-Software\Atlantic-Software\GymSoft_ZTATTUZ_3.6.1_x86\salida\validacion\paquete-tecnico\ejecuciones\20261009T032125Z-4448\build\work\ZTATTUZ Admin\PYZ-00.pyz completed successfully.
24811 INFO: checking PKG
24811 INFO: Building PKG because PKG-00.toc is non existent
24811 INFO: Building PKG (CArchive) ZTATTUZ Admin.pkg
24897 INFO: Building PKG (CArchive) ZTATTUZ Admin.pkg completed successfully.
24898 INFO: Bootloader D:\a\Atlantic-Software\Atlantic-Software\GymSoft_ZTATTUZ_3.6.1_x86\.venv\Lib\site-packages\PyInstaller\bootloader\Windows-32bit-intel\runw.exe
24898 INFO: checking EXE
24898 INFO: Building EXE because EXE-00.toc is non existent
24898 INFO: Building EXE from EXE-00.toc
24898 INFO: Copying bootloader EXE to D:\a\Atlantic-Software\Atlantic-Software\GymSoft_ZTATTUZ_3.6.1_x86\salida\validacion\paquete-tecnico\ejecuciones\20261009T032125Z-4448\build\work\ZTATTUZ Admin\ZTATTUZ Admin.exe
24900 INFO: Copying icon to EXE
24901 INFO: Copying version information to EXE
24904 INFO: Copying 0 resources to EXE
24904 INFO: Embedding manifest in EXE
24905 INFO: Appending PKG archive to EXE
24910 INFO: Fixing EXE headers
24953 INFO: Building EXE from EXE-00.toc completed successfully.
24960 INFO: checking COLLECT
24960 INFO: Building COLLECT because COLLECT-00.toc is non existent
24960 INFO: Building COLLECT COLLECT-00.toc
25195 INFO: Building COLLECT COLLECT-00.toc completed successfully.
25209 INFO: Build complete! The results are available in: D:\a\Atlantic-Software\Atlantic-Software\GymSoft_ZTATTUZ_3.6.1_x86\salida\validacion\paquete-tecnico\ejecuciones\20261009T032125Z-4448\dist
