198 INFO: PyInstaller: 6.22.2, contrib hooks: 2026.8
199 INFO: Python: 3.14.8
230 INFO: Platform: Windows-2022Server-10.0.20348-SP0
231 INFO: Python environment: D:\a\Atlantic-Software\Atlantic-Software\GymSoft_ZTATTUZ_3.6.1_x86\.venv
231 INFO: wrote build/frozen-probe\FrozenWindowsProbe.spec
235 INFO: Removing temporary files and cleaning cache in C:\Users\runneradmin\AppData\Local\pyinstaller
983 INFO: Module search paths (PYTHONPATH):
['D:\\a\\Atlantic-Software\\Atlantic-Software\\GymSoft_ZTATTUZ_3.6.1_x86',
 'C:\\hostedtoolcache\\windows\\Python\\3.14.8\\x86\\python314.zip',
 'C:\\hostedtoolcache\\windows\\Python\\3.14.8\\x86\\DLLs',
 'C:\\hostedtoolcache\\windows\\Python\\3.14.8\\x86\\Lib',
 'C:\\hostedtoolcache\\windows\\Python\\3.14.8\\x86',
 'D:\\a\\Atlantic-Software\\Atlantic-Software\\GymSoft_ZTATTUZ_3.6.1_x86\\.venv',
 'D:\\a\\Atlantic-Software\\Atlantic-Software\\GymSoft_ZTATTUZ_3.6.1_x86\\.venv\\Lib\\site-packages',
 'D:\\a\\Atlantic-Software\\Atlantic-Software\\tools',
 'D:\\a\\Atlantic-Software\\Atlantic-Software\\GymSoft_ZTATTUZ_3.6.1_x86']
1339 INFO: Appending 'datas' from .spec
1384 INFO: checking Analysis
1384 INFO: Building Analysis because Analysis-00.toc is non existent
1384 INFO: Looking for Python shared library...
1384 INFO: Using Python shared library: C:\hostedtoolcache\windows\Python\3.14.8\x86\python314.dll
1384 INFO: Running Analysis Analysis-00.toc
1384 INFO: Target bytecode optimization level: 0
1384 INFO: Initializing module dependency graph...
1387 INFO: Initializing module graph hook caches...
1419 INFO: Analyzing modules for base_library.zip ...
3767 INFO: Processing standard module hook 'hook-encodings.py' from 'D:\\a\\Atlantic-Software\\Atlantic-Software\\GymSoft_ZTATTUZ_3.6.1_x86\\.venv\\Lib\\site-packages\\PyInstaller\\hooks'
4295 INFO: Processing standard module hook 'hook-math.py' from 'D:\\a\\Atlantic-Software\\Atlantic-Software\\GymSoft_ZTATTUZ_3.6.1_x86\\.venv\\Lib\\site-packages\\PyInstaller\\hooks'
6711 INFO: Processing standard module hook 'hook-difflib.py' from 'D:\\a\\Atlantic-Software\\Atlantic-Software\\GymSoft_ZTATTUZ_3.6.1_x86\\.venv\\Lib\\site-packages\\PyInstaller\\hooks'
6736 INFO: Processing standard module hook 'hook-heapq.py' from 'D:\\a\\Atlantic-Software\\Atlantic-Software\\GymSoft_ZTATTUZ_3.6.1_x86\\.venv\\Lib\\site-packages\\PyInstaller\\hooks'
6938 INFO: Processing standard module hook 'hook-pickle.py' from 'D:\\a\\Atlantic-Software\\Atlantic-Software\\GymSoft_ZTATTUZ_3.6.1_x86\\.venv\\Lib\\site-packages\\PyInstaller\\hooks'
9941 INFO: Caching module dependency graph...
9989 INFO: Analyzing D:\a\Atlantic-Software\Atlantic-Software\tools\windows_frozen_probe.py
9999 INFO: Processing pre-find-module-path hook 'hook-tkinter.py' from 'D:\\a\\Atlantic-Software\\Atlantic-Software\\GymSoft_ZTATTUZ_3.6.1_x86\\.venv\\Lib\\site-packages\\PyInstaller\\hooks\\pre_find_module_path'
10000 INFO: TclTkInfo: initializing cached Tcl/Tk info...
11923 INFO: Processing standard module hook 'hook-_tkinter.py' from 'D:\\a\\Atlantic-Software\\Atlantic-Software\\GymSoft_ZTATTUZ_3.6.1_x86\\.venv\\Lib\\site-packages\\PyInstaller\\hooks'
11934 INFO: Processing standard module hook 'hook-zoneinfo.py' from 'D:\\a\\Atlantic-Software\\Atlantic-Software\\GymSoft_ZTATTUZ_3.6.1_x86\\.venv\\Lib\\site-packages\\_pyinstaller_hooks_contrib\\stdhooks'
11978 INFO: Processing standard module hook 'hook-sysconfig.py' from 'D:\\a\\Atlantic-Software\\Atlantic-Software\\GymSoft_ZTATTUZ_3.6.1_x86\\.venv\\Lib\\site-packages\\PyInstaller\\hooks'
12039 INFO: Processing standard module hook 'hook-certifi.py' from 'D:\\a\\Atlantic-Software\\Atlantic-Software\\GymSoft_ZTATTUZ_3.6.1_x86\\.venv\\Lib\\site-packages\\_pyinstaller_hooks_contrib\\stdhooks'
12935 INFO: Processing standard module hook 'hook-multiprocessing.util.py' from 'D:\\a\\Atlantic-Software\\Atlantic-Software\\GymSoft_ZTATTUZ_3.6.1_x86\\.venv\\Lib\\site-packages\\PyInstaller\\hooks'
13105 INFO: Processing standard module hook 'hook-xml.py' from 'D:\\a\\Atlantic-Software\\Atlantic-Software\\GymSoft_ZTATTUZ_3.6.1_x86\\.venv\\Lib\\site-packages\\PyInstaller\\hooks'
13566 INFO: Processing standard module hook 'hook-_ctypes.py' from 'D:\\a\\Atlantic-Software\\Atlantic-Software\\GymSoft_ZTATTUZ_3.6.1_x86\\.venv\\Lib\\site-packages\\PyInstaller\\hooks'
14445 INFO: Processing standard module hook 'hook-anyio.py' from 'D:\\a\\Atlantic-Software\\Atlantic-Software\\GymSoft_ZTATTUZ_3.6.1_x86\\.venv\\Lib\\site-packages\\_pyinstaller_hooks_contrib\\stdhooks'
14888 INFO: Processing pre-safe-import-module hook 'hook-typing_extensions.py' from 'D:\\a\\Atlantic-Software\\Atlantic-Software\\GymSoft_ZTATTUZ_3.6.1_x86\\.venv\\Lib\\site-packages\\PyInstaller\\hooks\\pre_safe_import_module'
14889 INFO: SetuptoolsInfo: initializing cached setuptools info...
17455 INFO: Processing standard module hook 'hook-openpyxl.py' from 'D:\\a\\Atlantic-Software\\Atlantic-Software\\GymSoft_ZTATTUZ_3.6.1_x86\\.venv\\Lib\\site-packages\\_pyinstaller_hooks_contrib\\stdhooks'
17866 INFO: Processing standard module hook 'hook-xml.etree.cElementTree.py' from 'D:\\a\\Atlantic-Software\\Atlantic-Software\\GymSoft_ZTATTUZ_3.6.1_x86\\.venv\\Lib\\site-packages\\PyInstaller\\hooks'
18492 INFO: Processing standard module hook 'hook-PIL.py' from 'D:\\a\\Atlantic-Software\\Atlantic-Software\\GymSoft_ZTATTUZ_3.6.1_x86\\.venv\\Lib\\site-packages\\PyInstaller\\hooks'
18728 INFO: Processing standard module hook 'hook-PIL.Image.py' from 'D:\\a\\Atlantic-Software\\Atlantic-Software\\GymSoft_ZTATTUZ_3.6.1_x86\\.venv\\Lib\\site-packages\\PyInstaller\\hooks'
19437 INFO: Processing standard module hook 'hook-PIL.ImageFilter.py' from 'D:\\a\\Atlantic-Software\\Atlantic-Software\\GymSoft_ZTATTUZ_3.6.1_x86\\.venv\\Lib\\site-packages\\PyInstaller\\hooks'
20709 INFO: Processing standard module hook 'hook-pydantic.py' from 'D:\\a\\Atlantic-Software\\Atlantic-Software\\GymSoft_ZTATTUZ_3.6.1_x86\\.venv\\Lib\\site-packages\\_pyinstaller_hooks_contrib\\stdhooks'
21324 INFO: Processing standard module hook 'hook-platform.py' from 'D:\\a\\Atlantic-Software\\Atlantic-Software\\GymSoft_ZTATTUZ_3.6.1_x86\\.venv\\Lib\\site-packages\\PyInstaller\\hooks'
23718 INFO: Processing standard module hook 'hook-websockets.py' from 'D:\\a\\Atlantic-Software\\Atlantic-Software\\GymSoft_ZTATTUZ_3.6.1_x86\\.venv\\Lib\\site-packages\\_pyinstaller_hooks_contrib\\stdhooks'
24479 INFO: Processing pre-safe-import-module hook 'hook-packaging.py' from 'D:\\a\\Atlantic-Software\\Atlantic-Software\\GymSoft_ZTATTUZ_3.6.1_x86\\.venv\\Lib\\site-packages\\PyInstaller\\hooks\\pre_safe_import_module'
25490 INFO: Processing standard module hook 'hook-cryptography.py' from 'D:\\a\\Atlantic-Software\\Atlantic-Software\\GymSoft_ZTATTUZ_3.6.1_x86\\.venv\\Lib\\site-packages\\_pyinstaller_hooks_contrib\\stdhooks'
D:\a\Atlantic-Software\Atlantic-Software\GymSoft_ZTATTUZ_3.6.1_x86\.venv\Lib\site-packages\cryptography\hazmat\backends\openssl\backend.py:8: UserWarning: You are using cryptography on a 32-bit Python on a 64-bit Windows Operating System. Cryptography will be significantly faster if you switch to using a 64-bit Python.
  from cryptography.hazmat.bindings.openssl import binding
D:\a\Atlantic-Software\Atlantic-Software\GymSoft_ZTATTUZ_3.6.1_x86\.venv\Lib\site-packages\cryptography\hazmat\backends\openssl\backend.py:8: UserWarning: You are using cryptography on a 32-bit Python on a 64-bit Windows Operating System. Cryptography will be significantly faster if you switch to using a 64-bit Python.
  from cryptography.hazmat.bindings.openssl import binding
26896 INFO: hook-cryptography: cryptography does not seem to be using dynamically linked OpenSSL.
28743 INFO: Processing standard module hook 'hook-sqlite3.py' from 'D:\\a\\Atlantic-Software\\Atlantic-Software\\GymSoft_ZTATTUZ_3.6.1_x86\\.venv\\Lib\\site-packages\\PyInstaller\\hooks'
29294 INFO: Processing standard module hook 'hook-webbrowser.py' from 'D:\\a\\Atlantic-Software\\Atlantic-Software\\GymSoft_ZTATTUZ_3.6.1_x86\\.venv\\Lib\\site-packages\\PyInstaller\\hooks'
30501 INFO: Analyzing hidden import 'PIL._tkinter_finder'
30502 INFO: Analyzing hidden import 'tzdata'
30504 INFO: Analyzing hidden import 'tzdata.zoneinfo'
30504 INFO: Analyzing hidden import 'tzdata.zoneinfo.Africa'
30505 INFO: Analyzing hidden import 'tzdata.zoneinfo.America'
30506 INFO: Analyzing hidden import 'tzdata.zoneinfo.America.Argentina'
30507 INFO: Analyzing hidden import 'tzdata.zoneinfo.America.Indiana'
30508 INFO: Analyzing hidden import 'tzdata.zoneinfo.America.Kentucky'
30508 INFO: Analyzing hidden import 'tzdata.zoneinfo.America.North_Dakota'
30509 INFO: Analyzing hidden import 'tzdata.zoneinfo.Antarctica'
30510 INFO: Analyzing hidden import 'tzdata.zoneinfo.Arctic'
30510 INFO: Analyzing hidden import 'tzdata.zoneinfo.Asia'
30511 INFO: Analyzing hidden import 'tzdata.zoneinfo.Atlantic'
30511 INFO: Analyzing hidden import 'tzdata.zoneinfo.Australia'
30512 INFO: Analyzing hidden import 'tzdata.zoneinfo.Brazil'
30513 INFO: Analyzing hidden import 'tzdata.zoneinfo.Canada'
30513 INFO: Analyzing hidden import 'tzdata.zoneinfo.Chile'
30514 INFO: Analyzing hidden import 'tzdata.zoneinfo.Etc'
30515 INFO: Analyzing hidden import 'tzdata.zoneinfo.Europe'
30515 INFO: Analyzing hidden import 'tzdata.zoneinfo.Indian'
30516 INFO: Analyzing hidden import 'tzdata.zoneinfo.Mexico'
30517 INFO: Analyzing hidden import 'tzdata.zoneinfo.Pacific'
30518 INFO: Analyzing hidden import 'tzdata.zoneinfo.US'
30518 INFO: Processing module hooks (post-graph stage)...
31221 INFO: Processing pre-safe-import-module hook 'hook-tomli.py' from 'D:\\a\\Atlantic-Software\\Atlantic-Software\\GymSoft_ZTATTUZ_3.6.1_x86\\.venv\\Lib\\site-packages\\PyInstaller\\hooks\\pre_safe_import_module'
31222 INFO: Setuptools: 'tomli' appears to be a setuptools-vendored copy - creating alias to 'setuptools._vendor.tomli'!
31234 INFO: Processing standard module hook 'hook-setuptools.py' from 'D:\\a\\Atlantic-Software\\Atlantic-Software\\GymSoft_ZTATTUZ_3.6.1_x86\\.venv\\Lib\\site-packages\\PyInstaller\\hooks'
31258 INFO: Processing pre-safe-import-module hook 'hook-distutils.py' from 'D:\\a\\Atlantic-Software\\Atlantic-Software\\GymSoft_ZTATTUZ_3.6.1_x86\\.venv\\Lib\\site-packages\\PyInstaller\\hooks\\pre_safe_import_module'
31310 INFO: Processing pre-safe-import-module hook 'hook-jaraco.py' from 'D:\\a\\Atlantic-Software\\Atlantic-Software\\GymSoft_ZTATTUZ_3.6.1_x86\\.venv\\Lib\\site-packages\\PyInstaller\\hooks\\pre_safe_import_module'
31310 INFO: Setuptools: 'jaraco' appears to be a full setuptools-vendored copy - creating alias to 'setuptools._vendor.jaraco'!
31330 INFO: Processing pre-safe-import-module hook 'hook-more_itertools.py' from 'D:\\a\\Atlantic-Software\\Atlantic-Software\\GymSoft_ZTATTUZ_3.6.1_x86\\.venv\\Lib\\site-packages\\PyInstaller\\hooks\\pre_safe_import_module'
31330 INFO: Setuptools: 'more_itertools' appears to be a setuptools-vendored copy - creating alias to 'setuptools._vendor.more_itertools'!
31587 INFO: Processing standard module hook 'hook-_osx_support.py' from 'D:\\a\\Atlantic-Software\\Atlantic-Software\\GymSoft_ZTATTUZ_3.6.1_x86\\.venv\\Lib\\site-packages\\PyInstaller\\hooks'
32089 INFO: Processing standard module hook 'hook-setuptools._vendor.jaraco.text.py' from 'D:\\a\\Atlantic-Software\\Atlantic-Software\\GymSoft_ZTATTUZ_3.6.1_x86\\.venv\\Lib\\site-packages\\PyInstaller\\hooks'
32091 INFO: Processing pre-safe-import-module hook 'hook-importlib_resources.py' from 'D:\\a\\Atlantic-Software\\Atlantic-Software\\GymSoft_ZTATTUZ_3.6.1_x86\\.venv\\Lib\\site-packages\\PyInstaller\\hooks\\pre_safe_import_module'
32106 INFO: Processing pre-safe-import-module hook 'hook-backports.py' from 'D:\\a\\Atlantic-Software\\Atlantic-Software\\GymSoft_ZTATTUZ_3.6.1_x86\\.venv\\Lib\\site-packages\\PyInstaller\\hooks\\pre_safe_import_module'
32107 INFO: Setuptools: 'backports' appears to be a full setuptools-vendored copy - creating alias to 'setuptools._vendor.backports'!
33894 INFO: Processing pre-safe-import-module hook 'hook-wheel.py' from 'D:\\a\\Atlantic-Software\\Atlantic-Software\\GymSoft_ZTATTUZ_3.6.1_x86\\.venv\\Lib\\site-packages\\PyInstaller\\hooks\\pre_safe_import_module'
33895 INFO: Setuptools: 'wheel' appears to be a setuptools-vendored copy - creating alias to 'setuptools._vendor.wheel'!
34158 INFO: Processing standard module hook 'hook-tzdata.py' from 'D:\\a\\Atlantic-Software\\Atlantic-Software\\GymSoft_ZTATTUZ_3.6.1_x86\\.venv\\Lib\\site-packages\\_pyinstaller_hooks_contrib\\stdhooks'
35561 INFO: Processing standard module hook 'hook-PIL.SpiderImagePlugin.py' from 'D:\\a\\Atlantic-Software\\Atlantic-Software\\GymSoft_ZTATTUZ_3.6.1_x86\\.venv\\Lib\\site-packages\\PyInstaller\\hooks'
36835 INFO: Processing standard module hook 'hook-_tkinter.py' from 'D:\\a\\Atlantic-Software\\Atlantic-Software\\GymSoft_ZTATTUZ_3.6.1_x86\\.venv\\Lib\\site-packages\\PyInstaller\\hooks'
36861 INFO: Performing binary vs. data reclassification (651 entries)
36907 INFO: Looking for ctypes DLLs
37043 WARNING: Ignoring /System/Library/Frameworks/IOKit.framework/IOKit imported from D:\a\Atlantic-Software\Atlantic-Software\GymSoft_ZTATTUZ_3.6.1_x86\.venv\Lib\site-packages\serial\tools\list_ports_osx.py - only basenames are supported with ctypes imports!
37043 WARNING: Ignoring /System/Library/Frameworks/CoreFoundation.framework/CoreFoundation imported from D:\a\Atlantic-Software\Atlantic-Software\GymSoft_ZTATTUZ_3.6.1_x86\.venv\Lib\site-packages\serial\tools\list_ports_osx.py - only basenames are supported with ctypes imports!
37112 INFO: Analyzing run-time hooks ...
37119 INFO: Including run-time hook 'pyi_rth_inspect.py' from 'D:\\a\\Atlantic-Software\\Atlantic-Software\\GymSoft_ZTATTUZ_3.6.1_x86\\.venv\\Lib\\site-packages\\PyInstaller\\hooks\\rthooks'
37123 INFO: Including run-time hook 'pyi_rth_pkgutil.py' from 'D:\\a\\Atlantic-Software\\Atlantic-Software\\GymSoft_ZTATTUZ_3.6.1_x86\\.venv\\Lib\\site-packages\\PyInstaller\\hooks\\rthooks'
37127 INFO: Including run-time hook 'pyi_rth_multiprocessing.py' from 'D:\\a\\Atlantic-Software\\Atlantic-Software\\GymSoft_ZTATTUZ_3.6.1_x86\\.venv\\Lib\\site-packages\\PyInstaller\\hooks\\rthooks'
37130 INFO: Including run-time hook 'pyi_rth_setuptools.py' from 'D:\\a\\Atlantic-Software\\Atlantic-Software\\GymSoft_ZTATTUZ_3.6.1_x86\\.venv\\Lib\\site-packages\\PyInstaller\\hooks\\rthooks'
37132 INFO: Including run-time hook 'pyi_rth_cryptography_openssl.py' from 'D:\\a\\Atlantic-Software\\Atlantic-Software\\GymSoft_ZTATTUZ_3.6.1_x86\\.venv\\Lib\\site-packages\\_pyinstaller_hooks_contrib\\rthooks'
37133 INFO: Including run-time hook 'pyi_rth__tkinter.py' from 'D:\\a\\Atlantic-Software\\Atlantic-Software\\GymSoft_ZTATTUZ_3.6.1_x86\\.venv\\Lib\\site-packages\\PyInstaller\\hooks\\rthooks'
37172 INFO: Creating base_library.zip...
37198 INFO: Looking for dynamic libraries
D:\a\Atlantic-Software\Atlantic-Software\GymSoft_ZTATTUZ_3.6.1_x86\.venv\Lib\site-packages\cryptography\hazmat\backends\openssl\backend.py:8: UserWarning: You are using cryptography on a 32-bit Python on a 64-bit Windows Operating System. Cryptography will be significantly faster if you switch to using a 64-bit Python.
  from cryptography.hazmat.bindings.openssl import binding
38356 INFO: Extra DLL search directories (AddDllDirectory): []
38356 INFO: Extra DLL search directories (PATH): []
39241 INFO: Warnings written to D:\a\Atlantic-Software\Atlantic-Software\GymSoft_ZTATTUZ_3.6.1_x86\build\frozen-probe\FrozenWindowsProbe\warn-FrozenWindowsProbe.txt
39387 INFO: Graph cross-reference written to D:\a\Atlantic-Software\Atlantic-Software\GymSoft_ZTATTUZ_3.6.1_x86\build\frozen-probe\FrozenWindowsProbe\xref-FrozenWindowsProbe.html
39481 INFO: checking PYZ
39481 INFO: Building PYZ because PYZ-00.toc is non existent
39481 INFO: Building PYZ (ZlibArchive) D:\a\Atlantic-Software\Atlantic-Software\GymSoft_ZTATTUZ_3.6.1_x86\build\frozen-probe\FrozenWindowsProbe\PYZ-00.pyz
40297 INFO: Building PYZ (ZlibArchive) D:\a\Atlantic-Software\Atlantic-Software\GymSoft_ZTATTUZ_3.6.1_x86\build\frozen-probe\FrozenWindowsProbe\PYZ-00.pyz completed successfully.
40346 INFO: checking PKG
40346 INFO: Building PKG because PKG-00.toc is non existent
40347 INFO: Building PKG (CArchive) FrozenWindowsProbe.pkg
40363 INFO: Building PKG (CArchive) FrozenWindowsProbe.pkg completed successfully.
40365 INFO: Bootloader D:\a\Atlantic-Software\Atlantic-Software\GymSoft_ZTATTUZ_3.6.1_x86\.venv\Lib\site-packages\PyInstaller\bootloader\Windows-32bit-intel\run.exe
40365 INFO: checking EXE
40365 INFO: Building EXE because EXE-00.toc is non existent
40365 INFO: Building EXE from EXE-00.toc
40365 INFO: Copying bootloader EXE to D:\a\Atlantic-Software\Atlantic-Software\GymSoft_ZTATTUZ_3.6.1_x86\build\frozen-probe\FrozenWindowsProbe\FrozenWindowsProbe.exe
40368 INFO: Copying icon to EXE
40370 INFO: Copying 0 resources to EXE
40370 INFO: Embedding manifest in EXE
40372 INFO: Appending PKG archive to EXE
40376 INFO: Fixing EXE headers
40436 INFO: Building EXE from EXE-00.toc completed successfully.
40445 INFO: checking COLLECT
40445 INFO: Building COLLECT because COLLECT-00.toc is non existent
40445 INFO: Building COLLECT COLLECT-00.toc
40783 INFO: Building COLLECT COLLECT-00.toc completed successfully.
40805 INFO: Build complete! The results are available in: D:\a\Atlantic-Software\Atlantic-Software\GymSoft_ZTATTUZ_3.6.1_x86\salida\validacion\frozen-probe
