**********************
PowerShell transcript start
Start time: 20261008235719
Username: runnervmtn0fv\runneradmin
RunAs User: runnervmtn0fv\runneradmin
Configuration Name: 
Machine: runnervmtn0fv (Microsoft Windows NT 10.0.20348.0)
Host Application: C:\Program Files\PowerShell\7\pwsh.dll -command . 'D:\a\_temp\d546fcf6-d262-4cd7-89ad-e75b245aa77a.ps1'
Process ID: 1320
PSVersion: 7.6.6
PSEdition: Core
GitCommitId: 7.6.6
OS: Microsoft Windows 10.0.20348
Platform: Win32NT
PSCompatibleVersions: 1.0, 2.0, 3.0, 4.0, 5.0, 5.1, 6.0, 7.0
PSRemotingProtocolVersion: 2.4
SerializationVersion: 1.1.0.1
WSManStackVersion: 3.0
**********************
Transcript started, output file is salida\validacion\frozen-probe.log

**********************
PowerShell transcript end
End time: 20261008235720
**********************
